MPLINK 4.22, Linker
Linker Map File - Created Sat Feb 28 15:03:51 2009

                                 Section Info
                  Section       Type    Address   Location Size(Bytes)
                ---------  ---------  ---------  ---------  ---------
               _entry_scn       code   0x000000    program   0x000006
               highVector       code   0x000008    program   0x000006
               lowhVector       code   0x000018    program   0x000006
               macaddress    romdata   0x00002a    program   0x000008
                   .cinit    romdata   0x000032    program   0x00000e
             .code_zNWK.o       code   0x000040    program   0x003686
             .code_zAPS.o       code   0x0036c6    program   0x001cae
             .code_zZDO.o       code   0x005374    program   0x001a36
    .code_zMAC_MRF24J40.o       code   0x006daa    program   0x0019ea
    .code_zPHY_MRF24J40.o       code   0x008794    program   0x0008e4
      .code_Coordinator.o       code   0x009078    program   0x000882
          .romdata_zNVM.o    romdata   0x0098fa    program   0x0004c3
             .stringtable    romdata   0x009dbd    program   0x000425
      .code_ZigbeeTasks.o       code   0x00a1e2    program   0x0003a8
             .code_zNVM.o       code   0x00a58a    program   0x000366
          .code_sralloc.o       code   0x00a8f0    program   0x0002da
                     PROG       code   0x00abca    program   0x0002cc
                   STRING       code   0x00ae96    program   0x000160
          .code_Console.o       code   0x00aff6    program   0x000148
               _cinit_scn       code   0x00b13e    program   0x00009e
       .code_SymbolTime.o       code   0x00b1dc    program   0x00009a
          .code_fxm3232.o       code   0x00b276    program   0x000070
      .romdata_myZigBee.o    romdata   0x00b2e6    program   0x00004c
 .romdata_zMAC_MRF24J40.o    romdata   0x00b332    program   0x00003c
             .code_MSPI.o       code   0x00b36e    program   0x00002c
             _startup_scn       code   0x00b39a    program   0x00001c
       .romdata_Console.o    romdata   0x00b3b6    program   0x000010
                    .code       code   0x00b3c6    program   0x00000e
           .code___init.o       code   0x00b3d4    program   0x000002
   .romdata_ZigbeeTasks.o    romdata   0x00b3d6    program   0x000000
 .romdata_zPHY_MRF24J40.o    romdata   0x00b3d6    program   0x000000
          .idata_zNVM.o_i    romdata   0x00b3d6    program   0x000002
          .idata_zNWK.o_i    romdata   0x00b3d6    program   0x000000
          .romdata_zNWK.o    romdata   0x00b3d6    program   0x000000
 .idata_zPHY_MRF24J40.o_i    romdata   0x00b3d6    program   0x000000
          .romdata_zAPS.o    romdata   0x00b3d6    program   0x000000
    .romdata_SymbolTime.o    romdata   0x00b3d6    program   0x000000
          .romdata_zZDO.o    romdata   0x00b3d6    program   0x000000
          .idata_zZDO.o_i    romdata   0x00b3d6    program   0x000000
          .romdata_MSPI.o    romdata   0x00b3d6    program   0x000000
.idata_zSecurity_MRF24J40.o_i    romdata   0x00b3d6    program   0x000000
.romdata_zSecurity_MRF24J40.o    romdata   0x00b3d6    program   0x000000
       .romdata_sralloc.o    romdata   0x00b3d6    program   0x000000
       .romdata_fxm3232.o    romdata   0x00b3d6    program   0x000000
        .romdata___init.o    romdata   0x00b3d6    program   0x000000
   .romdata_Coordinator.o    romdata   0x00b3d6    program   0x000000
         .romdata_c018i.o    romdata   0x00b3d6    program   0x000000
.code_zSecurity_MRF24J40.o       code   0x00b3d8    program   0x000000
       .idata_fxm3232.o_i    romdata   0x00b3d8    program   0x000000
        .idata___init.o_i    romdata   0x00b3d8    program   0x000000
         .idata_c018i.o_i    romdata   0x00b3d8    program   0x000000
            .code_c018i.o       code   0x00b3d8    program   0x000000
   .idata_Coordinator.o_i    romdata   0x00b3d8    program   0x000000
      .idata_myZigBee.o_i    romdata   0x00b3d8    program   0x000000
         .code_myZigBee.o       code   0x00b3d8    program   0x000000
       .idata_sralloc.o_i    romdata   0x00b3d8    program   0x000000
       .idata_Console.o_i    romdata   0x00b3d8    program   0x000000
          .idata_MSPI.o_i    romdata   0x00b3d8    program   0x000000
    .idata_SymbolTime.o_i    romdata   0x00b3d8    program   0x000000
          .idata_zAPS.o_i    romdata   0x00b3d8    program   0x000000
   .idata_ZigbeeTasks.o_i    romdata   0x00b3d8    program   0x000000
 .idata_zMAC_MRF24J40.o_i    romdata   0x00b3d8    program   0x000000
                 CONFIG1H    romdata   0x300001    program   0x000001
                 CONFIG2L    romdata   0x300002    program   0x000001
                 CONFIG2H    romdata   0x300003    program   0x000001
                 CONFIG3H    romdata   0x300005    program   0x000001
                 CONFIG4L    romdata   0x300006    program   0x000001
                MATH_DATA      udata   0x000000       data   0x000014
                 .tmpdata      udata   0x000014       data   0x000010
              HighISR_tmp      udata   0x000024       data   0x000004
   .udata_zMAC_MRF24J40.o      udata   0x000080       data   0x000079
            .udata_zZDO.o      udata   0x0000f9       data   0x000006
          .udata___init.o      udata   0x0000ff       data   0x000000
         .idata_fxm3232.o      idata   0x0000ff       data   0x000000
         .udata_fxm3232.o      udata   0x0000ff       data   0x000000
.idata_zSecurity_MRF24J40.o      idata   0x0000ff       data   0x000000
.udata_zSecurity_MRF24J40.o      udata   0x0000ff       data   0x000000
          .idata___init.o      idata   0x0000ff       data   0x000000
   .idata_zPHY_MRF24J40.o      idata   0x0000ff       data   0x000000
            .idata_zNWK.o      idata   0x0000ff       data   0x000000
   .idata_zMAC_MRF24J40.o      idata   0x0000ff       data   0x000000
     .idata_ZigbeeTasks.o      idata   0x0000ff       data   0x000000
            .idata_zAPS.o      idata   0x0000ff       data   0x000000
      .idata_SymbolTime.o      idata   0x0000ff       data   0x000000
            .idata_zZDO.o      idata   0x0000ff       data   0x000000
           .idata_c018i.o      idata   0x0000ff       data   0x000000
            .idata_MSPI.o      idata   0x0000ff       data   0x000000
     .idata_Coordinator.o      idata   0x0000ff       data   0x000000
            .udata_MSPI.o      udata   0x0000ff       data   0x000000
        .udata_myZigBee.o      udata   0x0000ff       data   0x000000
         .idata_Console.o      idata   0x0000ff       data   0x000000
         .udata_Console.o      udata   0x0000ff       data   0x000000
        .idata_myZigBee.o      idata   0x0000ff       data   0x000000
         .udata_sralloc.o      udata   0x0000ff       data   0x000000
         .idata_sralloc.o      idata   0x0000ff       data   0x000000
            MultiBankHeap      udata   0x000100       data   0x000800
                   .stack      udata   0x000900       data   0x000100
                RX_BUFFER      udata   0x000a00       data   0x000100
            .udata_zAPS.o      udata   0x000b00       data   0x000033
     .udata_ZigbeeTasks.o      udata   0x000e00       data   0x0000aa
            .udata_zNVM.o      udata   0x000eaa       data   0x000038
   .udata_zPHY_MRF24J40.o      udata   0x000ee2       data   0x00000f
      .udata_SymbolTime.o      udata   0x000ef1       data   0x000002
            .udata_zNWK.o      udata   0x000f00       data   0x000063
           .udata_c018i.o      udata   0x000f63       data   0x00000a
     .udata_Coordinator.o      udata   0x000f6d       data   0x000004
            .idata_zNVM.o      idata   0x000f71       data   0x000002
            SFR_UNBANKED0      udata   0x000f80       data   0x000080



                              Program Memory Usage 
                               Start         End      
                           ---------   ---------      
                            0x000000    0x000005      
                            0x000008    0x00000d      
                            0x000018    0x00001d      
                            0x00002a    0x00b3d7      
                            0x300001    0x300003      
                            0x300005    0x300006      
            46021 out of 66584 program addresses used, program memory utilization is 69%



                              Symbols - Sorted by Name
                     Name    Address   Location    Storage File                     
                ---------  ---------  ---------  --------- ---------                
        APSAddBindingInfo   0x0045e8    program     extern C:\MPZBee\ZigbeeStack\zAPS.c
  APSClearAPSAddressTable   0x004800    program     extern C:\MPZBee\ZigbeeStack\zAPS.c
       APSFromLongToShort   0x004c06    program     extern C:\MPZBee\ZigbeeStack\zAPS.c
       APSFromShortToLong   0x004baa    program     extern C:\MPZBee\ZigbeeStack\zAPS.c
                   APSGet   0x00482e    program     extern C:\MPZBee\ZigbeeStack\zAPS.c
    APSHasBackgroundTasks   0x0036c6    program     extern C:\MPZBee\ZigbeeStack\zAPS.c
                  APSInit   0x0036d2    program     extern C:\MPZBee\ZigbeeStack\zAPS.c
     APSRemoveBindingInfo   0x00484a    program     extern C:\MPZBee\ZigbeeStack\zAPS.c
        APSSaveAPSAddress   0x004974    program     extern C:\MPZBee\ZigbeeStack\zAPS.c
                 APSTasks   0x0037f8    program     extern C:\MPZBee\ZigbeeStack\zAPS.c
             AddChildNode   0x001d7a    program     extern C:\MPZBee\ZigbeeStack\zNWK.c
          CanAddChildNode   0x001e56    program     extern C:\MPZBee\ZigbeeStack\zNWK.c
       CanAddNeighborNode   0x001e90    program     extern C:\MPZBee\ZigbeeStack\zNWK.c
           CharacterArray   0x00b3b6    program     extern C:\MPZBee\Common\Console.c
                 ClearNVM   0x00a830    program     extern C:\MPZBee\ZigbeeStack\zNVM.c
Config_NWK_Mode_and_Params   0x00b328    program     extern C:\baba_eletronica\software\exemplos\democoordinator\myZigBee.c
   Config_Node_Descriptor   0x00b2e6    program     extern C:\baba_eletronica\software\exemplos\democoordinator\myZigBee.c
  Config_Power_Descriptor   0x00b2ee    program     extern C:\baba_eletronica\software\exemplos\democoordinator\myZigBee.c
Config_Simple_Descriptors   0x00b2f0    program     extern C:\baba_eletronica\software\exemplos\democoordinator\myZigBee.c
               ConsoleGet   0x00b0d2    program     extern C:\MPZBee\Common\Console.c
         ConsoleGetString   0x00b040    program     extern C:\MPZBee\Common\Console.c
              ConsoleInit   0x00aff6    program     extern C:\MPZBee\Common\Console.c
               ConsolePut   0x00b0a0    program     extern C:\MPZBee\Common\Console.c
      ConsolePutROMString   0x00b00e    program     extern C:\MPZBee\Common\Console.c
         ConsolePutString   0x00b0ae    program     extern C:\MPZBee\Common\Console.c
             CreateNewBTR   0x001ee2    program     extern C:\MPZBee\ZigbeeStack\zNWK.c
         CreateRouteReply   0x001fa6    program     extern C:\MPZBee\ZigbeeStack\zNWK.c
CreateRoutingTableEntries   0x002030    program     extern C:\MPZBee\ZigbeeStack\zNWK.c
      DoneReceivingPacket   0x008fc4    program     static                          
                 FLO3232S   0x00abce    program     extern C:\MCC18\src\traditional\math\cast32FP.asm
                 FLO3232U   0x00abca    program     extern C:\MCC18\src\traditional\math\cast32FP.asm
                 FXM1616U   0x00ac00    program     extern C:\MCC18\src\traditional\math\fxm1616u.asm
                 FXM2424U   0x00ac3c    program     extern C:\MCC18\src\traditional\math\fxm2424u.asm
                  FXM3232   0x00b276    program     extern C:\MCC18\src\traditional\math\fxm3232.c
   FinishAddressResponses   0x005d1e    program     extern C:\MPZBee\ZigbeeStack\zZDO.C
              GetCSkipVal   0x002104    program     extern C:\MPZBee\ZigbeeStack\zNWK.c
               GetNextHop   0x002168    program     extern C:\MPZBee\ZigbeeStack\zNWK.c
GetOneEndDeviceBindRequest   0x005e70    program     extern C:\MPZBee\ZigbeeStack\zZDO.C
        GetRoutingAddress   0x0021de    program     extern C:\MPZBee\ZigbeeStack\zNWK.c
             HardwareInit   0x0098a8    program     extern C:\baba_eletronica\software\exemplos\democoordinator\Coordinator.c
      HaveRoutingCapacity   0x002274    program     extern C:\MPZBee\ZigbeeStack\zNWK.c
                  HighISR   0x008c46    program     extern C:\MPZBee\ZigbeeStack\zPHY_MRF24J40.c
               HighVector   0x000008    program     extern C:\MPZBee\ZigbeeStack\zPHY_MRF24J40.c
          InitSymbolTimer   0x00b1dc    program     extern C:\MPZBee\ZigbeeStack\SymbolTime.c
   InitiateRouteDiscovery   0x00234a    program     extern C:\MPZBee\ZigbeeStack\zNWK.c
             IsDescendant   0x002708    program     extern C:\MPZBee\ZigbeeStack\zNWK.c
        IsThisMyShortAddr   0x005e20    program     extern C:\MPZBee\ZigbeeStack\zZDO.C
         LookupAPSAddress   0x004938    program     extern C:\MPZBee\ZigbeeStack\zAPS.c
     LookupAPSLongAddress   0x0049ce    program     extern C:\MPZBee\ZigbeeStack\zAPS.c
  LookupSourceBindingInfo   0x004a06    program     extern C:\MPZBee\ZigbeeStack\zAPS.c
                LowVector   0x000018    program     extern C:\MPZBee\ZigbeeStack\zPHY_MRF24J40.c
               MACDisable   0x006de4    program     extern C:\MPZBee\ZigbeeStack\zMAC_MRF24J40.c
             MACDiscardRx   0x006dcc    program     extern C:\MPZBee\ZigbeeStack\zMAC_MRF24J40.c
                MACEnable   0x006df0    program     extern C:\MPZBee\ZigbeeStack\zMAC_MRF24J40.c
                   MACGet   0x006db6    program     extern C:\MPZBee\ZigbeeStack\zMAC_MRF24J40.c
    MACHasBackgroundTasks   0x006daa    program     extern C:\MPZBee\ZigbeeStack\zMAC_MRF24J40.c
                  MACInit   0x006e64    program     extern C:\MPZBee\ZigbeeStack\zMAC_MRF24J40.c
                 MACTasks   0x006ea4    program     extern C:\MPZBee\ZigbeeStack\zMAC_MRF24J40.c
     MLME_SET_macPANId_hw   0x0081e6    program     extern C:\MPZBee\ZigbeeStack\zMAC_MRF24J40.c
MLME_SET_macShortAddress_hw   0x0081f6    program     extern C:\MPZBee\ZigbeeStack\zMAC_MRF24J40.c
MarkNeighborAsPasssiveACKed   0x002792    program     extern C:\MPZBee\ZigbeeStack\zNWK.c
         NLME_GET_nwkBCSN   0x0027d2    program     extern C:\MPZBee\ZigbeeStack\zNWK.c
                  NVMInit   0x00a58a    program     extern C:\MPZBee\ZigbeeStack\zNVM.c
                 NVMWrite   0x00a58c    program     extern C:\MPZBee\ZigbeeStack\zNVM.c
    NWKClearNeighborTable   0x0027e0    program     extern C:\MPZBee\ZigbeeStack\zNWK.c
     NWKClearRoutingTable   0x002814    program     extern C:\MPZBee\ZigbeeStack\zNWK.c
                   NWKGet   0x00283e    program     extern C:\MPZBee\ZigbeeStack\zNWK.c
    NWKHasBackgroundTasks   0x000040    program     extern C:\MPZBee\ZigbeeStack\zNWK.c
                  NWKInit   0x00004c    program     extern C:\MPZBee\ZigbeeStack\zNWK.c
  NWKLookupNodeByLongAddr   0x00285a    program     extern C:\MPZBee\ZigbeeStack\zNWK.c
NWKLookupNodeByShortAddrVal   0x002884    program     extern C:\MPZBee\ZigbeeStack\zNWK.c
                 NWKTasks   0x00008e    program     extern C:\MPZBee\ZigbeeStack\zNWK.c
   NWKThisIsMyLongAddress   0x0028be    program     extern C:\MPZBee\ZigbeeStack\zNWK.c
     NWKTidyNeighborTable   0x0028f2    program     extern C:\MPZBee\ZigbeeStack\zNWK.c
                   PHYGet   0x008794    program     extern C:\MPZBee\ZigbeeStack\zPHY_MRF24J40.c
        PHYGetLongRAMAddr   0x008b98    program     extern C:\MPZBee\ZigbeeStack\zPHY_MRF24J40.c
       PHYGetShortRAMAddr   0x008b42    program     extern C:\MPZBee\ZigbeeStack\zPHY_MRF24J40.c
    PHYHasBackgroundTasks   0x0087bc    program     extern C:\MPZBee\ZigbeeStack\zPHY_MRF24J40.c
                  PHYInit   0x0087c2    program     extern C:\MPZBee\ZigbeeStack\zPHY_MRF24J40.c
        PHYSetLongRAMAddr   0x008a5c    program     extern C:\MPZBee\ZigbeeStack\zPHY_MRF24J40.c
        PHYSetOutputPower   0x008c2e    program     extern C:\MPZBee\ZigbeeStack\zPHY_MRF24J40.c
       PHYSetShortRAMAddr   0x008aec    program     extern C:\MPZBee\ZigbeeStack\zPHY_MRF24J40.c
                 PHYTasks   0x008988    program     extern C:\MPZBee\ZigbeeStack\zPHY_MRF24J40.c
   PrepareMessageResponse   0x006376    program     extern C:\MPZBee\ZigbeeStack\zZDO.C
Prepare_MCPS_DATA_request   0x00292c    program     extern C:\MPZBee\ZigbeeStack\zNWK.c
                PrintChar   0x00b0de    program     extern C:\MPZBee\Common\Console.c
     ProcessBindAndUnbind   0x0063ac    program     extern C:\MPZBee\ZigbeeStack\zZDO.C
     ProcessEndDeviceBind   0x005ffe    program     extern C:\MPZBee\ZigbeeStack\zZDO.C
        RemoveAllBindings   0x004a72    program     extern C:\MPZBee\ZigbeeStack\zAPS.c
 RemoveNeighborTableEntry   0x0029a2    program     extern C:\MPZBee\ZigbeeStack\zNWK.c
      RequestedPANIDFound   0x0029c8    program     extern C:\MPZBee\ZigbeeStack\zNWK.c
           RouteAlongTree   0x002a06    program     extern C:\MPZBee\ZigbeeStack\zNWK.c
                   SPIGet   0x00b390    program     extern C:\MPZBee\Common\MSPI.c  
                   SPIPut   0x00b36e    program     extern C:\MPZBee\Common\MSPI.c  
             SRAMInitHeap   0x00aa24    program     extern C:\MPZBee\Common\sralloc.c
                SRAMalloc   0x00a8f0    program     extern C:\MPZBee\Common\sralloc.c
                 SRAMfree   0x00aa16    program     extern C:\MPZBee\Common\sralloc.c
   SendBindAddressRequest   0x006652    program     extern C:\MPZBee\ZigbeeStack\zZDO.C
         SendUpBindResult   0x0066de    program     extern C:\MPZBee\ZigbeeStack\zZDO.C
 Send_END_DEVICE_BIND_rsp   0x00629e    program     extern C:\MPZBee\ZigbeeStack\zZDO.C
         SetBeaconPayload   0x002a78    program     extern C:\MPZBee\ZigbeeStack\zNWK.c
                  TAGTB32   0x00acce    program     extern C:\MCC18\src\traditional\math\gtFP.asm
                  TickGet   0x00b1f0    program     extern C:\MPZBee\ZigbeeStack\SymbolTime.c
     UserInterruptHandler   0x0098dc    program     extern C:\baba_eletronica\software\exemplos\democoordinator\Coordinator.c
VariableAndTableInitialization   0x002ac6    program     extern C:\MPZBee\ZigbeeStack\zNWK.c
    ZDOHasBackgroundTasks   0x005374    program     extern C:\MPZBee\ZigbeeStack\zZDO.C
                  ZDOInit   0x005380    program     extern C:\MPZBee\ZigbeeStack\zZDO.C
                 ZDOTasks   0x00538e    program     extern C:\MPZBee\ZigbeeStack\zZDO.C
               ZigBeeInit   0x00a1e2    program     extern C:\MPZBee\ZigbeeStack\ZigbeeTasks.c
              ZigBeeTasks   0x00a218    program     extern C:\MPZBee\ZigbeeStack\ZigbeeTasks.c
              _2jContinue   0x00afe2    program     static C:\MCC18\src\traditional\stdclib\memset.asm
              _3jContinue   0x00af12    program     static C:\MCC18\src\traditional\stdclib\mcmpp2r.asm
              _3jContinue   0x00afae    program     static C:\MCC18\src\traditional\stdclib\mcpyp2r.asm
                   _3jEnd   0x00afec    program     static C:\MCC18\src\traditional\stdclib\memset.asm
              _4jContinue   0x00af5a    program     static C:\MCC18\src\traditional\stdclib\memcpy.asm
              _4jContinue   0x00aec2    program     static C:\MCC18\src\traditional\stdclib\memcmp.asm
                   _4jEnd   0x00afb8    program     static C:\MCC18\src\traditional\stdclib\mcpyp2r.asm
                   _4jEnd   0x00af1c    program     static C:\MCC18\src\traditional\stdclib\mcmpp2r.asm
                   _5jEnd   0x00af64    program     static C:\MCC18\src\traditional\stdclib\memcpy.asm
                   _5jEnd   0x00aecc    program     static C:\MCC18\src\traditional\stdclib\memcmp.asm
               _SRAMmerge   0x00aaaa    program     extern C:\MPZBee\Common\sralloc.c
              __FpCompare   0x00ace0    program     extern C:\MCC18\src\traditional\math\compFP.asm
                 __FpExit   0x00ad96    program     extern C:\MCC18\src\traditional\math\packFP.asm
                 __FpPack   0x00adc2    program     extern C:\MCC18\src\traditional\math\packFP.asm
            __FpReturnNaN   0x00ad8a    program     extern C:\MCC18\src\traditional\math\packFP.asm
         __FpReturnNegInf   0x00ad9c    program     extern C:\MCC18\src\traditional\math\packFP.asm
        __FpReturnNegZero   0x00adb4    program     extern C:\MCC18\src\traditional\math\packFP.asm
         __FpReturnPosInf   0x00ada2    program     extern C:\MCC18\src\traditional\math\packFP.asm
        __FpReturnPosZero   0x00adbc    program     extern C:\MCC18\src\traditional\math\packFP.asm
        __FpReturnSignInf   0x00ad98    program     extern C:\MCC18\src\traditional\math\packFP.asm
       __FpReturnSignZero   0x00adb0    program     extern C:\MCC18\src\traditional\math\packFP.asm
              __FpReturnW   0x00ae1a    program     extern C:\MCC18\src\traditional\math\packFP.asm
              __FpUnPackA   0x00ae3a    program     extern C:\MCC18\src\traditional\math\UnpackFP.asm
              __FpUnPackB   0x00ae6a    program     extern C:\MCC18\src\traditional\math\UnpackFP.asm
       ___case_0_lbl00020   0x00933c    program     static                          
       ___case_0_lbl00025   0x0093d4    program     static                          
       ___case_0_lbl00042   0x009580    program     static                          
       ___case_0_lbl00068   0x009672    program     static                          
     ___case_100_lbl00073   0x00a4c4    program     static                          
     ___case_101_lbl00086   0x00a4d4    program     static                          
     ___case_102_lbl00072   0x00a4c4    program     static                          
     ___case_103_lbl00085   0x00a4d4    program     static                          
     ___case_104_lbl00071   0x00a4c4    program     static                          
     ___case_105_lbl00084   0x00a4d4    program     static                          
     ___case_106_lbl00070   0x00a4c4    program     static                          
     ___case_107_lbl00083   0x00a4d4    program     static                          
      ___case_10_lbl00010   0x00a494    program     static                          
      ___case_11_lbl00032   0x00a4a4    program     static                          
      ___case_12_lbl00012   0x00a494    program     static                          
     ___case_132_lbl00026   0x0093fa    program     static                          
     ___case_133_lbl00027   0x00940c    program     static                          
     ___case_134_lbl00028   0x00941e    program     static                          
      ___case_13_lbl00031   0x00a4a4    program     static                          
     ___case_160_lbl00030   0x0093be    program     static                          
      ___case_16_lbl00030   0x00a4a4    program     static                          
      ___case_17_lbl00069   0x00a4b4    program     static                          
      ___case_18_lbl00068   0x00a4b4    program     static                          
      ___case_19_lbl00029   0x00a4a4    program     static                          
       ___case_1_lbl00015   0x00a494    program     static                          
      ___case_20_lbl00067   0x00a4b4    program     static                          
      ___case_21_lbl00028   0x00a4a4    program     static                          
      ___case_22_lbl00066   0x00a4b4    program     static                          
      ___case_23_lbl00027   0x00a4a4    program     static                          
     ___case_240_lbl00044   0x0095cc    program     static                          
      ___case_24_lbl00065   0x00a4b4    program     static                          
     ___case_255_lbl00043   0x0095a6    program     static                          
      ___case_25_lbl00026   0x00a4a4    program     static                          
      ___case_26_lbl00064   0x00a4b4    program     static                          
      ___case_27_lbl00063   0x00a4b4    program     static                          
      ___case_28_lbl00062   0x00a4b4    program     static                          
      ___case_29_lbl00025   0x00a4a4    program     static                          
       ___case_2_lbl00036   0x00a4a4    program     static                          
      ___case_30_lbl00061   0x00a4b4    program     static                          
      ___case_31_lbl00024   0x00a4a4    program     static                          
      ___case_32_lbl00060   0x00a4b4    program     static                          
      ___case_33_lbl00059   0x00a4b4    program     static                          
      ___case_34_lbl00058   0x00a4b4    program     static                          
      ___case_35_lbl00023   0x00a4a4    program     static                          
      ___case_36_lbl00022   0x00a4a4    program     static                          
      ___case_37_lbl00057   0x00a4b4    program     static                          
      ___case_38_lbl00021   0x00a4a4    program     static                          
      ___case_39_lbl00056   0x00a4b4    program     static                          
       ___case_3_lbl00037   0x00a4a4    program     static                          
      ___case_40_lbl00020   0x00a4a4    program     static                          
      ___case_41_lbl00055   0x00a4b4    program     static                          
      ___case_42_lbl00054   0x00a4b4    program     static                          
      ___case_43_lbl00019   0x00a4a4    program     static                          
      ___case_44_lbl00053   0x00a4b4    program     static                          
      ___case_45_lbl00018   0x00a4a4    program     static                          
      ___case_46_lbl00052   0x00a4b4    program     static                          
      ___case_47_lbl00017   0x00a4a4    program     static                          
      ___case_48_lbl00051   0x00a4b4    program     static                          
      ___case_49_lbl00016   0x00a4a4    program     static                          
       ___case_4_lbl00014   0x00a494    program     static                          
      ___case_50_lbl00050   0x00a4b4    program     static                          
      ___case_51_lbl00049   0x00a4b4    program     static                          
      ___case_52_lbl00082   0x00a4c4    program     static                          
      ___case_53_lbl00081   0x00a4c4    program     static                          
      ___case_54_lbl00109   0x00a4e4    program     static                          
      ___case_55_lbl00007   0x009176    program     static                          
      ___case_55_lbl00108   0x00a4e4    program     static                          
      ___case_56_lbl00010   0x0091ec    program     static                          
      ___case_56_lbl00107   0x00a4e4    program     static                          
      ___case_57_lbl00106   0x00a4e4    program     static                          
      ___case_58_lbl00105   0x00a4e4    program     static                          
      ___case_59_lbl00104   0x00a4e4    program     static                          
       ___case_5_lbl00033   0x00a4a4    program     static                          
      ___case_60_lbl00103   0x00a4e4    program     static                          
      ___case_61_lbl00015   0x0092be    program     static                          
      ___case_61_lbl00102   0x00a4e4    program     static                          
      ___case_62_lbl00101   0x00a4e4    program     static                          
      ___case_63_lbl00100   0x00a4e4    program     static                          
      ___case_64_lbl00099   0x00a4e4    program     static                          
      ___case_65_lbl00048   0x00a4b4    program     static                          
      ___case_66_lbl00047   0x00a4b4    program     static                          
      ___case_67_lbl00046   0x00a4b4    program     static                          
      ___case_68_lbl00045   0x00a4b4    program     static                          
      ___case_69_lbl00044   0x00a4b4    program     static                          
       ___case_6_lbl00013   0x00a494    program     static                          
      ___case_70_lbl00043   0x00a4b4    program     static                          
      ___case_71_lbl00042   0x00a4b4    program     static                          
      ___case_72_lbl00041   0x00a4b4    program     static                          
      ___case_73_lbl00040   0x00a4b4    program     static                          
      ___case_74_lbl00039   0x00a4b4    program     static                          
      ___case_75_lbl00038   0x00a4b4    program     static                          
      ___case_76_lbl00011   0x009228    program     static                          
      ___case_76_lbl00098   0x00a4e4    program     static                          
      ___case_77_lbl00014   0x009262    program     static                          
      ___case_77_lbl00097   0x00a4e4    program     static                          
      ___case_78_lbl00096   0x00a4e4    program     static                          
      ___case_79_lbl00080   0x00a4c4    program     static                          
       ___case_7_lbl00035   0x00a4a4    program     static                          
      ___case_80_lbl00018   0x0092d4    program     static                          
      ___case_80_lbl00110   0x00a4e4    program     static                          
      ___case_81_lbl00054   0x00931c    program     static                          
      ___case_81_lbl00095   0x00a4e4    program     static                          
      ___case_82_lbl00079   0x00a4c4    program     static                          
      ___case_85_lbl00078   0x00a4c4    program     static                          
      ___case_86_lbl00094   0x00a4e4    program     static                          
      ___case_89_lbl00093   0x00a4e4    program     static                          
       ___case_8_lbl00011   0x00a494    program     static                          
       ___case_8_lbl00052   0x00946e    program     static                          
      ___case_90_lbl00092   0x00a4d4    program     static                          
      ___case_91_lbl00091   0x00a4d4    program     static                          
      ___case_92_lbl00090   0x00a4d4    program     static                          
      ___case_93_lbl00089   0x00a4d4    program     static                          
      ___case_94_lbl00077   0x00a4c4    program     static                          
      ___case_95_lbl00076   0x00a4c4    program     static                          
      ___case_96_lbl00087   0x00a4d4    program     static                          
      ___case_97_lbl00075   0x00a4c4    program     static                          
      ___case_98_lbl00074   0x00a4c4    program     static                          
      ___case_99_lbl00088   0x00a4d4    program     static                          
       ___case_9_lbl00034   0x00a4a4    program     static                          
      ___default_lbl00029   0x009430    program     static                          
      ___default_lbl00031   0x009448    program     static                          
      ___default_lbl00045   0x0095f2    program     static                          
      ___default_lbl00053   0x00966a    program     static                          
      ___default_lbl00069   0x009872    program     static                          
           ___do_lbl00002   0x00a530    program     static                          
           ___do_lbl00003   0x00a538    program     static                          
           ___do_lbl00010   0x008976    program     static                          
           ___do_lbl00011   0x00897e    program     static                          
           ___do_lbl00012   0x008966    program     static                          
           ___do_lbl00117   0x00a230    program     static                          
         ___else_lbl00006   0x0091cc    program     static                          
         ___else_lbl00009   0x009208    program     static                          
         ___else_lbl00013   0x0092a8    program     static                          
         ___else_lbl00017   0x009306    program     static                          
         ___else_lbl00035   0x008ce4    program     static                          
         ___else_lbl00041   0x008d4a    program     static                          
         ___else_lbl00047   0x008dc4    program     static                          
         ___else_lbl00048   0x00965e    program     static                          
         ___else_lbl00052   0x008e92    program     static                          
         ___else_lbl00057   0x009802    program     static                          
         ___else_lbl00059   0x008efc    program     static                          
         ___else_lbl00059   0x009848    program     static                          
         ___else_lbl00061   0x0097b2    program     static                          
         ___else_lbl00062   0x008f7a    program     static                          
         ___else_lbl00064   0x009790    program     static                          
         ___else_lbl00064   0x008fb0    program     static                          
         ___else_lbl00066   0x008fba    program     static                          
         ___else_lbl00067   0x0096be    program     static                          
         ___else_lbl00116   0x00a526    program     static                          
         ___else_lbl00123   0x00a57a    program     static                          
          ___for_lbl00004   0x0087f2    program     static                          
          ___for_lbl00005   0x0087f6    program     static                          
          ___for_lbl00006   0x0087dc    program     static                          
          ___for_lbl00007   0x008810    program     static                          
          ___for_lbl00008   0x008814    program     static                          
          ___for_lbl00009   0x0087fa    program     static                          
          ___for_lbl00019   0x00a8d0    program     static                          
          ___for_lbl00020   0x00a8dc    program     static                          
          ___for_lbl00021   0x009466    program     static                          
          ___for_lbl00022   0x00946c    program     static                          
          ___for_lbl00023   0x00a846    program     static                          
          ___for_lbl00032   0x009460    program     static                          
          ___for_lbl00033   0x009466    program     static                          
          ___for_lbl00034   0x00944a    program     static                          
          ___for_lbl00035   0x009380    program     static                          
          ___for_lbl00037   0x009662    program     static                          
          ___for_lbl00038   0x009668    program     static                          
          ___for_lbl00050   0x009488    program     static                          
           ___if_lbl00001   0x009110    program     static                          
           ___if_lbl00004   0x00a246    program     static                          
           ___if_lbl00004   0x00a5fa    program     static                          
           ___if_lbl00005   0x0091ea    program     static                          
           ___if_lbl00005   0x00a25a    program     static                          
           ___if_lbl00006   0x00a26e    program     static                          
           ___if_lbl00007   0x00a282    program     static                          
           ___if_lbl00007   0x00a67a    program     static                          
           ___if_lbl00008   0x00a296    program     static                          
           ___if_lbl00008   0x00a6b4    program     static                          
           ___if_lbl00008   0x009226    program     static                          
           ___if_lbl00012   0x0092b8    program     static                          
           ___if_lbl00014   0x00a770    program     static                          
           ___if_lbl00016   0x009316    program     static                          
           ___if_lbl00017   0x00a7f4    program     static                          
           ___if_lbl00033   0x008cee    program     static                          
           ___if_lbl00034   0x008cee    program     static                          
           ___if_lbl00036   0x008cee    program     static                          
           ___if_lbl00036   0x00946c    program     static                          
           ___if_lbl00039   0x008d2a    program     static                          
           ___if_lbl00040   0x008d4e    program     static                          
           ___if_lbl00042   0x008d4e    program     static                          
           ___if_lbl00043   0x008d52    program     static                          
           ___if_lbl00044   0x008d56    program     static                          
           ___if_lbl00045   0x008da0    program     static                          
           ___if_lbl00046   0x009624    program     static                          
           ___if_lbl00046   0x008dea    program     static                          
           ___if_lbl00047   0x009662    program     static                          
           ___if_lbl00048   0x008e3c    program     static                          
           ___if_lbl00049   0x009662    program     static                          
           ___if_lbl00051   0x009668    program     static                          
           ___if_lbl00051   0x008eca    program     static                          
           ___if_lbl00053   0x008efa    program     static                          
           ___if_lbl00055   0x0096bc    program     static                          
           ___if_lbl00055   0x008f44    program     static                          
           ___if_lbl00056   0x00981a    program     static                          
           ___if_lbl00056   0x008f4c    program     static                          
           ___if_lbl00057   0x008f4c    program     static                          
           ___if_lbl00058   0x009860    program     static                          
           ___if_lbl00058   0x008f4c    program     static                          
           ___if_lbl00060   0x00986e    program     static                          
           ___if_lbl00060   0x008f6a    program     static                          
           ___if_lbl00061   0x008f8e    program     static                          
           ___if_lbl00062   0x00986e    program     static                          
           ___if_lbl00063   0x00986e    program     static                          
           ___if_lbl00063   0x008fb8    program     static                          
           ___if_lbl00065   0x009870    program     static                          
           ___if_lbl00065   0x008fc4    program     static                          
           ___if_lbl00066   0x009870    program     static                          
           ___if_lbl00067   0x008fc6    program     static                          
           ___if_lbl00068   0x008fd4    program     static                          
           ___if_lbl00069   0x008fd4    program     static                          
           ___if_lbl00070   0x008fec    program     static                          
           ___if_lbl00071   0x008fec    program     static                          
           ___if_lbl00072   0x008fec    program     static                          
           ___if_lbl00115   0x00a52e    program     static                          
           ___if_lbl00122   0x00a582    program     static                          
       ___return_lbl00000   0x009894    program     static                          
       ___return_lbl00000   0x000004    program     static                          
       ___return_lbl00000   0x00b2e4    program     static                          
       ___return_lbl00001   0x00a582    program     static                          
       ___return_lbl00001   0x00b3b4    program     static                          
       ___return_lbl00001   0x00a81c    program     static                          
       ___return_lbl00002   0x00b1da    program     static                          
       ___return_lbl00003   0x00897e    program     static                          
       ___return_lbl00018   0x00a8dc    program     static                          
       ___return_lbl00027   0x008ae4    program     static                          
       ___return_lbl00028   0x008b3a    program     static                          
       ___return_lbl00029   0x008b8e    program     static                          
       ___return_lbl00030   0x008c24    program     static                          
       ___return_lbl00032   0x008ff0    program     static                          
       ___return_lbl00073   0x00000c    program     static                          
       ___return_lbl00074   0x00001c    program     static                          
   ___switchexit_lbl00004   0x009892    program     static                          
   ___switchexit_lbl00009   0x00a530    program     static                          
   ___switchexit_lbl00019   0x00966c    program     static                          
   ___switchexit_lbl00023   0x00944a    program     static                          
   ___switchexit_lbl00024   0x009442    program     static                          
   ___switchexit_lbl00041   0x009624    program     static                          
        ___while_lbl00002   0x00a598    program     static                          
        ___while_lbl00002   0x009136    program     static                          
        ___while_lbl00003   0x009894    program     static                          
        ___while_lbl00003   0x00a81c    program     static                          
        ___while_lbl00005   0x00a628    program     static                          
        ___while_lbl00006   0x00a80a    program     static                          
        ___while_lbl00009   0x00a6da    program     static                          
        ___while_lbl00010   0x00a736    program     static                          
        ___while_lbl00012   0x00a758    program     static                          
        ___while_lbl00013   0x00a7f6    program     static                          
        ___while_lbl00015   0x00a78e    program     static                          
        ___while_lbl00016   0x00a7b6    program     static                          
        ___while_lbl00021   0x00a868    program     static                          
        ___while_lbl00022   0x00a8c4    program     static                          
        ___while_lbl00049   0x008e3c    program     static                          
        ___while_lbl00050   0x008f6c    program     static                          
                   __init   0x00b3d4    program     extern C:\MCC18\src\traditional\stdclib\__init.c
                   __pa_0   0x004c2e    program     static C:\MPZBee\ZigbeeStack\zAPS.c
                   __pa_0   0x00ab68    program     static C:\MPZBee\Common\sralloc.c
                   __pa_0   0x00b0fc    program     static C:\MPZBee\Common\Console.c
                   __pa_0   0x009054    program     static C:\MPZBee\ZigbeeStack\zPHY_MRF24J40.c
                   __pa_0   0x002b70    program     static C:\MPZBee\ZigbeeStack\zNWK.c
                   __pa_0   0x008206    program     static C:\MPZBee\ZigbeeStack\zMAC_MRF24J40.c
                   __pa_0   0x006748    program     static C:\MPZBee\ZigbeeStack\zZDO.C
                   __pa_1   0x004c32    program     static C:\MPZBee\ZigbeeStack\zAPS.c
                   __pa_1   0x00905e    program     static C:\MPZBee\ZigbeeStack\zPHY_MRF24J40.c
                   __pa_1   0x008212    program     static C:\MPZBee\ZigbeeStack\zMAC_MRF24J40.c
                   __pa_1   0x002b78    program     static C:\MPZBee\ZigbeeStack\zNWK.c
                   __pa_1   0x00674e    program     static C:\MPZBee\ZigbeeStack\zZDO.C
                   __pa_1   0x00b11c    program     static C:\MPZBee\Common\Console.c
                   __pa_1   0x00ab76    program     static C:\MPZBee\Common\sralloc.c
                  __pa_10   0x002bfa    program     static C:\MPZBee\ZigbeeStack\zNWK.c
                  __pa_10   0x0082a8    program     static C:\MPZBee\ZigbeeStack\zMAC_MRF24J40.c
                  __pa_10   0x0067da    program     static C:\MPZBee\ZigbeeStack\zZDO.C
                  __pa_10   0x004c82    program     static C:\MPZBee\ZigbeeStack\zAPS.c
                 __pa_100   0x0050e6    program     static C:\MPZBee\ZigbeeStack\zAPS.c
                 __pa_100   0x006cde    program     static C:\MPZBee\ZigbeeStack\zZDO.C
                 __pa_100   0x00306a    program     static C:\MPZBee\ZigbeeStack\zNWK.c
                 __pa_101   0x003078    program     static C:\MPZBee\ZigbeeStack\zNWK.c
                 __pa_101   0x0050f0    program     static C:\MPZBee\ZigbeeStack\zAPS.c
                 __pa_101   0x006ce6    program     static C:\MPZBee\ZigbeeStack\zZDO.C
                 __pa_102   0x005102    program     static C:\MPZBee\ZigbeeStack\zAPS.c
                 __pa_102   0x003086    program     static C:\MPZBee\ZigbeeStack\zNWK.c
                 __pa_102   0x006cee    program     static C:\MPZBee\ZigbeeStack\zZDO.C
                 __pa_103   0x00510e    program     static C:\MPZBee\ZigbeeStack\zAPS.c
                 __pa_103   0x003094    program     static C:\MPZBee\ZigbeeStack\zNWK.c
                 __pa_103   0x006cf6    program     static C:\MPZBee\ZigbeeStack\zZDO.C
                 __pa_104   0x00511a    program     static C:\MPZBee\ZigbeeStack\zAPS.c
                 __pa_104   0x0030a2    program     static C:\MPZBee\ZigbeeStack\zNWK.c
                 __pa_104   0x006d00    program     static C:\MPZBee\ZigbeeStack\zZDO.C
                 __pa_105   0x005124    program     static C:\MPZBee\ZigbeeStack\zAPS.c
                 __pa_105   0x0030ac    program     static C:\MPZBee\ZigbeeStack\zNWK.c
                 __pa_105   0x006d06    program     static C:\MPZBee\ZigbeeStack\zZDO.C
                 __pa_106   0x0030b6    program     static C:\MPZBee\ZigbeeStack\zNWK.c
                 __pa_106   0x005130    program     static C:\MPZBee\ZigbeeStack\zAPS.c
                 __pa_106   0x006d0e    program     static C:\MPZBee\ZigbeeStack\zZDO.C
                 __pa_107   0x006d1a    program     static C:\MPZBee\ZigbeeStack\zZDO.C
                 __pa_107   0x005138    program     static C:\MPZBee\ZigbeeStack\zAPS.c
                 __pa_107   0x0030c0    program     static C:\MPZBee\ZigbeeStack\zNWK.c
                 __pa_108   0x005142    program     static C:\MPZBee\ZigbeeStack\zAPS.c
                 __pa_108   0x006d26    program     static C:\MPZBee\ZigbeeStack\zZDO.C
                 __pa_108   0x0030ca    program     static C:\MPZBee\ZigbeeStack\zNWK.c
                 __pa_109   0x0030d2    program     static C:\MPZBee\ZigbeeStack\zNWK.c
                 __pa_109   0x00514a    program     static C:\MPZBee\ZigbeeStack\zAPS.c
                 __pa_109   0x006d38    program     static C:\MPZBee\ZigbeeStack\zZDO.C
                  __pa_11   0x004c94    program     static C:\MPZBee\ZigbeeStack\zAPS.c
                  __pa_11   0x0067e4    program     static C:\MPZBee\ZigbeeStack\zZDO.C
                  __pa_11   0x002c06    program     static C:\MPZBee\ZigbeeStack\zNWK.c
                  __pa_11   0x0082d8    program     static C:\MPZBee\ZigbeeStack\zMAC_MRF24J40.c
                 __pa_110   0x0030da    program     static C:\MPZBee\ZigbeeStack\zNWK.c
                 __pa_110   0x005154    program     static C:\MPZBee\ZigbeeStack\zAPS.c
                 __pa_110   0x006d3e    program     static C:\MPZBee\ZigbeeStack\zZDO.C
                 __pa_111   0x0030e2    program     static C:\MPZBee\ZigbeeStack\zNWK.c
                 __pa_111   0x005162    program     static C:\MPZBee\ZigbeeStack\zAPS.c
                 __pa_111   0x006d50    program     static C:\MPZBee\ZigbeeStack\zZDO.C
                 __pa_112   0x0030ea    program     static C:\MPZBee\ZigbeeStack\zNWK.c
                 __pa_112   0x006d56    program     static C:\MPZBee\ZigbeeStack\zZDO.C
                 __pa_112   0x00516a    program     static C:\MPZBee\ZigbeeStack\zAPS.c
                 __pa_113   0x0030f4    program     static C:\MPZBee\ZigbeeStack\zNWK.c
                 __pa_113   0x006d5c    program     static C:\MPZBee\ZigbeeStack\zZDO.C
                 __pa_113   0x005170    program     static C:\MPZBee\ZigbeeStack\zAPS.c
                 __pa_114   0x003108    program     static C:\MPZBee\ZigbeeStack\zNWK.c
                 __pa_114   0x006d62    program     static C:\MPZBee\ZigbeeStack\zZDO.C
                 __pa_114   0x005176    program     static C:\MPZBee\ZigbeeStack\zAPS.c
                 __pa_115   0x003112    program     static C:\MPZBee\ZigbeeStack\zNWK.c
                 __pa_115   0x006d70    program     static C:\MPZBee\ZigbeeStack\zZDO.C
                 __pa_115   0x005182    program     static C:\MPZBee\ZigbeeStack\zAPS.c
                 __pa_116   0x00518e    program     static C:\MPZBee\ZigbeeStack\zAPS.c
                 __pa_116   0x00311c    program     static C:\MPZBee\ZigbeeStack\zNWK.c
                 __pa_116   0x006d7e    program     static C:\MPZBee\ZigbeeStack\zZDO.C
                 __pa_117   0x003130    program     static C:\MPZBee\ZigbeeStack\zNWK.c
                 __pa_117   0x006d8c    program     static C:\MPZBee\ZigbeeStack\zZDO.C
                 __pa_117   0x005196    program     static C:\MPZBee\ZigbeeStack\zAPS.c
                 __pa_118   0x00519c    program     static C:\MPZBee\ZigbeeStack\zAPS.c
                 __pa_118   0x00313a    program     static C:\MPZBee\ZigbeeStack\zNWK.c
                 __pa_118   0x006d94    program     static C:\MPZBee\ZigbeeStack\zZDO.C
                 __pa_119   0x0051a2    program     static C:\MPZBee\ZigbeeStack\zAPS.c
                 __pa_119   0x006d9a    program     static C:\MPZBee\ZigbeeStack\zZDO.C
                 __pa_119   0x003142    program     static C:\MPZBee\ZigbeeStack\zNWK.c
                  __pa_12   0x002c12    program     static C:\MPZBee\ZigbeeStack\zNWK.c
                  __pa_12   0x0067ec    program     static C:\MPZBee\ZigbeeStack\zZDO.C
                  __pa_12   0x004c9c    program     static C:\MPZBee\ZigbeeStack\zAPS.c
                  __pa_12   0x0082e0    program     static C:\MPZBee\ZigbeeStack\zMAC_MRF24J40.c
                 __pa_120   0x0051aa    program     static C:\MPZBee\ZigbeeStack\zAPS.c
                 __pa_120   0x006da4    program     static C:\MPZBee\ZigbeeStack\zZDO.C
                 __pa_120   0x00314a    program     static C:\MPZBee\ZigbeeStack\zNWK.c
                 __pa_121   0x003152    program     static C:\MPZBee\ZigbeeStack\zNWK.c
                 __pa_121   0x0051b0    program     static C:\MPZBee\ZigbeeStack\zAPS.c
                 __pa_122   0x003158    program     static C:\MPZBee\ZigbeeStack\zNWK.c
                 __pa_122   0x0051b6    program     static C:\MPZBee\ZigbeeStack\zAPS.c
                 __pa_123   0x00315e    program     static C:\MPZBee\ZigbeeStack\zNWK.c
                 __pa_123   0x0051bc    program     static C:\MPZBee\ZigbeeStack\zAPS.c
                 __pa_124   0x003166    program     static C:\MPZBee\ZigbeeStack\zNWK.c
                 __pa_124   0x0051d0    program     static C:\MPZBee\ZigbeeStack\zAPS.c
                 __pa_125   0x00317e    program     static C:\MPZBee\ZigbeeStack\zNWK.c
                 __pa_125   0x0051d8    program     static C:\MPZBee\ZigbeeStack\zAPS.c
                 __pa_126   0x003194    program     static C:\MPZBee\ZigbeeStack\zNWK.c
                 __pa_126   0x0051de    program     static C:\MPZBee\ZigbeeStack\zAPS.c
                 __pa_127   0x00319e    program     static C:\MPZBee\ZigbeeStack\zNWK.c
                 __pa_127   0x0051e6    program     static C:\MPZBee\ZigbeeStack\zAPS.c
                 __pa_128   0x0031ac    program     static C:\MPZBee\ZigbeeStack\zNWK.c
                 __pa_128   0x0051f0    program     static C:\MPZBee\ZigbeeStack\zAPS.c
                 __pa_129   0x0051f8    program     static C:\MPZBee\ZigbeeStack\zAPS.c
                 __pa_129   0x0031b6    program     static C:\MPZBee\ZigbeeStack\zNWK.c
                  __pa_13   0x0082e6    program     static C:\MPZBee\ZigbeeStack\zMAC_MRF24J40.c
                  __pa_13   0x004cae    program     static C:\MPZBee\ZigbeeStack\zAPS.c
                  __pa_13   0x006802    program     static C:\MPZBee\ZigbeeStack\zZDO.C
                  __pa_13   0x002c22    program     static C:\MPZBee\ZigbeeStack\zNWK.c
                 __pa_130   0x0031d8    program     static C:\MPZBee\ZigbeeStack\zNWK.c
                 __pa_130   0x005200    program     static C:\MPZBee\ZigbeeStack\zAPS.c
                 __pa_131   0x0031de    program     static C:\MPZBee\ZigbeeStack\zNWK.c
                 __pa_131   0x005208    program     static C:\MPZBee\ZigbeeStack\zAPS.c
                 __pa_132   0x0031f4    program     static C:\MPZBee\ZigbeeStack\zNWK.c
                 __pa_132   0x00520e    program     static C:\MPZBee\ZigbeeStack\zAPS.c
                 __pa_133   0x00320c    program     static C:\MPZBee\ZigbeeStack\zNWK.c
                 __pa_133   0x005216    program     static C:\MPZBee\ZigbeeStack\zAPS.c
                 __pa_134   0x003212    program     static C:\MPZBee\ZigbeeStack\zNWK.c
                 __pa_134   0x00521e    program     static C:\MPZBee\ZigbeeStack\zAPS.c
                 __pa_135   0x003218    program     static C:\MPZBee\ZigbeeStack\zNWK.c
                 __pa_135   0x005228    program     static C:\MPZBee\ZigbeeStack\zAPS.c
                 __pa_136   0x00321e    program     static C:\MPZBee\ZigbeeStack\zNWK.c
                 __pa_136   0x005236    program     static C:\MPZBee\ZigbeeStack\zAPS.c
                 __pa_137   0x003226    program     static C:\MPZBee\ZigbeeStack\zNWK.c
                 __pa_137   0x005242    program     static C:\MPZBee\ZigbeeStack\zAPS.c
                 __pa_138   0x00524a    program     static C:\MPZBee\ZigbeeStack\zAPS.c
                 __pa_138   0x003230    program     static C:\MPZBee\ZigbeeStack\zNWK.c
                 __pa_139   0x005252    program     static C:\MPZBee\ZigbeeStack\zAPS.c
                 __pa_139   0x003238    program     static C:\MPZBee\ZigbeeStack\zNWK.c
                  __pa_14   0x004cc2    program     static C:\MPZBee\ZigbeeStack\zAPS.c
                  __pa_14   0x008312    program     static C:\MPZBee\ZigbeeStack\zMAC_MRF24J40.c
                  __pa_14   0x006814    program     static C:\MPZBee\ZigbeeStack\zZDO.C
                  __pa_14   0x002c2a    program     static C:\MPZBee\ZigbeeStack\zNWK.c
                 __pa_140   0x00323e    program     static C:\MPZBee\ZigbeeStack\zNWK.c
                 __pa_140   0x00525a    program     static C:\MPZBee\ZigbeeStack\zAPS.c
                 __pa_141   0x003244    program     static C:\MPZBee\ZigbeeStack\zNWK.c
                 __pa_141   0x005262    program     static C:\MPZBee\ZigbeeStack\zAPS.c
                 __pa_142   0x00325e    program     static C:\MPZBee\ZigbeeStack\zNWK.c
                 __pa_142   0x005268    program     static C:\MPZBee\ZigbeeStack\zAPS.c
                 __pa_143   0x003268    program     static C:\MPZBee\ZigbeeStack\zNWK.c
                 __pa_143   0x005270    program     static C:\MPZBee\ZigbeeStack\zAPS.c
                 __pa_144   0x003280    program     static C:\MPZBee\ZigbeeStack\zNWK.c
                 __pa_144   0x00527c    program     static C:\MPZBee\ZigbeeStack\zAPS.c
                 __pa_145   0x003290    program     static C:\MPZBee\ZigbeeStack\zNWK.c
                 __pa_145   0x005286    program     static C:\MPZBee\ZigbeeStack\zAPS.c
                 __pa_146   0x00329e    program     static C:\MPZBee\ZigbeeStack\zNWK.c
                 __pa_146   0x005292    program     static C:\MPZBee\ZigbeeStack\zAPS.c
                 __pa_147   0x00529e    program     static C:\MPZBee\ZigbeeStack\zAPS.c
                 __pa_147   0x0032a6    program     static C:\MPZBee\ZigbeeStack\zNWK.c
                 __pa_148   0x0052ae    program     static C:\MPZBee\ZigbeeStack\zAPS.c
                 __pa_148   0x0032b0    program     static C:\MPZBee\ZigbeeStack\zNWK.c
                 __pa_149   0x0052b8    program     static C:\MPZBee\ZigbeeStack\zAPS.c
                 __pa_149   0x0032bc    program     static C:\MPZBee\ZigbeeStack\zNWK.c
                  __pa_15   0x002c3a    program     static C:\MPZBee\ZigbeeStack\zNWK.c
                  __pa_15   0x00831a    program     static C:\MPZBee\ZigbeeStack\zMAC_MRF24J40.c
                  __pa_15   0x006822    program     static C:\MPZBee\ZigbeeStack\zZDO.C
                  __pa_15   0x004cca    program     static C:\MPZBee\ZigbeeStack\zAPS.c
                 __pa_150   0x0052c2    program     static C:\MPZBee\ZigbeeStack\zAPS.c
                 __pa_150   0x0032c4    program     static C:\MPZBee\ZigbeeStack\zNWK.c
                 __pa_151   0x0052ca    program     static C:\MPZBee\ZigbeeStack\zAPS.c
                 __pa_151   0x0032cc    program     static C:\MPZBee\ZigbeeStack\zNWK.c
                 __pa_152   0x0052d4    program     static C:\MPZBee\ZigbeeStack\zAPS.c
                 __pa_152   0x0032d8    program     static C:\MPZBee\ZigbeeStack\zNWK.c
                 __pa_153   0x0052de    program     static C:\MPZBee\ZigbeeStack\zAPS.c
                 __pa_153   0x0032e4    program     static C:\MPZBee\ZigbeeStack\zNWK.c
                 __pa_154   0x0032f0    program     static C:\MPZBee\ZigbeeStack\zNWK.c
                 __pa_154   0x0052e8    program     static C:\MPZBee\ZigbeeStack\zAPS.c
                 __pa_155   0x0032f8    program     static C:\MPZBee\ZigbeeStack\zNWK.c
                 __pa_155   0x0052f2    program     static C:\MPZBee\ZigbeeStack\zAPS.c
                 __pa_156   0x003302    program     static C:\MPZBee\ZigbeeStack\zNWK.c
                 __pa_156   0x0052fc    program     static C:\MPZBee\ZigbeeStack\zAPS.c
                 __pa_157   0x005306    program     static C:\MPZBee\ZigbeeStack\zAPS.c
                 __pa_157   0x00330a    program     static C:\MPZBee\ZigbeeStack\zNWK.c
                 __pa_158   0x00530c    program     static C:\MPZBee\ZigbeeStack\zAPS.c
                 __pa_158   0x003310    program     static C:\MPZBee\ZigbeeStack\zNWK.c
                 __pa_159   0x00531e    program     static C:\MPZBee\ZigbeeStack\zAPS.c
                 __pa_159   0x003316    program     static C:\MPZBee\ZigbeeStack\zNWK.c
                  __pa_16   0x002c50    program     static C:\MPZBee\ZigbeeStack\zNWK.c
                  __pa_16   0x00682c    program     static C:\MPZBee\ZigbeeStack\zZDO.C
                  __pa_16   0x004cd4    program     static C:\MPZBee\ZigbeeStack\zAPS.c
                  __pa_16   0x00832e    program     static C:\MPZBee\ZigbeeStack\zMAC_MRF24J40.c
                 __pa_160   0x005324    program     static C:\MPZBee\ZigbeeStack\zAPS.c
                 __pa_160   0x003322    program     static C:\MPZBee\ZigbeeStack\zNWK.c
                 __pa_161   0x00532a    program     static C:\MPZBee\ZigbeeStack\zAPS.c
                 __pa_161   0x00332c    program     static C:\MPZBee\ZigbeeStack\zNWK.c
                 __pa_162   0x003334    program     static C:\MPZBee\ZigbeeStack\zNWK.c
                 __pa_162   0x005330    program     static C:\MPZBee\ZigbeeStack\zAPS.c
                 __pa_163   0x00333e    program     static C:\MPZBee\ZigbeeStack\zNWK.c
                 __pa_163   0x00533a    program     static C:\MPZBee\ZigbeeStack\zAPS.c
                 __pa_164   0x003344    program     static C:\MPZBee\ZigbeeStack\zNWK.c
                 __pa_164   0x005340    program     static C:\MPZBee\ZigbeeStack\zAPS.c
                 __pa_165   0x003350    program     static C:\MPZBee\ZigbeeStack\zNWK.c
                 __pa_165   0x005348    program     static C:\MPZBee\ZigbeeStack\zAPS.c
                 __pa_166   0x00335c    program     static C:\MPZBee\ZigbeeStack\zNWK.c
                 __pa_166   0x005350    program     static C:\MPZBee\ZigbeeStack\zAPS.c
                 __pa_167   0x003368    program     static C:\MPZBee\ZigbeeStack\zNWK.c
                 __pa_167   0x00535a    program     static C:\MPZBee\ZigbeeStack\zAPS.c
                 __pa_168   0x003370    program     static C:\MPZBee\ZigbeeStack\zNWK.c
                 __pa_168   0x005364    program     static C:\MPZBee\ZigbeeStack\zAPS.c
                 __pa_169   0x00536e    program     static C:\MPZBee\ZigbeeStack\zAPS.c
                 __pa_169   0x003378    program     static C:\MPZBee\ZigbeeStack\zNWK.c
                  __pa_17   0x008344    program     static C:\MPZBee\ZigbeeStack\zMAC_MRF24J40.c
                  __pa_17   0x00685e    program     static C:\MPZBee\ZigbeeStack\zZDO.C
                  __pa_17   0x004ce2    program     static C:\MPZBee\ZigbeeStack\zAPS.c
                  __pa_17   0x002c54    program     static C:\MPZBee\ZigbeeStack\zNWK.c
                 __pa_170   0x003382    program     static C:\MPZBee\ZigbeeStack\zNWK.c
                 __pa_171   0x00338c    program     static C:\MPZBee\ZigbeeStack\zNWK.c
                 __pa_172   0x003394    program     static C:\MPZBee\ZigbeeStack\zNWK.c
                 __pa_173   0x00339c    program     static C:\MPZBee\ZigbeeStack\zNWK.c
                 __pa_174   0x0033a2    program     static C:\MPZBee\ZigbeeStack\zNWK.c
                 __pa_175   0x0033b2    program     static C:\MPZBee\ZigbeeStack\zNWK.c
                 __pa_176   0x0033bc    program     static C:\MPZBee\ZigbeeStack\zNWK.c
                 __pa_177   0x0033ca    program     static C:\MPZBee\ZigbeeStack\zNWK.c
                 __pa_178   0x0033d2    program     static C:\MPZBee\ZigbeeStack\zNWK.c
                 __pa_179   0x0033e0    program     static C:\MPZBee\ZigbeeStack\zNWK.c
                  __pa_18   0x006868    program     static C:\MPZBee\ZigbeeStack\zZDO.C
                  __pa_18   0x004cea    program     static C:\MPZBee\ZigbeeStack\zAPS.c
                  __pa_18   0x002c62    program     static C:\MPZBee\ZigbeeStack\zNWK.c
                  __pa_18   0x00834e    program     static C:\MPZBee\ZigbeeStack\zMAC_MRF24J40.c
                 __pa_180   0x0033ee    program     static C:\MPZBee\ZigbeeStack\zNWK.c
                 __pa_181   0x0033fc    program     static C:\MPZBee\ZigbeeStack\zNWK.c
                 __pa_182   0x00340a    program     static C:\MPZBee\ZigbeeStack\zNWK.c
                 __pa_183   0x003416    program     static C:\MPZBee\ZigbeeStack\zNWK.c
                 __pa_184   0x003424    program     static C:\MPZBee\ZigbeeStack\zNWK.c
                 __pa_185   0x003430    program     static C:\MPZBee\ZigbeeStack\zNWK.c
                 __pa_186   0x00343c    program     static C:\MPZBee\ZigbeeStack\zNWK.c
                 __pa_187   0x003448    program     static C:\MPZBee\ZigbeeStack\zNWK.c
                 __pa_188   0x003456    program     static C:\MPZBee\ZigbeeStack\zNWK.c
                 __pa_189   0x003464    program     static C:\MPZBee\ZigbeeStack\zNWK.c
                  __pa_19   0x006876    program     static C:\MPZBee\ZigbeeStack\zZDO.C
                  __pa_19   0x00835c    program     static C:\MPZBee\ZigbeeStack\zMAC_MRF24J40.c
                  __pa_19   0x002c6a    program     static C:\MPZBee\ZigbeeStack\zNWK.c
                  __pa_19   0x004cfa    program     static C:\MPZBee\ZigbeeStack\zAPS.c
                 __pa_190   0x00346a    program     static C:\MPZBee\ZigbeeStack\zNWK.c
                 __pa_191   0x003472    program     static C:\MPZBee\ZigbeeStack\zNWK.c
                 __pa_192   0x00347a    program     static C:\MPZBee\ZigbeeStack\zNWK.c
                 __pa_193   0x003484    program     static C:\MPZBee\ZigbeeStack\zNWK.c
                 __pa_194   0x00348a    program     static C:\MPZBee\ZigbeeStack\zNWK.c
                 __pa_195   0x003494    program     static C:\MPZBee\ZigbeeStack\zNWK.c
                 __pa_196   0x00349e    program     static C:\MPZBee\ZigbeeStack\zNWK.c
                 __pa_197   0x0034a6    program     static C:\MPZBee\ZigbeeStack\zNWK.c
                 __pa_198   0x0034ae    program     static C:\MPZBee\ZigbeeStack\zNWK.c
                 __pa_199   0x0034b8    program     static C:\MPZBee\ZigbeeStack\zNWK.c
                   __pa_2   0x002b80    program     static C:\MPZBee\ZigbeeStack\zNWK.c
                   __pa_2   0x004c36    program     static C:\MPZBee\ZigbeeStack\zAPS.c
                   __pa_2   0x00ab84    program     static C:\MPZBee\Common\sralloc.c
                   __pa_2   0x00b126    program     static C:\MPZBee\Common\Console.c
                   __pa_2   0x006756    program     static C:\MPZBee\ZigbeeStack\zZDO.C
                   __pa_2   0x00821a    program     static C:\MPZBee\ZigbeeStack\zMAC_MRF24J40.c
                   __pa_2   0x00906e    program     static C:\MPZBee\ZigbeeStack\zPHY_MRF24J40.c
                  __pa_20   0x002c7a    program     static C:\MPZBee\ZigbeeStack\zNWK.c
                  __pa_20   0x00837e    program     static C:\MPZBee\ZigbeeStack\zMAC_MRF24J40.c
                  __pa_20   0x006884    program     static C:\MPZBee\ZigbeeStack\zZDO.C
                  __pa_20   0x004d04    program     static C:\MPZBee\ZigbeeStack\zAPS.c
                 __pa_200   0x0034be    program     static C:\MPZBee\ZigbeeStack\zNWK.c
                 __pa_201   0x0034c4    program     static C:\MPZBee\ZigbeeStack\zNWK.c
                 __pa_202   0x0034ca    program     static C:\MPZBee\ZigbeeStack\zNWK.c
                 __pa_203   0x0034da    program     static C:\MPZBee\ZigbeeStack\zNWK.c
                 __pa_204   0x0034e6    program     static C:\MPZBee\ZigbeeStack\zNWK.c
                 __pa_205   0x0034ee    program     static C:\MPZBee\ZigbeeStack\zNWK.c
                 __pa_206   0x0034fa    program     static C:\MPZBee\ZigbeeStack\zNWK.c
                 __pa_207   0x003500    program     static C:\MPZBee\ZigbeeStack\zNWK.c
                 __pa_208   0x003506    program     static C:\MPZBee\ZigbeeStack\zNWK.c
                 __pa_209   0x00350e    program     static C:\MPZBee\ZigbeeStack\zNWK.c
                  __pa_21   0x004d0c    program     static C:\MPZBee\ZigbeeStack\zAPS.c
                  __pa_21   0x00688a    program     static C:\MPZBee\ZigbeeStack\zZDO.C
                  __pa_21   0x002c84    program     static C:\MPZBee\ZigbeeStack\zNWK.c
                  __pa_21   0x008392    program     static C:\MPZBee\ZigbeeStack\zMAC_MRF24J40.c
                 __pa_210   0x003514    program     static C:\MPZBee\ZigbeeStack\zNWK.c
                 __pa_211   0x003528    program     static C:\MPZBee\ZigbeeStack\zNWK.c
                 __pa_212   0x003530    program     static C:\MPZBee\ZigbeeStack\zNWK.c
                 __pa_213   0x003536    program     static C:\MPZBee\ZigbeeStack\zNWK.c
                 __pa_214   0x00353c    program     static C:\MPZBee\ZigbeeStack\zNWK.c
                 __pa_215   0x003542    program     static C:\MPZBee\ZigbeeStack\zNWK.c
                 __pa_216   0x003548    program     static C:\MPZBee\ZigbeeStack\zNWK.c
                 __pa_217   0x003556    program     static C:\MPZBee\ZigbeeStack\zNWK.c
                 __pa_218   0x003562    program     static C:\MPZBee\ZigbeeStack\zNWK.c
                 __pa_219   0x003570    program     static C:\MPZBee\ZigbeeStack\zNWK.c
                  __pa_22   0x00839a    program     static C:\MPZBee\ZigbeeStack\zMAC_MRF24J40.c
                  __pa_22   0x002c8c    program     static C:\MPZBee\ZigbeeStack\zNWK.c
                  __pa_22   0x004d1e    program     static C:\MPZBee\ZigbeeStack\zAPS.c
                  __pa_22   0x0068b6    program     static C:\MPZBee\ZigbeeStack\zZDO.C
                 __pa_220   0x003578    program     static C:\MPZBee\ZigbeeStack\zNWK.c
                 __pa_221   0x003582    program     static C:\MPZBee\ZigbeeStack\zNWK.c
                 __pa_222   0x00358c    program     static C:\MPZBee\ZigbeeStack\zNWK.c
                 __pa_223   0x003596    program     static C:\MPZBee\ZigbeeStack\zNWK.c
                 __pa_224   0x00359e    program     static C:\MPZBee\ZigbeeStack\zNWK.c
                 __pa_225   0x0035a4    program     static C:\MPZBee\ZigbeeStack\zNWK.c
                 __pa_226   0x0035ac    program     static C:\MPZBee\ZigbeeStack\zNWK.c
                 __pa_227   0x0035b4    program     static C:\MPZBee\ZigbeeStack\zNWK.c
                 __pa_228   0x0035ba    program     static C:\MPZBee\ZigbeeStack\zNWK.c
                 __pa_229   0x0035c0    program     static C:\MPZBee\ZigbeeStack\zNWK.c
                  __pa_23   0x004d26    program     static C:\MPZBee\ZigbeeStack\zAPS.c
                  __pa_23   0x0068da    program     static C:\MPZBee\ZigbeeStack\zZDO.C
                  __pa_23   0x002c94    program     static C:\MPZBee\ZigbeeStack\zNWK.c
                  __pa_23   0x0083b8    program     static C:\MPZBee\ZigbeeStack\zMAC_MRF24J40.c
                 __pa_230   0x0035c6    program     static C:\MPZBee\ZigbeeStack\zNWK.c
                 __pa_231   0x0035d0    program     static C:\MPZBee\ZigbeeStack\zNWK.c
                 __pa_232   0x0035de    program     static C:\MPZBee\ZigbeeStack\zNWK.c
                 __pa_233   0x0035e6    program     static C:\MPZBee\ZigbeeStack\zNWK.c
                 __pa_234   0x0035ee    program     static C:\MPZBee\ZigbeeStack\zNWK.c
                 __pa_235   0x0035fa    program     static C:\MPZBee\ZigbeeStack\zNWK.c
                 __pa_236   0x003602    program     static C:\MPZBee\ZigbeeStack\zNWK.c
                 __pa_237   0x00360a    program     static C:\MPZBee\ZigbeeStack\zNWK.c
                 __pa_238   0x003614    program     static C:\MPZBee\ZigbeeStack\zNWK.c
                 __pa_239   0x003622    program     static C:\MPZBee\ZigbeeStack\zNWK.c
                  __pa_24   0x0083ca    program     static C:\MPZBee\ZigbeeStack\zMAC_MRF24J40.c
                  __pa_24   0x002ca4    program     static C:\MPZBee\ZigbeeStack\zNWK.c
                  __pa_24   0x0068e4    program     static C:\MPZBee\ZigbeeStack\zZDO.C
                  __pa_24   0x004d2e    program     static C:\MPZBee\ZigbeeStack\zAPS.c
                 __pa_240   0x00362e    program     static C:\MPZBee\ZigbeeStack\zNWK.c
                 __pa_241   0x003634    program     static C:\MPZBee\ZigbeeStack\zNWK.c
                 __pa_242   0x00363a    program     static C:\MPZBee\ZigbeeStack\zNWK.c
                 __pa_243   0x003642    program     static C:\MPZBee\ZigbeeStack\zNWK.c
                 __pa_244   0x00364a    program     static C:\MPZBee\ZigbeeStack\zNWK.c
                 __pa_245   0x003650    program     static C:\MPZBee\ZigbeeStack\zNWK.c
                 __pa_246   0x003656    program     static C:\MPZBee\ZigbeeStack\zNWK.c
                 __pa_247   0x003668    program     static C:\MPZBee\ZigbeeStack\zNWK.c
                 __pa_248   0x003678    program     static C:\MPZBee\ZigbeeStack\zNWK.c
                 __pa_249   0x003684    program     static C:\MPZBee\ZigbeeStack\zNWK.c
                  __pa_25   0x004d34    program     static C:\MPZBee\ZigbeeStack\zAPS.c
                  __pa_25   0x0083d2    program     static C:\MPZBee\ZigbeeStack\zMAC_MRF24J40.c
                  __pa_25   0x0068f0    program     static C:\MPZBee\ZigbeeStack\zZDO.C
                  __pa_25   0x002cae    program     static C:\MPZBee\ZigbeeStack\zNWK.c
                 __pa_250   0x00368c    program     static C:\MPZBee\ZigbeeStack\zNWK.c
                 __pa_251   0x003694    program     static C:\MPZBee\ZigbeeStack\zNWK.c
                 __pa_252   0x00369e    program     static C:\MPZBee\ZigbeeStack\zNWK.c
                 __pa_253   0x0036a8    program     static C:\MPZBee\ZigbeeStack\zNWK.c
                 __pa_254   0x0036b2    program     static C:\MPZBee\ZigbeeStack\zNWK.c
                 __pa_255   0x0036b8    program     static C:\MPZBee\ZigbeeStack\zNWK.c
                 __pa_256   0x0036be    program     static C:\MPZBee\ZigbeeStack\zNWK.c
                  __pa_26   0x002cc0    program     static C:\MPZBee\ZigbeeStack\zNWK.c
                  __pa_26   0x004d42    program     static C:\MPZBee\ZigbeeStack\zAPS.c
                  __pa_26   0x0083dc    program     static C:\MPZBee\ZigbeeStack\zMAC_MRF24J40.c
                  __pa_26   0x0068fe    program     static C:\MPZBee\ZigbeeStack\zZDO.C
                  __pa_27   0x0083f6    program     static C:\MPZBee\ZigbeeStack\zMAC_MRF24J40.c
                  __pa_27   0x00690c    program     static C:\MPZBee\ZigbeeStack\zZDO.C
                  __pa_27   0x004d4a    program     static C:\MPZBee\ZigbeeStack\zAPS.c
                  __pa_27   0x002cca    program     static C:\MPZBee\ZigbeeStack\zNWK.c
                  __pa_28   0x008410    program     static C:\MPZBee\ZigbeeStack\zMAC_MRF24J40.c
                  __pa_28   0x00691a    program     static C:\MPZBee\ZigbeeStack\zZDO.C
                  __pa_28   0x004d58    program     static C:\MPZBee\ZigbeeStack\zAPS.c
                  __pa_28   0x002cd4    program     static C:\MPZBee\ZigbeeStack\zNWK.c
                  __pa_29   0x00693c    program     static C:\MPZBee\ZigbeeStack\zZDO.C
                  __pa_29   0x002cde    program     static C:\MPZBee\ZigbeeStack\zNWK.c
                  __pa_29   0x004d60    program     static C:\MPZBee\ZigbeeStack\zAPS.c
                  __pa_29   0x008420    program     static C:\MPZBee\ZigbeeStack\zMAC_MRF24J40.c
                   __pa_3   0x006760    program     static C:\MPZBee\ZigbeeStack\zZDO.C
                   __pa_3   0x00b12e    program     static C:\MPZBee\Common\Console.c
                   __pa_3   0x00ab8e    program     static C:\MPZBee\Common\sralloc.c
                   __pa_3   0x004c3a    program     static C:\MPZBee\ZigbeeStack\zAPS.c
                   __pa_3   0x002b88    program     static C:\MPZBee\ZigbeeStack\zNWK.c
                   __pa_3   0x00822a    program     static C:\MPZBee\ZigbeeStack\zMAC_MRF24J40.c
                  __pa_30   0x002cf2    program     static C:\MPZBee\ZigbeeStack\zNWK.c
                  __pa_30   0x004d76    program     static C:\MPZBee\ZigbeeStack\zAPS.c
                  __pa_30   0x006946    program     static C:\MPZBee\ZigbeeStack\zZDO.C
                  __pa_30   0x008436    program     static C:\MPZBee\ZigbeeStack\zMAC_MRF24J40.c
                  __pa_31   0x002cfc    program     static C:\MPZBee\ZigbeeStack\zNWK.c
                  __pa_31   0x006964    program     static C:\MPZBee\ZigbeeStack\zZDO.C
                  __pa_31   0x008448    program     static C:\MPZBee\ZigbeeStack\zMAC_MRF24J40.c
                  __pa_31   0x004d80    program     static C:\MPZBee\ZigbeeStack\zAPS.c
                  __pa_32   0x008456    program     static C:\MPZBee\ZigbeeStack\zMAC_MRF24J40.c
                  __pa_32   0x00697c    program     static C:\MPZBee\ZigbeeStack\zZDO.C
                  __pa_32   0x002d08    program     static C:\MPZBee\ZigbeeStack\zNWK.c
                  __pa_32   0x004da2    program     static C:\MPZBee\ZigbeeStack\zAPS.c
                  __pa_33   0x008466    program     static C:\MPZBee\ZigbeeStack\zMAC_MRF24J40.c
                  __pa_33   0x00699a    program     static C:\MPZBee\ZigbeeStack\zZDO.C
                  __pa_33   0x004da8    program     static C:\MPZBee\ZigbeeStack\zAPS.c
                  __pa_33   0x002d16    program     static C:\MPZBee\ZigbeeStack\zNWK.c
                  __pa_34   0x0069ac    program     static C:\MPZBee\ZigbeeStack\zZDO.C
                  __pa_34   0x002d1e    program     static C:\MPZBee\ZigbeeStack\zNWK.c
                  __pa_34   0x004db0    program     static C:\MPZBee\ZigbeeStack\zAPS.c
                  __pa_34   0x00847a    program     static C:\MPZBee\ZigbeeStack\zMAC_MRF24J40.c
                  __pa_35   0x004db8    program     static C:\MPZBee\ZigbeeStack\zAPS.c
                  __pa_35   0x0069ba    program     static C:\MPZBee\ZigbeeStack\zZDO.C
                  __pa_35   0x002d26    program     static C:\MPZBee\ZigbeeStack\zNWK.c
                  __pa_35   0x008486    program     static C:\MPZBee\ZigbeeStack\zMAC_MRF24J40.c
                  __pa_36   0x0069ca    program     static C:\MPZBee\ZigbeeStack\zZDO.C
                  __pa_36   0x004dc6    program     static C:\MPZBee\ZigbeeStack\zAPS.c
                  __pa_36   0x002d38    program     static C:\MPZBee\ZigbeeStack\zNWK.c
                  __pa_36   0x008498    program     static C:\MPZBee\ZigbeeStack\zMAC_MRF24J40.c
                  __pa_37   0x0069d2    program     static C:\MPZBee\ZigbeeStack\zZDO.C
                  __pa_37   0x004dd4    program     static C:\MPZBee\ZigbeeStack\zAPS.c
                  __pa_37   0x002d40    program     static C:\MPZBee\ZigbeeStack\zNWK.c
                  __pa_37   0x0084aa    program     static C:\MPZBee\ZigbeeStack\zMAC_MRF24J40.c
                  __pa_38   0x0069de    program     static C:\MPZBee\ZigbeeStack\zZDO.C
                  __pa_38   0x0084bc    program     static C:\MPZBee\ZigbeeStack\zMAC_MRF24J40.c
                  __pa_38   0x002d4a    program     static C:\MPZBee\ZigbeeStack\zNWK.c
                  __pa_38   0x004dde    program     static C:\MPZBee\ZigbeeStack\zAPS.c
                  __pa_39   0x0069ee    program     static C:\MPZBee\ZigbeeStack\zZDO.C
                  __pa_39   0x0084ce    program     static C:\MPZBee\ZigbeeStack\zMAC_MRF24J40.c
                  __pa_39   0x004de6    program     static C:\MPZBee\ZigbeeStack\zAPS.c
                  __pa_39   0x002d54    program     static C:\MPZBee\ZigbeeStack\zNWK.c
                   __pa_4   0x004c44    program     static C:\MPZBee\ZigbeeStack\zAPS.c
                   __pa_4   0x00676e    program     static C:\MPZBee\ZigbeeStack\zZDO.C
                   __pa_4   0x00aba0    program     static C:\MPZBee\Common\sralloc.c
[...]
               curr_entry   0x000f68       data     static C:\MCC18\src\traditional\startup\c018i.c
                 data_ptr   0x000f6a       data     static C:\MCC18\src\traditional\startup\c018i.c
         currentPrimitive   0x000f6d       data     extern C:\baba_eletronica\software\exemplos\democoordinator\Coordinator.c
       destinationAddress   0x000f6e       data     extern C:\baba_eletronica\software\exemplos\democoordinator\Coordinator.c
            myStatusFlags   0x000f70       data     static C:\baba_eletronica\software\exemplos\democoordinator\Coordinator.c
                     flag   0x000f71       data     extern C:\MPZBee\ZigbeeStack\zNVM.c
                    PORTA   0x000f80       data     extern C:\MCC18\src\traditional\proc\p18F4620.asm
                PORTAbits   0x000f80       data     extern C:\MCC18\src\traditional\proc\p18F4620.asm
                    PORTB   0x000f81       data     extern C:\MCC18\src\traditional\proc\p18F4620.asm
                PORTBbits   0x000f81       data     extern C:\MCC18\src\traditional\proc\p18F4620.asm
                    PORTC   0x000f82       data     extern C:\MCC18\src\traditional\proc\p18F4620.asm
                PORTCbits   0x000f82       data     extern C:\MCC18\src\traditional\proc\p18F4620.asm
                PORTDbits   0x000f83       data     extern C:\MCC18\src\traditional\proc\p18F4620.asm
                    PORTD   0x000f83       data     extern C:\MCC18\src\traditional\proc\p18F4620.asm
                PORTEbits   0x000f84       data     extern C:\MCC18\src\traditional\proc\p18F4620.asm
                    PORTE   0x000f84       data     extern C:\MCC18\src\traditional\proc\p18F4620.asm
                 LATAbits   0x000f89       data     extern C:\MCC18\src\traditional\proc\p18F4620.asm
                     LATA   0x000f89       data     extern C:\MCC18\src\traditional\proc\p18F4620.asm
                 LATBbits   0x000f8a       data     extern C:\MCC18\src\traditional\proc\p18F4620.asm
                     LATB   0x000f8a       data     extern C:\MCC18\src\traditional\proc\p18F4620.asm
                 LATCbits   0x000f8b       data     extern C:\MCC18\src\traditional\proc\p18F4620.asm
                     LATC   0x000f8b       data     extern C:\MCC18\src\traditional\proc\p18F4620.asm
                 LATDbits   0x000f8c       data     extern C:\MCC18\src\traditional\proc\p18F4620.asm
                     LATD   0x000f8c       data     extern C:\MCC18\src\traditional\proc\p18F4620.asm
                 LATEbits   0x000f8d       data     extern C:\MCC18\src\traditional\proc\p18F4620.asm
                     LATE   0x000f8d       data     extern C:\MCC18\src\traditional\proc\p18F4620.asm
                TRISAbits   0x000f92       data     extern C:\MCC18\src\traditional\proc\p18F4620.asm
                    TRISA   0x000f92       data     extern C:\MCC18\src\traditional\proc\p18F4620.asm
                     DDRA   0x000f92       data     extern C:\MCC18\src\traditional\proc\p18F4620.asm
                 DDRAbits   0x000f92       data     extern C:\MCC18\src\traditional\proc\p18F4620.asm
                    TRISB   0x000f93       data     extern C:\MCC18\src\traditional\proc\p18F4620.asm
                TRISBbits   0x000f93       data     extern C:\MCC18\src\traditional\proc\p18F4620.asm
                     DDRB   0x000f93       data     extern C:\MCC18\src\traditional\proc\p18F4620.asm
                 DDRBbits   0x000f93       data     extern C:\MCC18\src\traditional\proc\p18F4620.asm
                    TRISC   0x000f94       data     extern C:\MCC18\src\traditional\proc\p18F4620.asm
                TRISCbits   0x000f94       data     extern C:\MCC18\src\traditional\proc\p18F4620.asm
                     DDRC   0x000f94       data     extern C:\MCC18\src\traditional\proc\p18F4620.asm
                 DDRCbits   0x000f94       data     extern C:\MCC18\src\traditional\proc\p18F4620.asm
                    TRISD   0x000f95       data     extern C:\MCC18\src\traditional\proc\p18F4620.asm
                TRISDbits   0x000f95       data     extern C:\MCC18\src\traditional\proc\p18F4620.asm
                     DDRD   0x000f95       data     extern C:\MCC18\src\traditional\proc\p18F4620.asm
                 DDRDbits   0x000f95       data     extern C:\MCC18\src\traditional\proc\p18F4620.asm
                    TRISE   0x000f96       data     extern C:\MCC18\src\traditional\proc\p18F4620.asm
                TRISEbits   0x000f96       data     extern C:\MCC18\src\traditional\proc\p18F4620.asm
                     DDRE   0x000f96       data     extern C:\MCC18\src\traditional\proc\p18F4620.asm
                 DDREbits   0x000f96       data     extern C:\MCC18\src\traditional\proc\p18F4620.asm
              OSCTUNEbits   0x000f9b       data     extern C:\MCC18\src\traditional\proc\p18F4620.asm
                  OSCTUNE   0x000f9b       data     extern C:\MCC18\src\traditional\proc\p18F4620.asm
                     PIE1   0x000f9d       data     extern C:\MCC18\src\traditional\proc\p18F4620.asm
                 PIE1bits   0x000f9d       data     extern C:\MCC18\src\traditional\proc\p18F4620.asm
                     PIR1   0x000f9e       data     extern C:\MCC18\src\traditional\proc\p18F4620.asm
                 PIR1bits   0x000f9e       data     extern C:\MCC18\src\traditional\proc\p18F4620.asm
                     IPR1   0x000f9f       data     extern C:\MCC18\src\traditional\proc\p18F4620.asm
                 IPR1bits   0x000f9f       data     extern C:\MCC18\src\traditional\proc\p18F4620.asm
                 PIE2bits   0x000fa0       data     extern C:\MCC18\src\traditional\proc\p18F4620.asm
                     PIE2   0x000fa0       data     extern C:\MCC18\src\traditional\proc\p18F4620.asm
                 PIR2bits   0x000fa1       data     extern C:\MCC18\src\traditional\proc\p18F4620.asm
                     PIR2   0x000fa1       data     extern C:\MCC18\src\traditional\proc\p18F4620.asm
                     IPR2   0x000fa2       data     extern C:\MCC18\src\traditional\proc\p18F4620.asm
                 IPR2bits   0x000fa2       data     extern C:\MCC18\src\traditional\proc\p18F4620.asm
               EECON1bits   0x000fa6       data     extern C:\MCC18\src\traditional\proc\p18F4620.asm
                   EECON1   0x000fa6       data     extern C:\MCC18\src\traditional\proc\p18F4620.asm
                   EECON2   0x000fa7       data     extern C:\MCC18\src\traditional\proc\p18F4620.asm
                   EEDATA   0x000fa8       data     extern C:\MCC18\src\traditional\proc\p18F4620.asm
                    EEADR   0x000fa9       data     extern C:\MCC18\src\traditional\proc\p18F4620.asm
                   EEADRH   0x000faa       data     extern C:\MCC18\src\traditional\proc\p18F4620.asm
                RCSTAbits   0x000fab       data     extern C:\MCC18\src\traditional\proc\p18F4620.asm
                    RCSTA   0x000fab       data     extern C:\MCC18\src\traditional\proc\p18F4620.asm
                    TXSTA   0x000fac       data     extern C:\MCC18\src\traditional\proc\p18F4620.asm
                TXSTAbits   0x000fac       data     extern C:\MCC18\src\traditional\proc\p18F4620.asm
                    TXREG   0x000fad       data     extern C:\MCC18\src\traditional\proc\p18F4620.asm
                    RCREG   0x000fae       data     extern C:\MCC18\src\traditional\proc\p18F4620.asm
                    SPBRG   0x000faf       data     extern C:\MCC18\src\traditional\proc\p18F4620.asm
                   SPBRGH   0x000fb0       data     extern C:\MCC18\src\traditional\proc\p18F4620.asm
                    T3CON   0x000fb1       data     extern C:\MCC18\src\traditional\proc\p18F4620.asm
                T3CONbits   0x000fb1       data     extern C:\MCC18\src\traditional\proc\p18F4620.asm
                    TMR3L   0x000fb2       data     extern C:\MCC18\src\traditional\proc\p18F4620.asm
                    TMR3H   0x000fb3       data     extern C:\MCC18\src\traditional\proc\p18F4620.asm
                    CMCON   0x000fb4       data     extern C:\MCC18\src\traditional\proc\p18F4620.asm
                CMCONbits   0x000fb4       data     extern C:\MCC18\src\traditional\proc\p18F4620.asm
               CVRCONbits   0x000fb5       data     extern C:\MCC18\src\traditional\proc\p18F4620.asm
                   CVRCON   0x000fb5       data     extern C:\MCC18\src\traditional\proc\p18F4620.asm
                  ECCP1AS   0x000fb6       data     extern C:\MCC18\src\traditional\proc\p18F4620.asm
              ECCP1ASbits   0x000fb6       data     extern C:\MCC18\src\traditional\proc\p18F4620.asm
                  PWM1CON   0x000fb7       data     extern C:\MCC18\src\traditional\proc\p18F4620.asm
              PWM1CONbits   0x000fb7       data     extern C:\MCC18\src\traditional\proc\p18F4620.asm
                  BAUDCON   0x000fb8       data     extern C:\MCC18\src\traditional\proc\p18F4620.asm
              BAUDCTLbits   0x000fb8       data     extern C:\MCC18\src\traditional\proc\p18F4620.asm
                  BAUDCTL   0x000fb8       data     extern C:\MCC18\src\traditional\proc\p18F4620.asm
              BAUDCONbits   0x000fb8       data     extern C:\MCC18\src\traditional\proc\p18F4620.asm
                  CCP2CON   0x000fba       data     extern C:\MCC18\src\traditional\proc\p18F4620.asm
              CCP2CONbits   0x000fba       data     extern C:\MCC18\src\traditional\proc\p18F4620.asm
                   CCPR2L   0x000fbb       data     extern C:\MCC18\src\traditional\proc\p18F4620.asm
                    CCPR2   0x000fbb       data     extern C:\MCC18\src\traditional\proc\p18F4620.asm
                   CCPR2H   0x000fbc       data     extern C:\MCC18\src\traditional\proc\p18F4620.asm
                  CCP1CON   0x000fbd       data     extern C:\MCC18\src\traditional\proc\p18F4620.asm
              CCP1CONbits   0x000fbd       data     extern C:\MCC18\src\traditional\proc\p18F4620.asm
                   CCPR1L   0x000fbe       data     extern C:\MCC18\src\traditional\proc\p18F4620.asm
                    CCPR1   0x000fbe       data     extern C:\MCC18\src\traditional\proc\p18F4620.asm
                   CCPR1H   0x000fbf       data     extern C:\MCC18\src\traditional\proc\p18F4620.asm
               ADCON2bits   0x000fc0       data     extern C:\MCC18\src\traditional\proc\p18F4620.asm
                   ADCON2   0x000fc0       data     extern C:\MCC18\src\traditional\proc\p18F4620.asm
                   ADCON1   0x000fc1       data     extern C:\MCC18\src\traditional\proc\p18F4620.asm
               ADCON1bits   0x000fc1       data     extern C:\MCC18\src\traditional\proc\p18F4620.asm
                   ADCON0   0x000fc2       data     extern C:\MCC18\src\traditional\proc\p18F4620.asm
               ADCON0bits   0x000fc2       data     extern C:\MCC18\src\traditional\proc\p18F4620.asm
                   ADRESL   0x000fc3       data     extern C:\MCC18\src\traditional\proc\p18F4620.asm
                    ADRES   0x000fc3       data     extern C:\MCC18\src\traditional\proc\p18F4620.asm
                   ADRESH   0x000fc4       data     extern C:\MCC18\src\traditional\proc\p18F4620.asm
                  SSPCON2   0x000fc5       data     extern C:\MCC18\src\traditional\proc\p18F4620.asm
              SSPCON2bits   0x000fc5       data     extern C:\MCC18\src\traditional\proc\p18F4620.asm
                  SSPCON1   0x000fc6       data     extern C:\MCC18\src\traditional\proc\p18F4620.asm
              SSPCON1bits   0x000fc6       data     extern C:\MCC18\src\traditional\proc\p18F4620.asm
                  SSPSTAT   0x000fc7       data     extern C:\MCC18\src\traditional\proc\p18F4620.asm
              SSPSTATbits   0x000fc7       data     extern C:\MCC18\src\traditional\proc\p18F4620.asm
                   SSPADD   0x000fc8       data     extern C:\MCC18\src\traditional\proc\p18F4620.asm
                   SSPBUF   0x000fc9       data     extern C:\MCC18\src\traditional\proc\p18F4620.asm
                    T2CON   0x000fca       data     extern C:\MCC18\src\traditional\proc\p18F4620.asm
                T2CONbits   0x000fca       data     extern C:\MCC18\src\traditional\proc\p18F4620.asm
                      PR2   0x000fcb       data     extern C:\MCC18\src\traditional\proc\p18F4620.asm
                     TMR2   0x000fcc       data     extern C:\MCC18\src\traditional\proc\p18F4620.asm
                    T1CON   0x000fcd       data     extern C:\MCC18\src\traditional\proc\p18F4620.asm
                T1CONbits   0x000fcd       data     extern C:\MCC18\src\traditional\proc\p18F4620.asm
                    TMR1L   0x000fce       data     extern C:\MCC18\src\traditional\proc\p18F4620.asm
                    TMR1H   0x000fcf       data     extern C:\MCC18\src\traditional\proc\p18F4620.asm
                     RCON   0x000fd0       data     extern C:\MCC18\src\traditional\proc\p18F4620.asm
                 RCONbits   0x000fd0       data     extern C:\MCC18\src\traditional\proc\p18F4620.asm
               WDTCONbits   0x000fd1       data     extern C:\MCC18\src\traditional\proc\p18F4620.asm
                   WDTCON   0x000fd1       data     extern C:\MCC18\src\traditional\proc\p18F4620.asm
                  HLVDCON   0x000fd2       data     extern C:\MCC18\src\traditional\proc\p18F4620.asm
              HLVDCONbits   0x000fd2       data     extern C:\MCC18\src\traditional\proc\p18F4620.asm
               LVDCONbits   0x000fd2       data     extern C:\MCC18\src\traditional\proc\p18F4620.asm
                   LVDCON   0x000fd2       data     extern C:\MCC18\src\traditional\proc\p18F4620.asm
               OSCCONbits   0x000fd3       data     extern C:\MCC18\src\traditional\proc\p18F4620.asm
                   OSCCON   0x000fd3       data     extern C:\MCC18\src\traditional\proc\p18F4620.asm
                    DEBUG   0x000fd4       data     extern C:\MCC18\src\traditional\proc\p18F4620.asm
                T0CONbits   0x000fd5       data     extern C:\MCC18\src\traditional\proc\p18F4620.asm
                    T0CON   0x000fd5       data     extern C:\MCC18\src\traditional\proc\p18F4620.asm
                    TMR0L   0x000fd6       data     extern C:\MCC18\src\traditional\proc\p18F4620.asm
                    TMR0H   0x000fd7       data     extern C:\MCC18\src\traditional\proc\p18F4620.asm
               STATUSbits   0x000fd8       data     extern C:\MCC18\src\traditional\proc\p18F4620.asm
                   STATUS   0x000fd8       data     extern C:\MCC18\src\traditional\proc\p18F4620.asm
                    FSR2L   0x000fd9       data     extern C:\MCC18\src\traditional\proc\p18F4620.asm
                     FSR2   0x000fd9       data     extern C:\MCC18\src\traditional\proc\p18F4620.asm
                    FSR2H   0x000fda       data     extern C:\MCC18\src\traditional\proc\p18F4620.asm
                   PLUSW2   0x000fdb       data     extern C:\MCC18\src\traditional\proc\p18F4620.asm
                  PREINC2   0x000fdc       data     extern C:\MCC18\src\traditional\proc\p18F4620.asm
                 POSTDEC2   0x000fdd       data     extern C:\MCC18\src\traditional\proc\p18F4620.asm
                 POSTINC2   0x000fde       data     extern C:\MCC18\src\traditional\proc\p18F4620.asm
                    INDF2   0x000fdf       data     extern C:\MCC18\src\traditional\proc\p18F4620.asm
                      BSR   0x000fe0       data     extern C:\MCC18\src\traditional\proc\p18F4620.asm
                     FSR1   0x000fe1       data     extern C:\MCC18\src\traditional\proc\p18F4620.asm
                    FSR1L   0x000fe1       data     extern C:\MCC18\src\traditional\proc\p18F4620.asm
                    FSR1H   0x000fe2       data     extern C:\MCC18\src\traditional\proc\p18F4620.asm
                   PLUSW1   0x000fe3       data     extern C:\MCC18\src\traditional\proc\p18F4620.asm
                  PREINC1   0x000fe4       data     extern C:\MCC18\src\traditional\proc\p18F4620.asm
                 POSTDEC1   0x000fe5       data     extern C:\MCC18\src\traditional\proc\p18F4620.asm
                 POSTINC1   0x000fe6       data     extern C:\MCC18\src\traditional\proc\p18F4620.asm
                    INDF1   0x000fe7       data     extern C:\MCC18\src\traditional\proc\p18F4620.asm
                     WREG   0x000fe8       data     extern C:\MCC18\src\traditional\proc\p18F4620.asm
                        W   0x000fe8       data     extern C:\MCC18\src\traditional\proc\p18F4620.asm
                     FSR0   0x000fe9       data     extern C:\MCC18\src\traditional\proc\p18F4620.asm
                    FSR0L   0x000fe9       data     extern C:\MCC18\src\traditional\proc\p18F4620.asm
                    FSR0H   0x000fea       data     extern C:\MCC18\src\traditional\proc\p18F4620.asm
                   PLUSW0   0x000feb       data     extern C:\MCC18\src\traditional\proc\p18F4620.asm
                  PREINC0   0x000fec       data     extern C:\MCC18\src\traditional\proc\p18F4620.asm
                 POSTDEC0   0x000fed       data     extern C:\MCC18\src\traditional\proc\p18F4620.asm
                 POSTINC0   0x000fee       data     extern C:\MCC18\src\traditional\proc\p18F4620.asm
                    INDF0   0x000fef       data     extern C:\MCC18\src\traditional\proc\p18F4620.asm
                  INTCON3   0x000ff0       data     extern C:\MCC18\src\traditional\proc\p18F4620.asm
              INTCON3bits   0x000ff0       data     extern C:\MCC18\src\traditional\proc\p18F4620.asm
                  INTCON2   0x000ff1       data     extern C:\MCC18\src\traditional\proc\p18F4620.asm
              INTCON2bits   0x000ff1       data     extern C:\MCC18\src\traditional\proc\p18F4620.asm
                   INTCON   0x000ff2       data     extern C:\MCC18\src\traditional\proc\p18F4620.asm
               INTCONbits   0x000ff2       data     extern C:\MCC18\src\traditional\proc\p18F4620.asm
                    PRODL   0x000ff3       data     extern C:\MCC18\src\traditional\proc\p18F4620.asm
                     PROD   0x000ff3       data     extern C:\MCC18\src\traditional\proc\p18F4620.asm
                    PRODH   0x000ff4       data     extern C:\MCC18\src\traditional\proc\p18F4620.asm
                   TABLAT   0x000ff5       data     extern C:\MCC18\src\traditional\proc\p18F4620.asm
                  TBLPTRL   0x000ff6       data     extern C:\MCC18\src\traditional\proc\p18F4620.asm
                   TBLPTR   0x000ff6       data     extern C:\MCC18\src\traditional\proc\p18F4620.asm
                  TBLPTRH   0x000ff7       data     extern C:\MCC18\src\traditional\proc\p18F4620.asm
                  TBLPTRU   0x000ff8       data     extern C:\MCC18\src\traditional\proc\p18F4620.asm
                      PCL   0x000ff9       data     extern C:\MCC18\src\traditional\proc\p18F4620.asm
                       PC   0x000ff9       data     extern C:\MCC18\src\traditional\proc\p18F4620.asm
                   PCLATH   0x000ffa       data     extern C:\MCC18\src\traditional\proc\p18F4620.asm
                   PCLATU   0x000ffb       data     extern C:\MCC18\src\traditional\proc\p18F4620.asm
                   STKPTR   0x000ffc       data     extern C:\MCC18\src\traditional\proc\p18F4620.asm
               STKPTRbits   0x000ffc       data     extern C:\MCC18\src\traditional\proc\p18F4620.asm
                      TOS   0x000ffd       data     extern C:\MCC18\src\traditional\proc\p18F4620.asm
                     TOSL   0x000ffd       data     extern C:\MCC18\src\traditional\proc\p18F4620.asm
                     TOSH   0x000ffe       data     extern C:\MCC18\src\traditional\proc\p18F4620.asm
                     TOSU   0x000fff       data     extern C:\MCC18\src\traditional\proc\p18F4620.asm


