MPLINK 4.22, Linker
Linker Map File - Created Sat Mar 07 16:00:57 2009

                                 Section Info
                  Section       Type    Address   Location Size(Bytes)
                ---------  ---------  ---------  ---------  ---------
               _entry_scn       code   0x000000    program   0x000006
               highVector       code   0x000008    program   0x000006
               lowhVector       code   0x000018    program   0x000006
               macaddress    romdata   0x00002a    program   0x000008
                   .cinit    romdata   0x000032    program   0x00000e
    .code_zMAC_MRF24J40.o       code   0x000040    program   0x00234e
             .code_zAPS.o       code   0x00238e    program   0x001d5a
             .code_zNWK.o       code   0x0040e8    program   0x001570
             .code_zZDO.o       code   0x005658    program   0x000e0e
              .code_RFD.o       code   0x006466    program   0x000b94
    .code_zPHY_MRF24J40.o       code   0x006ffa    program   0x000900
             .stringtable    romdata   0x0078fa    program   0x000540
          .code_sralloc.o       code   0x007e3a    program   0x0003c0
      .code_ZigbeeTasks.o       code   0x0081fa    program   0x0003a8
             .code_zNVM.o       code   0x0085a2    program   0x00036a
                     PROG       code   0x00890c    program   0x0001fe
          .code_Console.o       code   0x008b0a    program   0x00019c
                   STRING       code   0x008ca6    program   0x000160
          .romdata_zNVM.o    romdata   0x008e06    program   0x00010d
   .romdata_ZigbeeTasks.o    romdata   0x008f13    program   0x000000
 .idata_zMAC_MRF24J40.o_i    romdata   0x008f13    program   0x000000
          .idata_zNWK.o_i    romdata   0x008f13    program   0x000000
          .romdata_zNWK.o    romdata   0x008f13    program   0x000000
 .idata_zPHY_MRF24J40.o_i    romdata   0x008f13    program   0x000000
 .romdata_zPHY_MRF24J40.o    romdata   0x008f13    program   0x000000
         .romdata_c018i.o    romdata   0x008f13    program   0x000000
.idata_zSecurity_MRF24J40.o_i    romdata   0x008f13    program   0x000000
.romdata_zSecurity_MRF24J40.o    romdata   0x008f13    program   0x000000
          .idata_zZDO.o_i    romdata   0x008f13    program   0x000000
          .romdata_zZDO.o    romdata   0x008f13    program   0x000000
        .idata___init.o_i    romdata   0x008f13    program   0x000000
        .romdata___init.o    romdata   0x008f13    program   0x000000
         .idata_c018i.o_i    romdata   0x008f13    program   0x000000
      .idata_myZigBee.o_i    romdata   0x008f13    program   0x000000
           .idata_RFD.o_i    romdata   0x008f13    program   0x000000
           .romdata_RFD.o    romdata   0x008f13    program   0x000000
       .romdata_sralloc.o    romdata   0x008f13    program   0x000000
       .idata_sralloc.o_i    romdata   0x008f13    program   0x000000
          .romdata_MSPI.o    romdata   0x008f13    program   0x000000
          .idata_MSPI.o_i    romdata   0x008f13    program   0x000000
    .idata_SymbolTime.o_i    romdata   0x008f13    program   0x000000
    .romdata_SymbolTime.o    romdata   0x008f13    program   0x000000
          .idata_zAPS.o_i    romdata   0x008f13    program   0x000000
          .romdata_zAPS.o    romdata   0x008f13    program   0x000000
       .idata_Console.o_i    romdata   0x008f13    program   0x000000
   .idata_ZigbeeTasks.o_i    romdata   0x008f13    program   0x000000
               _cinit_scn       code   0x008f14    program   0x00009e
            .code_c018i.o       code   0x008f14    program   0x000000
         .code_myZigBee.o       code   0x008f14    program   0x000000
.code_zSecurity_MRF24J40.o       code   0x008f14    program   0x000000
       .code_SymbolTime.o       code   0x008fb2    program   0x00009c
      .romdata_myZigBee.o    romdata   0x00904e    program   0x000040
 .romdata_zMAC_MRF24J40.o    romdata   0x00908e    program   0x00003c
             .code_MSPI.o       code   0x0090ca    program   0x00002e
             _startup_scn       code   0x0090f8    program   0x00001c
       .romdata_Console.o    romdata   0x009114    program   0x000010
                    .code       code   0x009124    program   0x00000e
           .code___init.o       code   0x009132    program   0x000002
          .idata_zNVM.o_i    romdata   0x009134    program   0x000002
                 CONFIG1H    romdata   0x300001    program   0x000001
                 CONFIG2L    romdata   0x300002    program   0x000001
                 CONFIG2H    romdata   0x300003    program   0x000001
                 CONFIG3H    romdata   0x300005    program   0x000001
                 CONFIG4L    romdata   0x300006    program   0x000001
                MATH_DATA      udata   0x000000       data   0x000014
                 .tmpdata      udata   0x000014       data   0x00000c
              HighISR_tmp      udata   0x000020       data   0x000004
   .udata_zMAC_MRF24J40.o      udata   0x000080       data   0x000053
            .udata_zNVM.o      udata   0x0000d3       data   0x000021
           .udata_c018i.o      udata   0x0000f4       data   0x00000a
            .udata_zZDO.o      udata   0x0000fe       data   0x000002
            MultiBankHeap      udata   0x000100       data   0x000800
                   .stack      udata   0x000900       data   0x000100
                RX_BUFFER      udata   0x000a00       data   0x000100
     .udata_ZigbeeTasks.o      udata   0x000e00       data   0x0000aa
            .udata_zAPS.o      udata   0x000eaa       data   0x00001f
            .udata_zNWK.o      udata   0x000ec9       data   0x00001e
             .udata_RFD.o      udata   0x000ee7       data   0x000009
      .udata_SymbolTime.o      udata   0x000ef0       data   0x000002
            .idata_zNVM.o      idata   0x000ef2       data   0x000002
   .udata_zPHY_MRF24J40.o      udata   0x000f00       data   0x00000f
            .idata_zNWK.o      idata   0x000f0f       data   0x000000
   .idata_zPHY_MRF24J40.o      idata   0x000f0f       data   0x000000
         .idata_Console.o      idata   0x000f0f       data   0x000000
.udata_zSecurity_MRF24J40.o      udata   0x000f0f       data   0x000000
.idata_zSecurity_MRF24J40.o      idata   0x000f0f       data   0x000000
         .udata_Console.o      udata   0x000f0f       data   0x000000
            .idata_zZDO.o      idata   0x000f0f       data   0x000000
          .udata___init.o      udata   0x000f0f       data   0x000000
          .idata___init.o      idata   0x000f0f       data   0x000000
           .idata_c018i.o      idata   0x000f0f       data   0x000000
            .udata_MSPI.o      udata   0x000f0f       data   0x000000
   .idata_zMAC_MRF24J40.o      idata   0x000f0f       data   0x000000
            .idata_MSPI.o      idata   0x000f0f       data   0x000000
     .idata_ZigbeeTasks.o      idata   0x000f0f       data   0x000000
            .idata_zAPS.o      idata   0x000f0f       data   0x000000
      .idata_SymbolTime.o      idata   0x000f0f       data   0x000000
             .idata_RFD.o      idata   0x000f0f       data   0x000000
        .idata_myZigBee.o      idata   0x000f0f       data   0x000000
        .udata_myZigBee.o      udata   0x000f0f       data   0x000000
         .udata_sralloc.o      udata   0x000f0f       data   0x000000
         .idata_sralloc.o      idata   0x000f0f       data   0x000000
            SFR_UNBANKED0      udata   0x000f80       data   0x000080



                              Program Memory Usage 
                               Start         End      
                           ---------   ---------      
                            0x000000    0x000005      
                            0x000008    0x00000d      
                            0x000018    0x00001d      
                            0x00002a    0x008f12      
                            0x008f14    0x009135      
                            0x300001    0x300003      
                            0x300005    0x300006      
            37154 out of 66584 program addresses used, program memory utilization is 55%



                              Symbols - Sorted by Name
                     Name    Address   Location    Storage File                     
                ---------  ---------  ---------  --------- ---------                
  APSClearAPSAddressTable   0x003cfa    program     extern C:\MPZBee\ZigbeeStack\zAPS.c
       APSFromLongToShort   0x004088    program     extern C:\MPZBee\ZigbeeStack\zAPS.c
       APSFromShortToLong   0x003fde    program     extern C:\MPZBee\ZigbeeStack\zAPS.c
                   APSGet   0x003d6a    program     extern C:\MPZBee\ZigbeeStack\zAPS.c
    APSHasBackgroundTasks   0x00238e    program     extern C:\MPZBee\ZigbeeStack\zAPS.c
                  APSInit   0x0023a0    program     extern C:\MPZBee\ZigbeeStack\zAPS.c
        APSSaveAPSAddress   0x003e24    program     extern C:\MPZBee\ZigbeeStack\zAPS.c
                 APSTasks   0x0024d2    program     extern C:\MPZBee\ZigbeeStack\zAPS.c
       CanAddNeighborNode   0x005100    program     extern C:\MPZBee\ZigbeeStack\zNWK.c
           CharacterArray   0x009114    program     extern C:\MPZBee\Common\Console.c
                 ClearNVM   0x00884c    program     extern C:\MPZBee\ZigbeeStack\zNVM.c
Config_NWK_Mode_and_Params   0x009084    program     extern C:\MpZBee\DemoRFD\myZigBee.c
   Config_Node_Descriptor   0x00904e    program     extern C:\MpZBee\DemoRFD\myZigBee.c
  Config_Power_Descriptor   0x009056    program     extern C:\MpZBee\DemoRFD\myZigBee.c
Config_Simple_Descriptors   0x009058    program     extern C:\MpZBee\DemoRFD\myZigBee.c
               ConsoleGet   0x008c34    program     extern C:\MPZBee\Common\Console.c
         ConsoleGetString   0x008b60    program     extern C:\MPZBee\Common\Console.c
              ConsoleInit   0x008b0a    program     extern C:\MPZBee\Common\Console.c
               ConsolePut   0x008bde    program     extern C:\MPZBee\Common\Console.c
      ConsolePutROMString   0x008b22    program     extern C:\MPZBee\Common\Console.c
         ConsolePutString   0x008bf8    program     extern C:\MPZBee\Common\Console.c
      DoneReceivingPacket   0x00786a    program     static                          
                 FLO3232S   0x008910    program     extern C:\MCC18\src\traditional\math\cast32FP.asm
                 FLO3232U   0x00890c    program     extern C:\MCC18\src\traditional\math\cast32FP.asm
   FinishAddressResponses   0x006216    program     extern C:\MPZBee\ZigbeeStack\zZDO.C
             HardwareInit   0x006fa8    program     extern C:\MpZBee\DemoRFD\RFD.c  
                  HighISR   0x0074ec    program     extern C:\MPZBee\ZigbeeStack\zPHY_MRF24J40.c
               HighVector   0x000008    program     extern C:\MPZBee\ZigbeeStack\zPHY_MRF24J40.c
          InitSymbolTimer   0x008fb2    program     extern C:\MPZBee\ZigbeeStack\SymbolTime.c
        IsThisMyShortAddr   0x0063ae    program     extern C:\MPZBee\ZigbeeStack\zZDO.C
         LookupAPSAddress   0x003d8c    program     extern C:\MPZBee\ZigbeeStack\zAPS.c
     LookupAPSLongAddress   0x003f48    program     extern C:\MPZBee\ZigbeeStack\zAPS.c
                LowVector   0x000018    program     extern C:\MPZBee\ZigbeeStack\zPHY_MRF24J40.c
               MACDisable   0x000082    program     extern C:\MPZBee\ZigbeeStack\zMAC_MRF24J40.c
             MACDiscardRx   0x00006a    program     extern C:\MPZBee\ZigbeeStack\zMAC_MRF24J40.c
                MACEnable   0x000096    program     extern C:\MPZBee\ZigbeeStack\zMAC_MRF24J40.c
                   MACGet   0x000052    program     extern C:\MPZBee\ZigbeeStack\zMAC_MRF24J40.c
    MACHasBackgroundTasks   0x000040    program     extern C:\MPZBee\ZigbeeStack\zMAC_MRF24J40.c
                  MACInit   0x000170    program     extern C:\MPZBee\ZigbeeStack\zMAC_MRF24J40.c
                 MACTasks   0x0001ce    program     extern C:\MPZBee\ZigbeeStack\zMAC_MRF24J40.c
     MLME_SET_macPANId_hw   0x00234a    program     extern C:\MPZBee\ZigbeeStack\zMAC_MRF24J40.c
MLME_SET_macShortAddress_hw   0x00236c    program     extern C:\MPZBee\ZigbeeStack\zMAC_MRF24J40.c
         NLME_GET_nwkBCSN   0x00519c    program     extern C:\MPZBee\ZigbeeStack\zNWK.c
                  NVMInit   0x0085a2    program     extern C:\MPZBee\ZigbeeStack\zNVM.c
                 NVMWrite   0x0085a8    program     extern C:\MPZBee\ZigbeeStack\zNVM.c
    NWKClearNeighborTable   0x0051ac    program     extern C:\MPZBee\ZigbeeStack\zNWK.c
                   NWKGet   0x00523e    program     extern C:\MPZBee\ZigbeeStack\zNWK.c
    NWKHasBackgroundTasks   0x0040e8    program     extern C:\MPZBee\ZigbeeStack\zNWK.c
                  NWKInit   0x0040fa    program     extern C:\MPZBee\ZigbeeStack\zNWK.c
  NWKLookupNodeByLongAddr   0x005260    program     extern C:\MPZBee\ZigbeeStack\zNWK.c
NWKLookupNodeByShortAddrVal   0x0052fc    program     extern C:\MPZBee\ZigbeeStack\zNWK.c
                 NWKTasks   0x004166    program     extern C:\MPZBee\ZigbeeStack\zNWK.c
   NWKThisIsMyLongAddress   0x005386    program     extern C:\MPZBee\ZigbeeStack\zNWK.c
     NWKTidyNeighborTable   0x00540c    program     extern C:\MPZBee\ZigbeeStack\zNWK.c
                   PHYGet   0x006ffa    program     extern C:\MPZBee\ZigbeeStack\zPHY_MRF24J40.c
        PHYGetLongRAMAddr   0x007430    program     extern C:\MPZBee\ZigbeeStack\zPHY_MRF24J40.c
       PHYGetShortRAMAddr   0x0073da    program     extern C:\MPZBee\ZigbeeStack\zPHY_MRF24J40.c
    PHYHasBackgroundTasks   0x007038    program     extern C:\MPZBee\ZigbeeStack\zPHY_MRF24J40.c
                  PHYInit   0x007040    program     extern C:\MPZBee\ZigbeeStack\zPHY_MRF24J40.c
        PHYSetLongRAMAddr   0x0072f4    program     extern C:\MPZBee\ZigbeeStack\zPHY_MRF24J40.c
        PHYSetOutputPower   0x0074c6    program     extern C:\MPZBee\ZigbeeStack\zPHY_MRF24J40.c
       PHYSetShortRAMAddr   0x007384    program     extern C:\MPZBee\ZigbeeStack\zPHY_MRF24J40.c
                 PHYTasks   0x0071f8    program     extern C:\MPZBee\ZigbeeStack\zPHY_MRF24J40.c
   PrepareMessageResponse   0x006418    program     extern C:\MPZBee\ZigbeeStack\zZDO.C
Prepare_MCPS_DATA_request   0x0054ec    program     extern C:\MPZBee\ZigbeeStack\zNWK.c
                PrintChar   0x008c42    program     extern C:\MPZBee\Common\Console.c
 RemoveNeighborTableEntry   0x005582    program     extern C:\MPZBee\ZigbeeStack\zNWK.c
                   SPIGet   0x0090ec    program     extern C:\MPZBee\Common\MSPI.c  
                   SPIPut   0x0090ca    program     extern C:\MPZBee\Common\MSPI.c  
             SRAMInitHeap   0x008028    program     extern C:\MPZBee\Common\sralloc.c
                SRAMalloc   0x007e3a    program     extern C:\MPZBee\Common\sralloc.c
                 SRAMfree   0x008004    program     extern C:\MPZBee\Common\sralloc.c
        SubmitJoinRequest   0x006598    program     static                          
                  TAGTB32   0x008942    program     extern C:\MCC18\src\traditional\math\gtFP.asm
                  TickGet   0x008fc6    program     extern C:\MPZBee\ZigbeeStack\SymbolTime.c
     UserInterruptHandler   0x006fdc    program     extern C:\MpZBee\DemoRFD\RFD.c  
VariableAndTableInitialization   0x0055f0    program     extern C:\MPZBee\ZigbeeStack\zNWK.c
    ZDOHasBackgroundTasks   0x005658    program     extern C:\MPZBee\ZigbeeStack\zZDO.C
                  ZDOInit   0x00566a    program     extern C:\MPZBee\ZigbeeStack\zZDO.C
                 ZDOTasks   0x005670    program     extern C:\MPZBee\ZigbeeStack\zZDO.C
               ZigBeeInit   0x0081fa    program     extern C:\MPZBee\ZigbeeStack\ZigbeeTasks.c
              ZigBeeTasks   0x008230    program     extern C:\MPZBee\ZigbeeStack\ZigbeeTasks.c
              _2jContinue   0x008df2    program     static C:\MCC18\src\traditional\stdclib\memset.asm
              _3jContinue   0x008d22    program     static C:\MCC18\src\traditional\stdclib\mcmpp2r.asm
              _3jContinue   0x008dbe    program     static C:\MCC18\src\traditional\stdclib\mcpyp2r.asm
                   _3jEnd   0x008dfc    program     static C:\MCC18\src\traditional\stdclib\memset.asm
              _4jContinue   0x008d6a    program     static C:\MCC18\src\traditional\stdclib\memcpy.asm
              _4jContinue   0x008cd2    program     static C:\MCC18\src\traditional\stdclib\memcmp.asm
                   _4jEnd   0x008dc8    program     static C:\MCC18\src\traditional\stdclib\mcpyp2r.asm
                   _4jEnd   0x008d2c    program     static C:\MCC18\src\traditional\stdclib\mcmpp2r.asm
                   _5jEnd   0x008d74    program     static C:\MCC18\src\traditional\stdclib\memcpy.asm
                   _5jEnd   0x008cdc    program     static C:\MCC18\src\traditional\stdclib\memcmp.asm
               _SRAMmerge   0x0080d0    program     extern C:\MPZBee\Common\sralloc.c
              __FpCompare   0x008954    program     extern C:\MCC18\src\traditional\math\compFP.asm
                 __FpExit   0x008a0a    program     extern C:\MCC18\src\traditional\math\packFP.asm
                 __FpPack   0x008a36    program     extern C:\MCC18\src\traditional\math\packFP.asm
            __FpReturnNaN   0x0089fe    program     extern C:\MCC18\src\traditional\math\packFP.asm
         __FpReturnNegInf   0x008a10    program     extern C:\MCC18\src\traditional\math\packFP.asm
        __FpReturnNegZero   0x008a28    program     extern C:\MCC18\src\traditional\math\packFP.asm
         __FpReturnPosInf   0x008a16    program     extern C:\MCC18\src\traditional\math\packFP.asm
        __FpReturnPosZero   0x008a30    program     extern C:\MCC18\src\traditional\math\packFP.asm
        __FpReturnSignInf   0x008a0c    program     extern C:\MCC18\src\traditional\math\packFP.asm
       __FpReturnSignZero   0x008a24    program     extern C:\MCC18\src\traditional\math\packFP.asm
              __FpReturnW   0x008a8e    program     extern C:\MCC18\src\traditional\math\packFP.asm
              __FpUnPackA   0x008aae    program     extern C:\MCC18\src\traditional\math\UnpackFP.asm
              __FpUnPackB   0x008ade    program     extern C:\MCC18\src\traditional\math\UnpackFP.asm
       ___case_0_lbl00027   0x0067e2    program     static                          
       ___case_0_lbl00032   0x00683e    program     static                          
       ___case_0_lbl00042   0x006940    program     static                          
       ___case_0_lbl00059   0x006aea    program     static                          
       ___case_0_lbl00095   0x006c24    program     static                          
     ___case_100_lbl00073   0x0084dc    program     static                          
     ___case_101_lbl00086   0x0084ec    program     static                          
     ___case_102_lbl00072   0x0084dc    program     static                          
     ___case_103_lbl00085   0x0084ec    program     static                          
     ___case_104_lbl00071   0x0084dc    program     static                          
     ___case_105_lbl00084   0x0084ec    program     static                          
     ___case_106_lbl00070   0x0084dc    program     static                          
     ___case_107_lbl00083   0x0084ec    program     static                          
      ___case_10_lbl00010   0x0084ac    program     static                          
      ___case_11_lbl00032   0x0084bc    program     static                          
     ___case_128_lbl00040   0x0068c6    program     static                          
      ___case_12_lbl00012   0x0084ac    program     static                          
     ___case_132_lbl00043   0x006964    program     static                          
     ___case_133_lbl00044   0x006976    program     static                          
     ___case_134_lbl00045   0x006988    program     static                          
      ___case_13_lbl00031   0x0084bc    program     static                          
     ___case_160_lbl00047   0x00692a    program     static                          
      ___case_16_lbl00030   0x0084bc    program     static                          
      ___case_17_lbl00069   0x0084cc    program     static                          
      ___case_18_lbl00068   0x0084cc    program     static                          
     ___case_193_lbl00029   0x006806    program     static                          
     ___case_198_lbl00028   0x0067f4    program     static                          
      ___case_19_lbl00029   0x0084bc    program     static                          
       ___case_1_lbl00015   0x0084ac    program     static                          
      ___case_20_lbl00067   0x0084cc    program     static                          
      ___case_21_lbl00028   0x0084bc    program     static                          
      ___case_22_lbl00066   0x0084cc    program     static                          
      ___case_23_lbl00027   0x0084bc    program     static                          
     ___case_240_lbl00061   0x006b36    program     static                          
      ___case_24_lbl00065   0x0084cc    program     static                          
     ___case_255_lbl00060   0x006b10    program     static                          
      ___case_25_lbl00026   0x0084bc    program     static                          
      ___case_26_lbl00064   0x0084cc    program     static                          
      ___case_27_lbl00063   0x0084cc    program     static                          
      ___case_28_lbl00062   0x0084cc    program     static                          
      ___case_29_lbl00025   0x0084bc    program     static                          
       ___case_2_lbl00036   0x0084bc    program     static                          
      ___case_30_lbl00061   0x0084cc    program     static                          
      ___case_31_lbl00024   0x0084bc    program     static                          
      ___case_32_lbl00060   0x0084cc    program     static                          
      ___case_33_lbl00059   0x0084cc    program     static                          
      ___case_34_lbl00058   0x0084cc    program     static                          
      ___case_35_lbl00023   0x0084bc    program     static                          
      ___case_36_lbl00022   0x0084bc    program     static                          
      ___case_37_lbl00057   0x0084cc    program     static                          
      ___case_38_lbl00021   0x0084bc    program     static                          
      ___case_39_lbl00056   0x0084cc    program     static                          
       ___case_3_lbl00037   0x0084bc    program     static                          
      ___case_40_lbl00020   0x0084bc    program     static                          
      ___case_41_lbl00055   0x0084cc    program     static                          
      ___case_42_lbl00054   0x0084cc    program     static                          
      ___case_43_lbl00019   0x0084bc    program     static                          
      ___case_44_lbl00053   0x0084cc    program     static                          
      ___case_45_lbl00018   0x0084bc    program     static                          
      ___case_46_lbl00052   0x0084cc    program     static                          
      ___case_47_lbl00017   0x0084bc    program     static                          
      ___case_48_lbl00051   0x0084cc    program     static                          
      ___case_49_lbl00016   0x0084bc    program     static                          
       ___case_4_lbl00014   0x0084ac    program     static                          
      ___case_50_lbl00050   0x0084cc    program     static                          
      ___case_51_lbl00049   0x0084cc    program     static                          
      ___case_52_lbl00082   0x0084dc    program     static                          
      ___case_53_lbl00081   0x0084dc    program     static                          
      ___case_54_lbl00004   0x006566    program     static                          
      ___case_54_lbl00109   0x0084fc    program     static                          
      ___case_55_lbl00108   0x0084fc    program     static                          
      ___case_56_lbl00107   0x0084fc    program     static                          
      ___case_57_lbl00106   0x0084fc    program     static                          
      ___case_58_lbl00009   0x006618    program     static                          
      ___case_58_lbl00105   0x0084fc    program     static                          
      ___case_59_lbl00104   0x0084fc    program     static                          
       ___case_5_lbl00033   0x0084bc    program     static                          
      ___case_60_lbl00103   0x0084fc    program     static                          
      ___case_61_lbl00025   0x0067ba    program     static                          
      ___case_61_lbl00102   0x0084fc    program     static                          
      ___case_62_lbl00030   0x0067d0    program     static                          
      ___case_62_lbl00101   0x0084fc    program     static                          
      ___case_63_lbl00100   0x0084fc    program     static                          
      ___case_64_lbl00099   0x0084fc    program     static                          
      ___case_65_lbl00048   0x0084cc    program     static                          
      ___case_66_lbl00047   0x0084cc    program     static                          
      ___case_67_lbl00046   0x0084cc    program     static                          
      ___case_68_lbl00045   0x0084cc    program     static                          
      ___case_69_lbl00044   0x0084cc    program     static                          
       ___case_6_lbl00013   0x0084ac    program     static                          
      ___case_70_lbl00043   0x0084cc    program     static                          
      ___case_71_lbl00042   0x0084cc    program     static                          
      ___case_72_lbl00041   0x0084cc    program     static                          
      ___case_73_lbl00040   0x0084cc    program     static                          
      ___case_74_lbl00039   0x0084cc    program     static                          
      ___case_75_lbl00038   0x0084cc    program     static                          
      ___case_76_lbl00098   0x0084fc    program     static                          
      ___case_77_lbl00024   0x00675e    program     static                          
      ___case_77_lbl00097   0x0084fc    program     static                          
      ___case_78_lbl00096   0x0084fc    program     static                          
      ___case_79_lbl00080   0x0084dc    program     static                          
       ___case_7_lbl00035   0x0084bc    program     static                          
      ___case_80_lbl00074   0x006bdc    program     static                          
      ___case_80_lbl00110   0x0084fc    program     static                          
      ___case_81_lbl00071   0x00681e    program     static                          
      ___case_81_lbl00095   0x0084fc    program     static                          
      ___case_82_lbl00079   0x0084dc    program     static                          
      ___case_85_lbl00078   0x0084dc    program     static                          
      ___case_86_lbl00094   0x0084fc    program     static                          
      ___case_89_lbl00093   0x0084fc    program     static                          
       ___case_8_lbl00011   0x0084ac    program     static                          
       ___case_8_lbl00069   0x0069d8    program     static                          
      ___case_90_lbl00092   0x0084ec    program     static                          
      ___case_91_lbl00091   0x0084ec    program     static                          
      ___case_92_lbl00090   0x0084ec    program     static                          
      ___case_93_lbl00089   0x0084ec    program     static                          
      ___case_94_lbl00077   0x0084dc    program     static                          
      ___case_95_lbl00076   0x0084dc    program     static                          
      ___case_96_lbl00087   0x0084ec    program     static                          
      ___case_97_lbl00075   0x0084dc    program     static                          
      ___case_98_lbl00074   0x0084dc    program     static                          
      ___case_99_lbl00088   0x0084ec    program     static                          
       ___case_9_lbl00034   0x0084bc    program     static                          
      ___default_lbl00046   0x00699a    program     static                          
      ___default_lbl00048   0x0069b2    program     static                          
      ___default_lbl00062   0x006b5c    program     static                          
      ___default_lbl00070   0x006bd4    program     static                          
      ___default_lbl00096   0x006f5a    program     static                          
           ___do_lbl00002   0x008548    program     static                          
           ___do_lbl00003   0x008550    program     static                          
           ___do_lbl00010   0x0071e6    program     static                          
           ___do_lbl00011   0x0071ee    program     static                          
           ___do_lbl00012   0x0071d6    program     static                          
           ___do_lbl00117   0x008248    program     static                          
         ___else_lbl00006   0x006588    program     static                          
         ___else_lbl00008   0x0065fa    program     static                          
         ___else_lbl00013   0x0066b4    program     static                          
         ___else_lbl00017   0x00670a    program     static                          
         ___else_lbl00019   0x0066c6    program     static                          
         ___else_lbl00021   0x006674    program     static                          
         ___else_lbl00023   0x0067a4    program     static                          
         ___else_lbl00035   0x00758a    program     static                          
         ___else_lbl00041   0x0075f0    program     static                          
         ___else_lbl00047   0x00766a    program     static                          
         ___else_lbl00052   0x007738    program     static                          
         ___else_lbl00059   0x0077a2    program     static                          
         ___else_lbl00062   0x007820    program     static                          
         ___else_lbl00064   0x007856    program     static                          
         ___else_lbl00065   0x006bc8    program     static                          
         ___else_lbl00066   0x007860    program     static                          
         ___else_lbl00073   0x006c0e    program     static                          
         ___else_lbl00076   0x006c78    program     static                          
         ___else_lbl00081   0x006d86    program     static                          
         ___else_lbl00091   0x006f04    program     static                          
         ___else_lbl00094   0x006ca2    program     static                          
         ___else_lbl00116   0x00853e    program     static                          
         ___else_lbl00123   0x008592    program     static                          
          ___for_lbl00004   0x007070    program     static                          
          ___for_lbl00005   0x007074    program     static                          
          ___for_lbl00006   0x00705a    program     static                          
          ___for_lbl00007   0x00708e    program     static                          
          ___for_lbl00008   0x007092    program     static                          
          ___for_lbl00009   0x007078    program     static                          
          ___for_lbl00019   0x0088ec    program     static                          
          ___for_lbl00020   0x0088f8    program     static                          
          ___for_lbl00023   0x008862    program     static                          
          ___for_lbl00033   0x0069d0    program     static                          
          ___for_lbl00034   0x0069d6    program     static                          
          ___for_lbl00036   0x0068fa    program     static                          
          ___for_lbl00037   0x006900    program     static                          
          ___for_lbl00038   0x0068e2    program     static                          
          ___for_lbl00049   0x0069ca    program     static                          
          ___for_lbl00050   0x0069d0    program     static                          
          ___for_lbl00051   0x0069b4    program     static                          
          ___for_lbl00052   0x006882    program     static                          
          ___for_lbl00054   0x006bcc    program     static                          
          ___for_lbl00055   0x006bd2    program     static                          
          ___for_lbl00067   0x0069f2    program     static                          
           ___if_lbl00004   0x00825e    program     static                          
           ___if_lbl00004   0x008616    program     static                          
           ___if_lbl00005   0x0065f8    program     static                          
           ___if_lbl00005   0x008272    program     static                          
           ___if_lbl00006   0x008286    program     static                          
           ___if_lbl00007   0x00829a    program     static                          
           ___if_lbl00007   0x006614    program     static                          
           ___if_lbl00007   0x008696    program     static                          
           ___if_lbl00008   0x0086d0    program     static                          
           ___if_lbl00008   0x0082ae    program     static                          
           ___if_lbl00012   0x0066c4    program     static                          
           ___if_lbl00014   0x00878c    program     static                          
           ___if_lbl00016   0x00675a    program     static                          
           ___if_lbl00017   0x008810    program     static                          
           ___if_lbl00018   0x00675a    program     static                          
           ___if_lbl00020   0x00675a    program     static                          
           ___if_lbl00022   0x0067b4    program     static                          
           ___if_lbl00033   0x007594    program     static                          
           ___if_lbl00034   0x007594    program     static                          
           ___if_lbl00036   0x007594    program     static                          
           ___if_lbl00039   0x0075d0    program     static                          
           ___if_lbl00039   0x006928    program     static                          
           ___if_lbl00040   0x0075f4    program     static                          
           ___if_lbl00042   0x0075f4    program     static                          
           ___if_lbl00043   0x0075f8    program     static                          
           ___if_lbl00044   0x0075fc    program     static                          
           ___if_lbl00045   0x007646    program     static                          
           ___if_lbl00046   0x007690    program     static                          
           ___if_lbl00048   0x0076e2    program     static                          
           ___if_lbl00051   0x007770    program     static                          
           ___if_lbl00053   0x0077a0    program     static                          
           ___if_lbl00053   0x0069d6    program     static                          
           ___if_lbl00055   0x0077ea    program     static                          
           ___if_lbl00056   0x0077f2    program     static                          
           ___if_lbl00057   0x0077f2    program     static                          
           ___if_lbl00058   0x0077f2    program     static                          
           ___if_lbl00060   0x007810    program     static                          
           ___if_lbl00061   0x007834    program     static                          
           ___if_lbl00063   0x00785e    program     static                          
           ___if_lbl00063   0x006b8e    program     static                          
           ___if_lbl00064   0x006bcc    program     static                          
           ___if_lbl00065   0x00786a    program     static                          
           ___if_lbl00066   0x006bcc    program     static                          
           ___if_lbl00067   0x00786c    program     static                          
           ___if_lbl00068   0x006bd2    program     static                          
           ___if_lbl00068   0x00787a    program     static                          
           ___if_lbl00069   0x00787a    program     static                          
           ___if_lbl00070   0x007892    program     static                          
           ___if_lbl00071   0x007892    program     static                          
           ___if_lbl00072   0x006c1e    program     static                          
           ___if_lbl00072   0x007892    program     static                          
           ___if_lbl00075   0x006ca0    program     static                          
           ___if_lbl00077   0x006ca0    program     static                          
           ___if_lbl00079   0x006ece    program     static                          
           ___if_lbl00080   0x006ece    program     static                          
           ___if_lbl00082   0x006ed0    program     static                          
           ___if_lbl00083   0x006f02    program     static                          
           ___if_lbl00084   0x006f02    program     static                          
           ___if_lbl00088   0x006f58    program     static                          
           ___if_lbl00089   0x006f58    program     static                          
           ___if_lbl00090   0x006f58    program     static                          
           ___if_lbl00092   0x006f58    program     static                          
           ___if_lbl00093   0x006f58    program     static                          
           ___if_lbl00115   0x008546    program     static                          
           ___if_lbl00122   0x00859a    program     static                          
       ___return_lbl00000   0x006f7c    program     static                          
       ___return_lbl00000   0x000004    program     static                          
       ___return_lbl00001   0x009112    program     static                          
       ___return_lbl00001   0x00859a    program     static                          
       ___return_lbl00001   0x008838    program     static                          
       ___return_lbl00002   0x008fb0    program     static                          
       ___return_lbl00003   0x0071ee    program     static                          
       ___return_lbl00018   0x0088f8    program     static                          
       ___return_lbl00027   0x00737c    program     static                          
       ___return_lbl00028   0x0073d2    program     static                          
       ___return_lbl00029   0x007426    program     static                          
       ___return_lbl00030   0x0074bc    program     static                          
       ___return_lbl00032   0x007896    program     static                          
       ___return_lbl00073   0x00000c    program     static                          
       ___return_lbl00074   0x00001c    program     static                          
   ___switchexit_lbl00003   0x006f78    program     static                          
   ___switchexit_lbl00009   0x008548    program     static                          
   ___switchexit_lbl00026   0x006818    program     static                          
   ___switchexit_lbl00031   0x006bd6    program     static                          
   ___switchexit_lbl00035   0x0069b4    program     static                          
   ___switchexit_lbl00041   0x0069ac    program     static                          
   ___switchexit_lbl00058   0x006b8e    program     static                          
        ___while_lbl00001   0x006522    program     static                          
        ___while_lbl00002   0x0085b4    program     static                          
        ___while_lbl00002   0x006f7c    program     static                          
        ___while_lbl00003   0x008838    program     static                          
        ___while_lbl00005   0x008644    program     static                          
        ___while_lbl00006   0x008826    program     static                          
        ___while_lbl00009   0x0086f6    program     static                          
        ___while_lbl00010   0x008752    program     static                          
        ___while_lbl00010   0x006632    program     static                          
        ___while_lbl00011   0x006672    program     static                          
        ___while_lbl00012   0x008774    program     static                          
        ___while_lbl00013   0x008812    program     static                          
        ___while_lbl00014   0x00671a    program     static                          
        ___while_lbl00015   0x0087aa    program     static                          
        ___while_lbl00015   0x00675a    program     static                          
        ___while_lbl00016   0x0087d2    program     static                          
        ___while_lbl00021   0x008884    program     static                          
        ___while_lbl00022   0x0088e0    program     static                          
        ___while_lbl00049   0x0076e2    program     static                          
        ___while_lbl00050   0x007812    program     static                          
        ___while_lbl00086   0x006f2c    program     static                          
        ___while_lbl00087   0x006f30    program     static                          
                   __init   0x009132    program     extern C:\MCC18\src\traditional\stdclib\__init.c
               __string_0   0x007e1b    program     static C:\MpZBee\DemoRFD\RFD.c  
               __string_1   0x007e08    program     static C:\MpZBee\DemoRFD\RFD.c  
              __string_10   0x007cf4    program     static C:\MpZBee\DemoRFD\RFD.c  
              __string_11   0x007ce1    program     static C:\MpZBee\DemoRFD\RFD.c  
              __string_12   0x007cc5    program     static C:\MpZBee\DemoRFD\RFD.c  
              __string_13   0x007cab    program     static C:\MpZBee\DemoRFD\RFD.c  
              __string_14   0x007c99    program     static C:\MpZBee\DemoRFD\RFD.c  
              __string_15   0x007c76    program     static C:\MpZBee\DemoRFD\RFD.c  
              __string_16   0x007c52    program     static C:\MpZBee\DemoRFD\RFD.c  
              __string_17   0x007c2a    program     static C:\MpZBee\DemoRFD\RFD.c  
              __string_18   0x007c0e    program     static C:\MpZBee\DemoRFD\RFD.c  
              __string_19   0x007be9    program     static C:\MpZBee\DemoRFD\RFD.c  
               __string_2   0x007deb    program     static C:\MpZBee\DemoRFD\RFD.c  
              __string_20   0x007bca    program     static C:\MpZBee\DemoRFD\RFD.c  
              __string_21   0x007bb5    program     static C:\MpZBee\DemoRFD\RFD.c  
              __string_22   0x007b8e    program     static C:\MpZBee\DemoRFD\RFD.c  
              __string_23   0x007b74    program     static C:\MpZBee\DemoRFD\RFD.c  
              __string_24   0x007b5b    program     static C:\MpZBee\DemoRFD\RFD.c  
              __string_25   0x007b58    program     static C:\MpZBee\DemoRFD\RFD.c  
              __string_26   0x007b3c    program     static C:\MpZBee\DemoRFD\RFD.c  
              __string_27   0x007b16    program     static C:\MpZBee\DemoRFD\RFD.c  
              __string_28   0x007aed    program     static C:\MpZBee\DemoRFD\RFD.c  
              __string_29   0x007ac9    program     static C:\MpZBee\DemoRFD\RFD.c  
               __string_3   0x007dbd    program     static C:\MpZBee\DemoRFD\RFD.c  
              __string_30   0x007a9c    program     static C:\MpZBee\DemoRFD\RFD.c  
              __string_31   0x007a70    program     static C:\MpZBee\DemoRFD\RFD.c  
              __string_32   0x007a5a    program     static C:\MpZBee\DemoRFD\RFD.c  
              __string_33   0x007a45    program     static C:\MpZBee\DemoRFD\RFD.c  
              __string_34   0x007a32    program     static C:\MpZBee\DemoRFD\RFD.c  
              __string_35   0x007a18    program     static C:\MpZBee\DemoRFD\RFD.c  
              __string_36   0x007a11    program     static C:\MpZBee\DemoRFD\RFD.c  
              __string_37   0x0079fd    program     static C:\MpZBee\DemoRFD\RFD.c  
              __string_38   0x0079df    program     static C:\MpZBee\DemoRFD\RFD.c  
              __string_39   0x0079b6    program     static C:\MpZBee\DemoRFD\RFD.c  
               __string_4   0x007d93    program     static C:\MpZBee\DemoRFD\RFD.c  
              __string_40   0x00798a    program     static C:\MpZBee\DemoRFD\RFD.c  
              __string_41   0x007962    program     static C:\MpZBee\DemoRFD\RFD.c  
              __string_42   0x00793b    program     static C:\MpZBee\DemoRFD\RFD.c  
              __string_43   0x007926    program     static C:\MpZBee\DemoRFD\RFD.c  
              __string_44   0x007912    program     static C:\MpZBee\DemoRFD\RFD.c  
              __string_45   0x0078fa    program     static C:\MpZBee\DemoRFD\RFD.c  
               __string_5   0x007d84    program     static C:\MpZBee\DemoRFD\RFD.c  
               __string_6   0x007d6b    program     static C:\MpZBee\DemoRFD\RFD.c  
               __string_7   0x007d45    program     static C:\MpZBee\DemoRFD\RFD.c  
               __string_8   0x007d23    program     static C:\MpZBee\DemoRFD\RFD.c  
               __string_9   0x007d1f    program     static C:\MpZBee\DemoRFD\RFD.c  
               __tmplbl_0   0x008534    program     static                          
               __tmplbl_0   0x0075cc    program     static                          
               __tmplbl_0   0x00871a    program     static                          
               __tmplbl_0   0x006a54    program     static                          
               __tmplbl_1   0x00852c    program     static                          
               __tmplbl_1   0x0075c2    program     static                          
               __tmplbl_1   0x008714    program     static                          
               __tmplbl_1   0x006a44    program     static                          
             __tmplbl_100   0x002332    program     static                          
             __tmplbl_101   0x002332    program     static                          
             __tmplbl_102   0x002332    program     static                          
             __tmplbl_103   0x002332    program     static                          
             __tmplbl_104   0x00232e    program     static                          
             __tmplbl_106   0x002332    program     static                          
             __tmplbl_109   0x002332    program     static                          
              __tmplbl_11   0x0061fe    program     static                          
             __tmplbl_110   0x00232e    program     static                          
             __tmplbl_112   0x002332    program     static                          
             __tmplbl_113   0x00232e    program     static                          
             __tmplbl_114   0x001526    program     static                          
             __tmplbl_115   0x001526    program     static                          
             __tmplbl_116   0x001526    program     static                          
              __tmplbl_12   0x0061fa    program     static                          
             __tmplbl_122   0x001526    program     static                          
              __tmplbl_13   0x0061fa    program     static                          
              __tmplbl_15   0x0061fe    program     static                          
              __tmplbl_16   0x0061fa    program     static                          
              __tmplbl_17   0x0061ca    program     static                          
              __tmplbl_18   0x0061ca    program     static                          
              __tmplbl_19   0x0061ca    program     static                          
               __tmplbl_2   0x006a64    program     static                          
               __tmplbl_2   0x008712    program     static                          
               __tmplbl_2   0x008524    program     static                          
               __tmplbl_2   0x0075ba    program     static                          
              __tmplbl_20   0x0061ca    program     static                          
              __tmplbl_21   0x0061ca    program     static                          
              __tmplbl_22   0x0061ca    program     static                          
              __tmplbl_23   0x006176    program     static                          
              __tmplbl_23   0x000dcc    program     static                          
              __tmplbl_24   0x006176    program     static                          
              __tmplbl_25   0x006176    program     static                          
              __tmplbl_26   0x0050e8    program     static                          
              __tmplbl_26   0x006176    program     static                          
              __tmplbl_27   0x002332    program     static                          
              __tmplbl_29   0x002332    program     static                          
              __tmplbl_29   0x0050e8    program     static                          
               __tmplbl_3   0x0077da    program     static                          
               __tmplbl_3   0x00851c    program     static                          
               __tmplbl_3   0x006a5a    program     static                          
              __tmplbl_31   0x002332    program     static                          
              __tmplbl_31   0x0061f4    program     static                          
              __tmplbl_31   0x0050e8    program     static                          
              __tmplbl_32   0x0061f4    program     static                          
              __tmplbl_33   0x0061f4    program     static                          
              __tmplbl_33   0x002332    program     static                          
              __tmplbl_33   0x0050e8    program     static                          
              __tmplbl_34   0x0061f4    program     static                          
              __tmplbl_34   0x002332    program     static                          
              __tmplbl_34   0x0050e8    program     static                          
              __tmplbl_35   0x0050e8    program     static                          
              __tmplbl_35   0x0061f4    program     static                          
              __tmplbl_36   0x001830    program     static                          
              __tmplbl_36   0x0050e4    program     static                          
              __tmplbl_37   0x002e3e    program     static                          
              __tmplbl_37   0x0050aa    program     static                          
              __tmplbl_38   0x00509e    program     static                          
              __tmplbl_38   0x002332    program     static                          
              __tmplbl_39   0x005060    program     static                          
               __tmplbl_4   0x0077c4    program     static                          
               __tmplbl_4   0x008514    program     static                          
               __tmplbl_4   0x006cba    program     static                          
              __tmplbl_40   0x003ce2    program     static                          
              __tmplbl_40   0x002332    program     static                          
              __tmplbl_40   0x005054    program     static                          
              __tmplbl_41   0x003ce2    program     static                          
              __tmplbl_41   0x004ed2    program     static                          
              __tmplbl_42   0x004ec6    program     static                          
              __tmplbl_43   0x004eba    program     static                          
              __tmplbl_44   0x002332    program     static                          
              __tmplbl_44   0x004eae    program     static                          
              __tmplbl_45   0x002332    program     static                          
              __tmplbl_45   0x004d54    program     static                          
              __tmplbl_46   0x004be2    program     static                          
              __tmplbl_47   0x004bbe    program     static                          
              __tmplbl_48   0x002332    program     static                          
              __tmplbl_48   0x004bb8    program     static                          
              __tmplbl_49   0x004bb6    program     static                          
              __tmplbl_49   0x003ce2    program     static                          
               __tmplbl_5   0x008588    program     static                          
               __tmplbl_5   0x006cae    program     static                          
              __tmplbl_50   0x003ce2    program     static                          
              __tmplbl_50   0x001830    program     static                          
              __tmplbl_51   0x003ce2    program     static                          
              __tmplbl_52   0x001830    program     static                          
              __tmplbl_53   0x00232e    program     static                          
              __tmplbl_54   0x00226a    program     static                          
              __tmplbl_55   0x0050e4    program     static                          
              __tmplbl_55   0x003cde    program     static                          
              __tmplbl_55   0x0021f6    program     static                          
              __tmplbl_56   0x0020b0    program     static                          
              __tmplbl_56   0x0050e8    program     static                          
              __tmplbl_56   0x003cd2    program     static                          
              __tmplbl_57   0x0050e8    program     static                          
              __tmplbl_57   0x001ffc    program     static                          
              __tmplbl_57   0x003cc6    program     static                          
              __tmplbl_58   0x001e7a    program     static                          
              __tmplbl_58   0x0050e4    program     static                          
              __tmplbl_59   0x001d8e    program     static                          
               __tmplbl_6   0x008580    program     static                          
               __tmplbl_6   0x006f14    program     static                          
              __tmplbl_60   0x001cbc    program     static                          
              __tmplbl_60   0x003cde    program     static                          
              __tmplbl_60   0x0050e8    program     static                          
              __tmplbl_61   0x001b42    program     static                          
              __tmplbl_61   0x0050e8    program     static                          
              __tmplbl_62   0x0050e8    program     static                          
              __tmplbl_62   0x001a00    program     static                          
              __tmplbl_63   0x004ef2    program     static                          
              __tmplbl_63   0x00151a    program     static                          
              __tmplbl_64   0x0050e8    program     static                          
              __tmplbl_64   0x00232e    program     static                          
              __tmplbl_65   0x0050e4    program     static                          
              __tmplbl_65   0x003ce2    program     static                          
              __tmplbl_66   0x0050e8    program     static                          
              __tmplbl_66   0x003cde    program     static                          
              __tmplbl_67   0x0050e4    program     static                          
              __tmplbl_67   0x00150a    program     static                          
              __tmplbl_68   0x002332    program     static                          
              __tmplbl_68   0x0050e8    program     static                          
              __tmplbl_69   0x003ce2    program     static                          
               __tmplbl_7   0x008578    program     static                          
               __tmplbl_7   0x006f0e    program     static                          
              __tmplbl_70   0x002332    program     static                          
              __tmplbl_70   0x003ce2    program     static                          
              __tmplbl_71   0x003ce2    program     static                          
              __tmplbl_71   0x002332    program     static                          
              __tmplbl_73   0x0050e8    program     static                          
              __tmplbl_74   0x0050e4    program     static                          
              __tmplbl_74   0x002332    program     static                          
              __tmplbl_75   0x0050e8    program     static                          
              __tmplbl_76   0x0050e4    program     static                          
              __tmplbl_76   0x002332    program     static                          
              __tmplbl_78   0x0050e8    program     static                          
               __tmplbl_8   0x008570    program     static                          
              __tmplbl_81   0x002332    program     static                          
              __tmplbl_83   0x002332    program     static                          
              __tmplbl_85   0x002332    program     static                          
              __tmplbl_86   0x002332    program     static                          
              __tmplbl_89   0x002332    program     static                          
               __tmplbl_9   0x008568    program     static                          
              __tmplbl_90   0x002332    program     static                          
              __tmplbl_91   0x002332    program     static                          
              __tmplbl_92   0x002332    program     static                          
              __tmplbl_94   0x002332    program     static                          
              __tmplbl_95   0x002332    program     static                          
            __zero_memory   0x009124    program     extern C:\MCC18\src\traditional\proc\p18F4620.asm
                _do_cinit   0x008f14    program     extern C:\MCC18\src\traditional\startup\c018i.c
                   _entry   0x000000    program     extern C:\MCC18\src\traditional\startup\c018i.c
                 _startup   0x0090f8    program     extern C:\MCC18\src\traditional\startup\c018i.c
            apsAddressMap   0x008ea1    program     extern C:\MPZBee\ZigbeeStack\zNVM.c
 apsAddressMapValidityKey   0x008e9f    program     extern C:\MPZBee\ZigbeeStack\zNVM.c
               clear_loop   0x00912a    program     static C:\MCC18\src\traditional\proc\p18F4620.asm
                 config1H   0x300001    program     extern C:\MpZBee\DemoRFD\RFD.c  
                 config2H   0x300003    program     extern C:\MpZBee\DemoRFD\RFD.c  
                 config2L   0x300002    program     extern C:\MpZBee\DemoRFD\RFD.c  
                 config3H   0x300005    program     extern C:\MpZBee\DemoRFD\RFD.c  
                 config4L   0x300006    program     extern C:\MpZBee\DemoRFD\RFD.c  
                copy_loop   0x008f86    program     static                          
            copy_one_byte   0x008f8c    program     static                          
                     done   0x008fb0    program     static                          
             done_copying   0x008f9a    program     static                          
                   filler   0x008e06    program     extern C:\MPZBee\ZigbeeStack\zNVM.c
                  filler2   0x008ed3    program     extern C:\MPZBee\ZigbeeStack\zNVM.c
                  jAisNeg   0x0089d0    program     static C:\MCC18\src\traditional\math\compFP.asm
             jBothNotZero   0x008972    program     static C:\MCC18\src\traditional\math\compFP.asm
                      jEQ   0x00898e    program     static C:\MCC18\src\traditional\math\compFP.asm
                     jEnd   0x008d34    program     static C:\MCC18\src\traditional\stdclib\mcmpp2r.asm
                     jEnd   0x008d7a    program     static C:\MCC18\src\traditional\stdclib\memcpy.asm
                     jEnd   0x008ce2    program     static C:\MCC18\src\traditional\stdclib\memcmp.asm
                     jEnd   0x008dd0    program     static C:\MCC18\src\traditional\stdclib\mcpyp2r.asm
                     jEnd   0x008e04    program     static C:\MCC18\src\traditional\stdclib\memset.asm
                    jExch   0x00899a    program     static C:\MCC18\src\traditional\math\compFP.asm
                   jExpEQ   0x0089e0    program     static C:\MCC18\src\traditional\math\compFP.asm
                   jFinal   0x0089c4    program     static C:\MCC18\src\traditional\math\compFP.asm
                jI2F32Beg   0x008928    program     static C:\MCC18\src\traditional\math\cast32FP.asm
                    jLoop   0x008de6    program     static C:\MCC18\src\traditional\stdclib\memset.asm
                    jLoop   0x008db2    program     static C:\MCC18\src\traditional\stdclib\mcpyp2r.asm
                    jLoop   0x008d5e    program     static C:\MCC18\src\traditional\stdclib\memcpy.asm
                    jLoop   0x008d16    program     static C:\MCC18\src\traditional\stdclib\mcmpp2r.asm
                    jLoop   0x008cc6    program     static C:\MCC18\src\traditional\stdclib\memcmp.asm
                      jNE   0x008992    program     static C:\MCC18\src\traditional\math\compFP.asm
                  jNoExch   0x0089ba    program     static C:\MCC18\src\traditional\math\compFP.asm
                  jPkLoop   0x008a44    program     static C:\MCC18\src\traditional\math\packFP.asm
             jPkRoundDone   0x008a8e    program     static C:\MCC18\src\traditional\math\packFP.asm
               jPkRoundIt   0x008a76    program     static C:\MCC18\src\traditional\math\packFP.asm
             jPkShiftDone   0x008a60    program     static C:\MCC18\src\traditional\math\packFP.asm
           jReturnPosInf0   0x008a1a    program     static C:\MCC18\src\traditional\math\packFP.asm
                  jRotate   0x0089ec    program     static C:\MCC18\src\traditional\math\compFP.asm
                   jShift   0x0089d6    program     static C:\MCC18\src\traditional\math\compFP.asm
                 jSignsEQ   0x008976    program     static C:\MCC18\src\traditional\math\compFP.asm
                  jUnpkA1   0x008ab8    program     static C:\MCC18\src\traditional\math\UnpackFP.asm
                  jUnpkA2   0x008ad0    program     static C:\MCC18\src\traditional\math\UnpackFP.asm
                 jUnpkANZ   0x008ac6    program     static C:\MCC18\src\traditional\math\UnpackFP.asm
                  jUnpkB1   0x008ae8    program     static C:\MCC18\src\traditional\math\UnpackFP.asm
                  jUnpkB2   0x008b00    program     static C:\MCC18\src\traditional\math\UnpackFP.asm
                 jUnpkBNZ   0x008af6    program     static C:\MCC18\src\traditional\math\UnpackFP.asm
                 jUnpkNaN   0x008ada    program     static C:\MCC18\src\traditional\math\UnpackFP.asm
               jZero1and2   0x008a1e    program     static C:\MCC18\src\traditional\math\packFP.asm
                     loop   0x009108    program     static                          
              macLongAddr   0x00002a    program     extern C:\MPZBee\ZigbeeStack\zNVM.c
                     main   0x006466    program     extern C:\MpZBee\DemoRFD\RFD.c  
                   memcmp   0x008ca6    program     extern C:\MCC18\src\traditional\stdclib\memcmp.asm
            memcmppgm2ram   0x008cf8    program     extern C:\MCC18\src\traditional\stdclib\mcmpp2r.asm
                   memcpy   0x008d36    program     extern C:\MCC18\src\traditional\stdclib\memcpy.asm
            memcpypgm2ram   0x008d8c    program     extern C:\MCC18\src\traditional\stdclib\mcpyp2r.asm
                   memset   0x008dd2    program     extern C:\MCC18\src\traditional\stdclib\memset.asm
       myProcessesAreDone   0x006f90    program     extern C:\MpZBee\DemoRFD\RFD.c  
            neighborTable   0x008e4a    program     extern C:\MPZBee\ZigbeeStack\zNVM.c
        neighborTableInfo   0x008e46    program     extern C:\MPZBee\ZigbeeStack\zNVM.c
                     test   0x008f2e    program     static                          
                timeToAdd   0x00908e    program     extern C:\MPZBee\ZigbeeStack\zMAC_MRF24J40.c
                   ADCON0   0x000fc2       data     extern C:\MCC18\src\traditional\proc\p18F4620.asm
               ADCON0bits   0x000fc2       data     extern C:\MCC18\src\traditional\proc\p18F4620.asm
                   ADCON1   0x000fc1       data     extern C:\MCC18\src\traditional\proc\p18F4620.asm
               ADCON1bits   0x000fc1       data     extern C:\MCC18\src\traditional\proc\p18F4620.asm
                   ADCON2   0x000fc0       data     extern C:\MCC18\src\traditional\proc\p18F4620.asm
               ADCON2bits   0x000fc0       data     extern C:\MCC18\src\traditional\proc\p18F4620.asm
                    ADRES   0x000fc3       data     extern C:\MCC18\src\traditional\proc\p18F4620.asm
                   ADRESH   0x000fc4       data     extern C:\MCC18\src\traditional\proc\p18F4620.asm
                   ADRESL   0x000fc3       data     extern C:\MCC18\src\traditional\proc\p18F4620.asm
                  BAUDCON   0x000fb8       data     extern C:\MCC18\src\traditional\proc\p18F4620.asm
              BAUDCONbits   0x000fb8       data     extern C:\MCC18\src\traditional\proc\p18F4620.asm
                  BAUDCTL   0x000fb8       data     extern C:\MCC18\src\traditional\proc\p18F4620.asm
              BAUDCTLbits   0x000fb8       data     extern C:\MCC18\src\traditional\proc\p18F4620.asm
                      BSR   0x000fe0       data     extern C:\MCC18\src\traditional\proc\p18F4620.asm
                  CCP1CON   0x000fbd       data     extern C:\MCC18\src\traditional\proc\p18F4620.asm
              CCP1CONbits   0x000fbd       data     extern C:\MCC18\src\traditional\proc\p18F4620.asm
                  CCP2CON   0x000fba       data     extern C:\MCC18\src\traditional\proc\p18F4620.asm
              CCP2CONbits   0x000fba       data     extern C:\MCC18\src\traditional\proc\p18F4620.asm
                    CCPR1   0x000fbe       data     extern C:\MCC18\src\traditional\proc\p18F4620.asm
                   CCPR1H   0x000fbf       data     extern C:\MCC18\src\traditional\proc\p18F4620.asm
                   CCPR1L   0x000fbe       data     extern C:\MCC18\src\traditional\proc\p18F4620.asm
                    CCPR2   0x000fbb       data     extern C:\MCC18\src\traditional\proc\p18F4620.asm
                   CCPR2H   0x000fbc       data     extern C:\MCC18\src\traditional\proc\p18F4620.asm
                   CCPR2L   0x000fbb       data     extern C:\MCC18\src\traditional\proc\p18F4620.asm
                    CMCON   0x000fb4       data     extern C:\MCC18\src\traditional\proc\p18F4620.asm
                CMCONbits   0x000fb4       data     extern C:\MCC18\src\traditional\proc\p18F4620.asm
                   CVRCON   0x000fb5       data     extern C:\MCC18\src\traditional\proc\p18F4620.asm
               CVRCONbits   0x000fb5       data     extern C:\MCC18\src\traditional\proc\p18F4620.asm
          CurrentRxPacket   0x000e80       data     extern C:\MPZBee\ZigbeeStack\ZigbeeTasks.c
                     DDRA   0x000f92       data     extern C:\MCC18\src\traditional\proc\p18F4620.asm
                 DDRAbits   0x000f92       data     extern C:\MCC18\src\traditional\proc\p18F4620.asm
                     DDRB   0x000f93       data     extern C:\MCC18\src\traditional\proc\p18F4620.asm
                 DDRBbits   0x000f93       data     extern C:\MCC18\src\traditional\proc\p18F4620.asm
                     DDRC   0x000f94       data     extern C:\MCC18\src\traditional\proc\p18F4620.asm
                 DDRCbits   0x000f94       data     extern C:\MCC18\src\traditional\proc\p18F4620.asm
                     DDRD   0x000f95       data     extern C:\MCC18\src\traditional\proc\p18F4620.asm
                 DDRDbits   0x000f95       data     extern C:\MCC18\src\traditional\proc\p18F4620.asm
                     DDRE   0x000f96       data     extern C:\MCC18\src\traditional\proc\p18F4620.asm
                 DDREbits   0x000f96       data     extern C:\MCC18\src\traditional\proc\p18F4620.asm
                    DEBUG   0x000fd4       data     extern C:\MCC18\src\traditional\proc\p18F4620.asm
                  ECCP1AS   0x000fb6       data     extern C:\MCC18\src\traditional\proc\p18F4620.asm
              ECCP1ASbits   0x000fb6       data     extern C:\MCC18\src\traditional\proc\p18F4620.asm
                    EEADR   0x000fa9       data     extern C:\MCC18\src\traditional\proc\p18F4620.asm
                   EEADRH   0x000faa       data     extern C:\MCC18\src\traditional\proc\p18F4620.asm
                   EECON1   0x000fa6       data     extern C:\MCC18\src\traditional\proc\p18F4620.asm
               EECON1bits   0x000fa6       data     extern C:\MCC18\src\traditional\proc\p18F4620.asm
                   EECON2   0x000fa7       data     extern C:\MCC18\src\traditional\proc\p18F4620.asm
                   EEDATA   0x000fa8       data     extern C:\MCC18\src\traditional\proc\p18F4620.asm
                     FSR0   0x000fe9       data     extern C:\MCC18\src\traditional\proc\p18F4620.asm
                    FSR0H   0x000fea       data     extern C:\MCC18\src\traditional\proc\p18F4620.asm
                    FSR0L   0x000fe9       data     extern C:\MCC18\src\traditional\proc\p18F4620.asm
                     FSR1   0x000fe1       data     extern C:\MCC18\src\traditional\proc\p18F4620.asm
                    FSR1H   0x000fe2       data     extern C:\MCC18\src\traditional\proc\p18F4620.asm
                    FSR1L   0x000fe1       data     extern C:\MCC18\src\traditional\proc\p18F4620.asm
                     FSR2   0x000fd9       data     extern C:\MCC18\src\traditional\proc\p18F4620.asm
                    FSR2H   0x000fda       data     extern C:\MCC18\src\traditional\proc\p18F4620.asm
                    FSR2L   0x000fd9       data     extern C:\MCC18\src\traditional\proc\p18F4620.asm
              GIEH_backup   0x000f00       data     static C:\MPZBee\ZigbeeStack\zPHY_MRF24J40.c
                  HLVDCON   0x000fd2       data     extern C:\MCC18\src\traditional\proc\p18F4620.asm
              HLVDCONbits   0x000fd2       data     extern C:\MCC18\src\traditional\proc\p18F4620.asm
                    INDF0   0x000fef       data     extern C:\MCC18\src\traditional\proc\p18F4620.asm
                    INDF1   0x000fe7       data     extern C:\MCC18\src\traditional\proc\p18F4620.asm
                    INDF2   0x000fdf       data     extern C:\MCC18\src\traditional\proc\p18F4620.asm
                   INTCON   0x000ff2       data     extern C:\MCC18\src\traditional\proc\p18F4620.asm
                  INTCON2   0x000ff1       data     extern C:\MCC18\src\traditional\proc\p18F4620.asm
              INTCON2bits   0x000ff1       data     extern C:\MCC18\src\traditional\proc\p18F4620.asm
                  INTCON3   0x000ff0       data     extern C:\MCC18\src\traditional\proc\p18F4620.asm
              INTCON3bits   0x000ff0       data     extern C:\MCC18\src\traditional\proc\p18F4620.asm
               INTCONbits   0x000ff2       data     extern C:\MCC18\src\traditional\proc\p18F4620.asm
                     IPR1   0x000f9f       data     extern C:\MCC18\src\traditional\proc\p18F4620.asm
                 IPR1bits   0x000f9f       data     extern C:\MCC18\src\traditional\proc\p18F4620.asm
                     IPR2   0x000fa2       data     extern C:\MCC18\src\traditional\proc\p18F4620.asm
                 IPR2bits   0x000fa2       data     extern C:\MCC18\src\traditional\proc\p18F4620.asm
                IntStatus   0x000f01       data     extern C:\MPZBee\ZigbeeStack\zPHY_MRF24J40.c
                     LATA   0x000f89       data     extern C:\MCC18\src\traditional\proc\p18F4620.asm
                 LATAbits   0x000f89       data     extern C:\MCC18\src\traditional\proc\p18F4620.asm
                     LATB   0x000f8a       data     extern C:\MCC18\src\traditional\proc\p18F4620.asm
                 LATBbits   0x000f8a       data     extern C:\MCC18\src\traditional\proc\p18F4620.asm
                     LATC   0x000f8b       data     extern C:\MCC18\src\traditional\proc\p18F4620.asm
                 LATCbits   0x000f8b       data     extern C:\MCC18\src\traditional\proc\p18F4620.asm
                     LATD   0x000f8c       data     extern C:\MCC18\src\traditional\proc\p18F4620.asm
                 LATDbits   0x000f8c       data     extern C:\MCC18\src\traditional\proc\p18F4620.asm
                     LATE   0x000f8d       data     extern C:\MCC18\src\traditional\proc\p18F4620.asm
                 LATEbits   0x000f8d       data     extern C:\MCC18\src\traditional\proc\p18F4620.asm
                   LVDCON   0x000fd2       data     extern C:\MCC18\src\traditional\proc\p18F4620.asm
               LVDCONbits   0x000fd2       data     extern C:\MCC18\src\traditional\proc\p18F4620.asm
                      NIB   0x000ed9       data     extern C:\MPZBee\ZigbeeStack\zNWK.c
        NetworkDescriptor   0x000eed       data     extern C:\MpZBee\DemoRFD\RFD.c  
                   OSCCON   0x000fd3       data     extern C:\MCC18\src\traditional\proc\p18F4620.asm
               OSCCONbits   0x000fd3       data     extern C:\MCC18\src\traditional\proc\p18F4620.asm
                  OSCTUNE   0x000f9b       data     extern C:\MCC18\src\traditional\proc\p18F4620.asm
              OSCTUNEbits   0x000f9b       data     extern C:\MCC18\src\traditional\proc\p18F4620.asm
                       PC   0x000ff9       data     extern C:\MCC18\src\traditional\proc\p18F4620.asm
                      PCL   0x000ff9       data     extern C:\MCC18\src\traditional\proc\p18F4620.asm
                   PCLATH   0x000ffa       data     extern C:\MCC18\src\traditional\proc\p18F4620.asm
                   PCLATU   0x000ffb       data     extern C:\MCC18\src\traditional\proc\p18F4620.asm
          PHYTasksPending   0x000f0a       data     extern C:\MPZBee\ZigbeeStack\zPHY_MRF24J40.c
                     PIE1   0x000f9d       data     extern C:\MCC18\src\traditional\proc\p18F4620.asm
                 PIE1bits   0x000f9d       data     extern C:\MCC18\src\traditional\proc\p18F4620.asm
                     PIE2   0x000fa0       data     extern C:\MCC18\src\traditional\proc\p18F4620.asm
                 PIE2bits   0x000fa0       data     extern C:\MCC18\src\traditional\proc\p18F4620.asm
                     PIR1   0x000f9e       data     extern C:\MCC18\src\traditional\proc\p18F4620.asm
                 PIR1bits   0x000f9e       data     extern C:\MCC18\src\traditional\proc\p18F4620.asm
                     PIR2   0x000fa1       data     extern C:\MCC18\src\traditional\proc\p18F4620.asm
                 PIR2bits   0x000fa1       data     extern C:\MCC18\src\traditional\proc\p18F4620.asm
                   PLUSW0   0x000feb       data     extern C:\MCC18\src\traditional\proc\p18F4620.asm
                   PLUSW1   0x000fe3       data     extern C:\MCC18\src\traditional\proc\p18F4620.asm
                   PLUSW2   0x000fdb       data     extern C:\MCC18\src\traditional\proc\p18F4620.asm
                    PORTA   0x000f80       data     extern C:\MCC18\src\traditional\proc\p18F4620.asm
                PORTAbits   0x000f80       data     extern C:\MCC18\src\traditional\proc\p18F4620.asm
                    PORTB   0x000f81       data     extern C:\MCC18\src\traditional\proc\p18F4620.asm
                PORTBbits   0x000f81       data     extern C:\MCC18\src\traditional\proc\p18F4620.asm
                    PORTC   0x000f82       data     extern C:\MCC18\src\traditional\proc\p18F4620.asm
                PORTCbits   0x000f82       data     extern C:\MCC18\src\traditional\proc\p18F4620.asm
                    PORTD   0x000f83       data     extern C:\MCC18\src\traditional\proc\p18F4620.asm
                PORTDbits   0x000f83       data     extern C:\MCC18\src\traditional\proc\p18F4620.asm
                    PORTE   0x000f84       data     extern C:\MCC18\src\traditional\proc\p18F4620.asm
                PORTEbits   0x000f84       data     extern C:\MCC18\src\traditional\proc\p18F4620.asm
                 POSTDEC0   0x000fed       data     extern C:\MCC18\src\traditional\proc\p18F4620.asm
                 POSTDEC1   0x000fe5       data     extern C:\MCC18\src\traditional\proc\p18F4620.asm
                 POSTDEC2   0x000fdd       data     extern C:\MCC18\src\traditional\proc\p18F4620.asm
                 POSTINC0   0x000fee       data     extern C:\MCC18\src\traditional\proc\p18F4620.asm
                 POSTINC1   0x000fe6       data     extern C:\MCC18\src\traditional\proc\p18F4620.asm
                 POSTINC2   0x000fde       data     extern C:\MCC18\src\traditional\proc\p18F4620.asm
                      PR2   0x000fcb       data     extern C:\MCC18\src\traditional\proc\p18F4620.asm
                  PREINC0   0x000fec       data     extern C:\MCC18\src\traditional\proc\p18F4620.asm
                  PREINC1   0x000fe4       data     extern C:\MCC18\src\traditional\proc\p18F4620.asm
[...]
                 phyError   0x000f04       data     extern C:\MPZBee\ZigbeeStack\zPHY_MRF24J40.c
                   phyPIB   0x000f05       data     extern C:\MPZBee\ZigbeeStack\zPHY_MRF24J40.c
          PHYTasksPending   0x000f0a       data     extern C:\MPZBee\ZigbeeStack\zPHY_MRF24J40.c
                   RxData   0x000f0b       data     extern C:\MPZBee\ZigbeeStack\zPHY_MRF24J40.c
          TRXCurrentState   0x000f0c       data     extern C:\MPZBee\ZigbeeStack\zPHY_MRF24J40.c
                   TxStat   0x000f0d       data     extern C:\MPZBee\ZigbeeStack\zPHY_MRF24J40.c
                savedBits   0x000f0e       data     extern C:\MPZBee\ZigbeeStack\zPHY_MRF24J40.c
                    PORTA   0x000f80       data     extern C:\MCC18\src\traditional\proc\p18F4620.asm
                PORTAbits   0x000f80       data     extern C:\MCC18\src\traditional\proc\p18F4620.asm
                    PORTB   0x000f81       data     extern C:\MCC18\src\traditional\proc\p18F4620.asm
                PORTBbits   0x000f81       data     extern C:\MCC18\src\traditional\proc\p18F4620.asm
                    PORTC   0x000f82       data     extern C:\MCC18\src\traditional\proc\p18F4620.asm
                PORTCbits   0x000f82       data     extern C:\MCC18\src\traditional\proc\p18F4620.asm
                    PORTD   0x000f83       data     extern C:\MCC18\src\traditional\proc\p18F4620.asm
                PORTDbits   0x000f83       data     extern C:\MCC18\src\traditional\proc\p18F4620.asm
                    PORTE   0x000f84       data     extern C:\MCC18\src\traditional\proc\p18F4620.asm
                PORTEbits   0x000f84       data     extern C:\MCC18\src\traditional\proc\p18F4620.asm
                     LATA   0x000f89       data     extern C:\MCC18\src\traditional\proc\p18F4620.asm
                 LATAbits   0x000f89       data     extern C:\MCC18\src\traditional\proc\p18F4620.asm
                     LATB   0x000f8a       data     extern C:\MCC18\src\traditional\proc\p18F4620.asm
                 LATBbits   0x000f8a       data     extern C:\MCC18\src\traditional\proc\p18F4620.asm
                     LATC   0x000f8b       data     extern C:\MCC18\src\traditional\proc\p18F4620.asm
                 LATCbits   0x000f8b       data     extern C:\MCC18\src\traditional\proc\p18F4620.asm
                     LATD   0x000f8c       data     extern C:\MCC18\src\traditional\proc\p18F4620.asm
                 LATDbits   0x000f8c       data     extern C:\MCC18\src\traditional\proc\p18F4620.asm
                     LATE   0x000f8d       data     extern C:\MCC18\src\traditional\proc\p18F4620.asm
                 LATEbits   0x000f8d       data     extern C:\MCC18\src\traditional\proc\p18F4620.asm
                 DDRAbits   0x000f92       data     extern C:\MCC18\src\traditional\proc\p18F4620.asm
                     DDRA   0x000f92       data     extern C:\MCC18\src\traditional\proc\p18F4620.asm
                TRISAbits   0x000f92       data     extern C:\MCC18\src\traditional\proc\p18F4620.asm
                    TRISA   0x000f92       data     extern C:\MCC18\src\traditional\proc\p18F4620.asm
                     DDRB   0x000f93       data     extern C:\MCC18\src\traditional\proc\p18F4620.asm
                TRISBbits   0x000f93       data     extern C:\MCC18\src\traditional\proc\p18F4620.asm
                    TRISB   0x000f93       data     extern C:\MCC18\src\traditional\proc\p18F4620.asm
                 DDRBbits   0x000f93       data     extern C:\MCC18\src\traditional\proc\p18F4620.asm
                 DDRCbits   0x000f94       data     extern C:\MCC18\src\traditional\proc\p18F4620.asm
                TRISCbits   0x000f94       data     extern C:\MCC18\src\traditional\proc\p18F4620.asm
                     DDRC   0x000f94       data     extern C:\MCC18\src\traditional\proc\p18F4620.asm
                    TRISC   0x000f94       data     extern C:\MCC18\src\traditional\proc\p18F4620.asm
                    TRISD   0x000f95       data     extern C:\MCC18\src\traditional\proc\p18F4620.asm
                TRISDbits   0x000f95       data     extern C:\MCC18\src\traditional\proc\p18F4620.asm
                 DDRDbits   0x000f95       data     extern C:\MCC18\src\traditional\proc\p18F4620.asm
                     DDRD   0x000f95       data     extern C:\MCC18\src\traditional\proc\p18F4620.asm
                 DDREbits   0x000f96       data     extern C:\MCC18\src\traditional\proc\p18F4620.asm
                     DDRE   0x000f96       data     extern C:\MCC18\src\traditional\proc\p18F4620.asm
                TRISEbits   0x000f96       data     extern C:\MCC18\src\traditional\proc\p18F4620.asm
                    TRISE   0x000f96       data     extern C:\MCC18\src\traditional\proc\p18F4620.asm
              OSCTUNEbits   0x000f9b       data     extern C:\MCC18\src\traditional\proc\p18F4620.asm
                  OSCTUNE   0x000f9b       data     extern C:\MCC18\src\traditional\proc\p18F4620.asm
                 PIE1bits   0x000f9d       data     extern C:\MCC18\src\traditional\proc\p18F4620.asm
                     PIE1   0x000f9d       data     extern C:\MCC18\src\traditional\proc\p18F4620.asm
                     PIR1   0x000f9e       data     extern C:\MCC18\src\traditional\proc\p18F4620.asm
                 PIR1bits   0x000f9e       data     extern C:\MCC18\src\traditional\proc\p18F4620.asm
                     IPR1   0x000f9f       data     extern C:\MCC18\src\traditional\proc\p18F4620.asm
                 IPR1bits   0x000f9f       data     extern C:\MCC18\src\traditional\proc\p18F4620.asm
                     PIE2   0x000fa0       data     extern C:\MCC18\src\traditional\proc\p18F4620.asm
                 PIE2bits   0x000fa0       data     extern C:\MCC18\src\traditional\proc\p18F4620.asm
                     PIR2   0x000fa1       data     extern C:\MCC18\src\traditional\proc\p18F4620.asm
                 PIR2bits   0x000fa1       data     extern C:\MCC18\src\traditional\proc\p18F4620.asm
                 IPR2bits   0x000fa2       data     extern C:\MCC18\src\traditional\proc\p18F4620.asm
                     IPR2   0x000fa2       data     extern C:\MCC18\src\traditional\proc\p18F4620.asm
               EECON1bits   0x000fa6       data     extern C:\MCC18\src\traditional\proc\p18F4620.asm
                   EECON1   0x000fa6       data     extern C:\MCC18\src\traditional\proc\p18F4620.asm
                   EECON2   0x000fa7       data     extern C:\MCC18\src\traditional\proc\p18F4620.asm
                   EEDATA   0x000fa8       data     extern C:\MCC18\src\traditional\proc\p18F4620.asm
                    EEADR   0x000fa9       data     extern C:\MCC18\src\traditional\proc\p18F4620.asm
                   EEADRH   0x000faa       data     extern C:\MCC18\src\traditional\proc\p18F4620.asm
                    RCSTA   0x000fab       data     extern C:\MCC18\src\traditional\proc\p18F4620.asm
                RCSTAbits   0x000fab       data     extern C:\MCC18\src\traditional\proc\p18F4620.asm
                    TXSTA   0x000fac       data     extern C:\MCC18\src\traditional\proc\p18F4620.asm
                TXSTAbits   0x000fac       data     extern C:\MCC18\src\traditional\proc\p18F4620.asm
                    TXREG   0x000fad       data     extern C:\MCC18\src\traditional\proc\p18F4620.asm
                    RCREG   0x000fae       data     extern C:\MCC18\src\traditional\proc\p18F4620.asm
                    SPBRG   0x000faf       data     extern C:\MCC18\src\traditional\proc\p18F4620.asm
                   SPBRGH   0x000fb0       data     extern C:\MCC18\src\traditional\proc\p18F4620.asm
                T3CONbits   0x000fb1       data     extern C:\MCC18\src\traditional\proc\p18F4620.asm
                    T3CON   0x000fb1       data     extern C:\MCC18\src\traditional\proc\p18F4620.asm
                    TMR3L   0x000fb2       data     extern C:\MCC18\src\traditional\proc\p18F4620.asm
                    TMR3H   0x000fb3       data     extern C:\MCC18\src\traditional\proc\p18F4620.asm
                CMCONbits   0x000fb4       data     extern C:\MCC18\src\traditional\proc\p18F4620.asm
                    CMCON   0x000fb4       data     extern C:\MCC18\src\traditional\proc\p18F4620.asm
               CVRCONbits   0x000fb5       data     extern C:\MCC18\src\traditional\proc\p18F4620.asm
                   CVRCON   0x000fb5       data     extern C:\MCC18\src\traditional\proc\p18F4620.asm
                  ECCP1AS   0x000fb6       data     extern C:\MCC18\src\traditional\proc\p18F4620.asm
              ECCP1ASbits   0x000fb6       data     extern C:\MCC18\src\traditional\proc\p18F4620.asm
              PWM1CONbits   0x000fb7       data     extern C:\MCC18\src\traditional\proc\p18F4620.asm
                  PWM1CON   0x000fb7       data     extern C:\MCC18\src\traditional\proc\p18F4620.asm
              BAUDCTLbits   0x000fb8       data     extern C:\MCC18\src\traditional\proc\p18F4620.asm
                  BAUDCTL   0x000fb8       data     extern C:\MCC18\src\traditional\proc\p18F4620.asm
              BAUDCONbits   0x000fb8       data     extern C:\MCC18\src\traditional\proc\p18F4620.asm
                  BAUDCON   0x000fb8       data     extern C:\MCC18\src\traditional\proc\p18F4620.asm
                  CCP2CON   0x000fba       data     extern C:\MCC18\src\traditional\proc\p18F4620.asm
              CCP2CONbits   0x000fba       data     extern C:\MCC18\src\traditional\proc\p18F4620.asm
                    CCPR2   0x000fbb       data     extern C:\MCC18\src\traditional\proc\p18F4620.asm
                   CCPR2L   0x000fbb       data     extern C:\MCC18\src\traditional\proc\p18F4620.asm
                   CCPR2H   0x000fbc       data     extern C:\MCC18\src\traditional\proc\p18F4620.asm
                  CCP1CON   0x000fbd       data     extern C:\MCC18\src\traditional\proc\p18F4620.asm
              CCP1CONbits   0x000fbd       data     extern C:\MCC18\src\traditional\proc\p18F4620.asm
                    CCPR1   0x000fbe       data     extern C:\MCC18\src\traditional\proc\p18F4620.asm
                   CCPR1L   0x000fbe       data     extern C:\MCC18\src\traditional\proc\p18F4620.asm
                   CCPR1H   0x000fbf       data     extern C:\MCC18\src\traditional\proc\p18F4620.asm
               ADCON2bits   0x000fc0       data     extern C:\MCC18\src\traditional\proc\p18F4620.asm
                   ADCON2   0x000fc0       data     extern C:\MCC18\src\traditional\proc\p18F4620.asm
               ADCON1bits   0x000fc1       data     extern C:\MCC18\src\traditional\proc\p18F4620.asm
                   ADCON1   0x000fc1       data     extern C:\MCC18\src\traditional\proc\p18F4620.asm
               ADCON0bits   0x000fc2       data     extern C:\MCC18\src\traditional\proc\p18F4620.asm
                   ADCON0   0x000fc2       data     extern C:\MCC18\src\traditional\proc\p18F4620.asm
                   ADRESL   0x000fc3       data     extern C:\MCC18\src\traditional\proc\p18F4620.asm
                    ADRES   0x000fc3       data     extern C:\MCC18\src\traditional\proc\p18F4620.asm
                   ADRESH   0x000fc4       data     extern C:\MCC18\src\traditional\proc\p18F4620.asm
              SSPCON2bits   0x000fc5       data     extern C:\MCC18\src\traditional\proc\p18F4620.asm
                  SSPCON2   0x000fc5       data     extern C:\MCC18\src\traditional\proc\p18F4620.asm
              SSPCON1bits   0x000fc6       data     extern C:\MCC18\src\traditional\proc\p18F4620.asm
                  SSPCON1   0x000fc6       data     extern C:\MCC18\src\traditional\proc\p18F4620.asm
                  SSPSTAT   0x000fc7       data     extern C:\MCC18\src\traditional\proc\p18F4620.asm
              SSPSTATbits   0x000fc7       data     extern C:\MCC18\src\traditional\proc\p18F4620.asm
                   SSPADD   0x000fc8       data     extern C:\MCC18\src\traditional\proc\p18F4620.asm
                   SSPBUF   0x000fc9       data     extern C:\MCC18\src\traditional\proc\p18F4620.asm
                    T2CON   0x000fca       data     extern C:\MCC18\src\traditional\proc\p18F4620.asm
                T2CONbits   0x000fca       data     extern C:\MCC18\src\traditional\proc\p18F4620.asm
                      PR2   0x000fcb       data     extern C:\MCC18\src\traditional\proc\p18F4620.asm
                     TMR2   0x000fcc       data     extern C:\MCC18\src\traditional\proc\p18F4620.asm
                    T1CON   0x000fcd       data     extern C:\MCC18\src\traditional\proc\p18F4620.asm
                T1CONbits   0x000fcd       data     extern C:\MCC18\src\traditional\proc\p18F4620.asm
                    TMR1L   0x000fce       data     extern C:\MCC18\src\traditional\proc\p18F4620.asm
                    TMR1H   0x000fcf       data     extern C:\MCC18\src\traditional\proc\p18F4620.asm
                     RCON   0x000fd0       data     extern C:\MCC18\src\traditional\proc\p18F4620.asm
                 RCONbits   0x000fd0       data     extern C:\MCC18\src\traditional\proc\p18F4620.asm
               WDTCONbits   0x000fd1       data     extern C:\MCC18\src\traditional\proc\p18F4620.asm
                   WDTCON   0x000fd1       data     extern C:\MCC18\src\traditional\proc\p18F4620.asm
              HLVDCONbits   0x000fd2       data     extern C:\MCC18\src\traditional\proc\p18F4620.asm
                  HLVDCON   0x000fd2       data     extern C:\MCC18\src\traditional\proc\p18F4620.asm
                   LVDCON   0x000fd2       data     extern C:\MCC18\src\traditional\proc\p18F4620.asm
               LVDCONbits   0x000fd2       data     extern C:\MCC18\src\traditional\proc\p18F4620.asm
                   OSCCON   0x000fd3       data     extern C:\MCC18\src\traditional\proc\p18F4620.asm
               OSCCONbits   0x000fd3       data     extern C:\MCC18\src\traditional\proc\p18F4620.asm
                    DEBUG   0x000fd4       data     extern C:\MCC18\src\traditional\proc\p18F4620.asm
                T0CONbits   0x000fd5       data     extern C:\MCC18\src\traditional\proc\p18F4620.asm
                    T0CON   0x000fd5       data     extern C:\MCC18\src\traditional\proc\p18F4620.asm
                    TMR0L   0x000fd6       data     extern C:\MCC18\src\traditional\proc\p18F4620.asm
                    TMR0H   0x000fd7       data     extern C:\MCC18\src\traditional\proc\p18F4620.asm
                   STATUS   0x000fd8       data     extern C:\MCC18\src\traditional\proc\p18F4620.asm
               STATUSbits   0x000fd8       data     extern C:\MCC18\src\traditional\proc\p18F4620.asm
                     FSR2   0x000fd9       data     extern C:\MCC18\src\traditional\proc\p18F4620.asm
                    FSR2L   0x000fd9       data     extern C:\MCC18\src\traditional\proc\p18F4620.asm
                    FSR2H   0x000fda       data     extern C:\MCC18\src\traditional\proc\p18F4620.asm
                   PLUSW2   0x000fdb       data     extern C:\MCC18\src\traditional\proc\p18F4620.asm
                  PREINC2   0x000fdc       data     extern C:\MCC18\src\traditional\proc\p18F4620.asm
                 POSTDEC2   0x000fdd       data     extern C:\MCC18\src\traditional\proc\p18F4620.asm
                 POSTINC2   0x000fde       data     extern C:\MCC18\src\traditional\proc\p18F4620.asm
                    INDF2   0x000fdf       data     extern C:\MCC18\src\traditional\proc\p18F4620.asm
                      BSR   0x000fe0       data     extern C:\MCC18\src\traditional\proc\p18F4620.asm
                     FSR1   0x000fe1       data     extern C:\MCC18\src\traditional\proc\p18F4620.asm
                    FSR1L   0x000fe1       data     extern C:\MCC18\src\traditional\proc\p18F4620.asm
                    FSR1H   0x000fe2       data     extern C:\MCC18\src\traditional\proc\p18F4620.asm
                   PLUSW1   0x000fe3       data     extern C:\MCC18\src\traditional\proc\p18F4620.asm
                  PREINC1   0x000fe4       data     extern C:\MCC18\src\traditional\proc\p18F4620.asm
                 POSTDEC1   0x000fe5       data     extern C:\MCC18\src\traditional\proc\p18F4620.asm
                 POSTINC1   0x000fe6       data     extern C:\MCC18\src\traditional\proc\p18F4620.asm
                    INDF1   0x000fe7       data     extern C:\MCC18\src\traditional\proc\p18F4620.asm
                        W   0x000fe8       data     extern C:\MCC18\src\traditional\proc\p18F4620.asm
                     WREG   0x000fe8       data     extern C:\MCC18\src\traditional\proc\p18F4620.asm
                    FSR0L   0x000fe9       data     extern C:\MCC18\src\traditional\proc\p18F4620.asm
                     FSR0   0x000fe9       data     extern C:\MCC18\src\traditional\proc\p18F4620.asm
                    FSR0H   0x000fea       data     extern C:\MCC18\src\traditional\proc\p18F4620.asm
                   PLUSW0   0x000feb       data     extern C:\MCC18\src\traditional\proc\p18F4620.asm
                  PREINC0   0x000fec       data     extern C:\MCC18\src\traditional\proc\p18F4620.asm
                 POSTDEC0   0x000fed       data     extern C:\MCC18\src\traditional\proc\p18F4620.asm
                 POSTINC0   0x000fee       data     extern C:\MCC18\src\traditional\proc\p18F4620.asm
                    INDF0   0x000fef       data     extern C:\MCC18\src\traditional\proc\p18F4620.asm
              INTCON3bits   0x000ff0       data     extern C:\MCC18\src\traditional\proc\p18F4620.asm
                  INTCON3   0x000ff0       data     extern C:\MCC18\src\traditional\proc\p18F4620.asm
              INTCON2bits   0x000ff1       data     extern C:\MCC18\src\traditional\proc\p18F4620.asm
                  INTCON2   0x000ff1       data     extern C:\MCC18\src\traditional\proc\p18F4620.asm
               INTCONbits   0x000ff2       data     extern C:\MCC18\src\traditional\proc\p18F4620.asm
                   INTCON   0x000ff2       data     extern C:\MCC18\src\traditional\proc\p18F4620.asm
                    PRODL   0x000ff3       data     extern C:\MCC18\src\traditional\proc\p18F4620.asm
                     PROD   0x000ff3       data     extern C:\MCC18\src\traditional\proc\p18F4620.asm
                    PRODH   0x000ff4       data     extern C:\MCC18\src\traditional\proc\p18F4620.asm
                   TABLAT   0x000ff5       data     extern C:\MCC18\src\traditional\proc\p18F4620.asm
                  TBLPTRL   0x000ff6       data     extern C:\MCC18\src\traditional\proc\p18F4620.asm
                   TBLPTR   0x000ff6       data     extern C:\MCC18\src\traditional\proc\p18F4620.asm
                  TBLPTRH   0x000ff7       data     extern C:\MCC18\src\traditional\proc\p18F4620.asm
                  TBLPTRU   0x000ff8       data     extern C:\MCC18\src\traditional\proc\p18F4620.asm
                      PCL   0x000ff9       data     extern C:\MCC18\src\traditional\proc\p18F4620.asm
                       PC   0x000ff9       data     extern C:\MCC18\src\traditional\proc\p18F4620.asm
                   PCLATH   0x000ffa       data     extern C:\MCC18\src\traditional\proc\p18F4620.asm
                   PCLATU   0x000ffb       data     extern C:\MCC18\src\traditional\proc\p18F4620.asm
               STKPTRbits   0x000ffc       data     extern C:\MCC18\src\traditional\proc\p18F4620.asm
                   STKPTR   0x000ffc       data     extern C:\MCC18\src\traditional\proc\p18F4620.asm
                     TOSL   0x000ffd       data     extern C:\MCC18\src\traditional\proc\p18F4620.asm
                      TOS   0x000ffd       data     extern C:\MCC18\src\traditional\proc\p18F4620.asm
                     TOSH   0x000ffe       data     extern C:\MCC18\src\traditional\proc\p18F4620.asm
                     TOSU   0x000fff       data     extern C:\MCC18\src\traditional\proc\p18F4620.asm


