MPLINK 4.22, Linker
Linker Map File - Created Sat Mar 21 14:56:42 2009

                                 Section Info
                  Section       Type    Address   Location Size(Bytes)
                ---------  ---------  ---------  ---------  ---------
               _entry_scn       code   0x000000    program   0x000006
               highVector       code   0x000008    program   0x000006
               lowhVector       code   0x000018    program   0x000006
               macaddress    romdata   0x00002a    program   0x000008
                   .cinit    romdata   0x000032    program   0x00000e
    .code_zMAC_MRF24J40.o       code   0x000040    program   0x00234e
             .code_zAPS.o       code   0x00238e    program   0x001d5a
             .code_zNWK.o       code   0x0040e8    program   0x001570
             .code_zZDO.o       code   0x005658    program   0x000e0e
              .code_RFD.o       code   0x006466    program   0x000bc6
    .code_zPHY_MRF24J40.o       code   0x00702c    program   0x000900
             .stringtable    romdata   0x00792c    program   0x00049c
          .code_sralloc.o       code   0x007dc8    program   0x0003c0
      .code_ZigbeeTasks.o       code   0x008188    program   0x0003a8
             .code_zNVM.o       code   0x008530    program   0x00036a
                     PROG       code   0x00889a    program   0x0001fe
          .code_Console.o       code   0x008a98    program   0x00019c
                   STRING       code   0x008c34    program   0x000160
          .romdata_zNVM.o    romdata   0x008d94    program   0x00010d
   .romdata_ZigbeeTasks.o    romdata   0x008ea1    program   0x000000
 .idata_zMAC_MRF24J40.o_i    romdata   0x008ea1    program   0x000000
          .idata_zNWK.o_i    romdata   0x008ea1    program   0x000000
          .romdata_zNWK.o    romdata   0x008ea1    program   0x000000
 .idata_zPHY_MRF24J40.o_i    romdata   0x008ea1    program   0x000000
 .romdata_zPHY_MRF24J40.o    romdata   0x008ea1    program   0x000000
         .romdata_c018i.o    romdata   0x008ea1    program   0x000000
.idata_zSecurity_MRF24J40.o_i    romdata   0x008ea1    program   0x000000
.romdata_zSecurity_MRF24J40.o    romdata   0x008ea1    program   0x000000
          .idata_zZDO.o_i    romdata   0x008ea1    program   0x000000
          .romdata_zZDO.o    romdata   0x008ea1    program   0x000000
        .idata___init.o_i    romdata   0x008ea1    program   0x000000
        .romdata___init.o    romdata   0x008ea1    program   0x000000
         .idata_c018i.o_i    romdata   0x008ea1    program   0x000000
      .idata_myZigBee.o_i    romdata   0x008ea1    program   0x000000
           .idata_RFD.o_i    romdata   0x008ea1    program   0x000000
           .romdata_RFD.o    romdata   0x008ea1    program   0x000000
       .romdata_sralloc.o    romdata   0x008ea1    program   0x000000
       .idata_sralloc.o_i    romdata   0x008ea1    program   0x000000
          .romdata_MSPI.o    romdata   0x008ea1    program   0x000000
          .idata_MSPI.o_i    romdata   0x008ea1    program   0x000000
    .idata_SymbolTime.o_i    romdata   0x008ea1    program   0x000000
    .romdata_SymbolTime.o    romdata   0x008ea1    program   0x000000
          .idata_zAPS.o_i    romdata   0x008ea1    program   0x000000
          .romdata_zAPS.o    romdata   0x008ea1    program   0x000000
       .idata_Console.o_i    romdata   0x008ea1    program   0x000000
   .idata_ZigbeeTasks.o_i    romdata   0x008ea1    program   0x000000
               _cinit_scn       code   0x008ea2    program   0x00009e
            .code_c018i.o       code   0x008ea2    program   0x000000
         .code_myZigBee.o       code   0x008ea2    program   0x000000
.code_zSecurity_MRF24J40.o       code   0x008ea2    program   0x000000
       .code_SymbolTime.o       code   0x008f40    program   0x00009c
      .romdata_myZigBee.o    romdata   0x008fdc    program   0x000040
 .romdata_zMAC_MRF24J40.o    romdata   0x00901c    program   0x00003c
             .code_MSPI.o       code   0x009058    program   0x00002e
             _startup_scn       code   0x009086    program   0x00001c
       .romdata_Console.o    romdata   0x0090a2    program   0x000010
                    .code       code   0x0090b2    program   0x00000e
           .code___init.o       code   0x0090c0    program   0x000002
          .idata_zNVM.o_i    romdata   0x0090c2    program   0x000002
                 CONFIG1H    romdata   0x300001    program   0x000001
                 CONFIG2L    romdata   0x300002    program   0x000001
                 CONFIG2H    romdata   0x300003    program   0x000001
                 CONFIG3H    romdata   0x300005    program   0x000001
                 CONFIG4L    romdata   0x300006    program   0x000001
                MATH_DATA      udata   0x000000       data   0x000014
                 .tmpdata      udata   0x000014       data   0x00000c
              HighISR_tmp      udata   0x000020       data   0x000004
   .udata_zMAC_MRF24J40.o      udata   0x000080       data   0x000053
            .udata_zNVM.o      udata   0x0000d3       data   0x000021
           .udata_c018i.o      udata   0x0000f4       data   0x00000a
            .udata_zZDO.o      udata   0x0000fe       data   0x000002
            MultiBankHeap      udata   0x000100       data   0x000800
                   .stack      udata   0x000900       data   0x000100
                RX_BUFFER      udata   0x000a00       data   0x000100
     .udata_ZigbeeTasks.o      udata   0x000e00       data   0x0000aa
            .udata_zAPS.o      udata   0x000eaa       data   0x00001f
            .udata_zNWK.o      udata   0x000ec9       data   0x00001e
             .udata_RFD.o      udata   0x000ee7       data   0x000009
      .udata_SymbolTime.o      udata   0x000ef0       data   0x000002
            .idata_zNVM.o      idata   0x000ef2       data   0x000002
   .udata_zPHY_MRF24J40.o      udata   0x000f00       data   0x00000f
            .idata_zNWK.o      idata   0x000f0f       data   0x000000
   .idata_zPHY_MRF24J40.o      idata   0x000f0f       data   0x000000
         .idata_Console.o      idata   0x000f0f       data   0x000000
.udata_zSecurity_MRF24J40.o      udata   0x000f0f       data   0x000000
.idata_zSecurity_MRF24J40.o      idata   0x000f0f       data   0x000000
         .udata_Console.o      udata   0x000f0f       data   0x000000
            .idata_zZDO.o      idata   0x000f0f       data   0x000000
          .udata___init.o      udata   0x000f0f       data   0x000000
          .idata___init.o      idata   0x000f0f       data   0x000000
           .idata_c018i.o      idata   0x000f0f       data   0x000000
            .udata_MSPI.o      udata   0x000f0f       data   0x000000
   .idata_zMAC_MRF24J40.o      idata   0x000f0f       data   0x000000
            .idata_MSPI.o      idata   0x000f0f       data   0x000000
     .idata_ZigbeeTasks.o      idata   0x000f0f       data   0x000000
            .idata_zAPS.o      idata   0x000f0f       data   0x000000
      .idata_SymbolTime.o      idata   0x000f0f       data   0x000000
             .idata_RFD.o      idata   0x000f0f       data   0x000000
        .idata_myZigBee.o      idata   0x000f0f       data   0x000000
        .udata_myZigBee.o      udata   0x000f0f       data   0x000000
         .udata_sralloc.o      udata   0x000f0f       data   0x000000
         .idata_sralloc.o      idata   0x000f0f       data   0x000000
            SFR_UNBANKED0      udata   0x000f80       data   0x000080



                              Program Memory Usage 
                               Start         End      
                           ---------   ---------      
                            0x000000    0x000005      
                            0x000008    0x00000d      
                            0x000018    0x00001d      
                            0x00002a    0x008ea0      
                            0x008ea2    0x0090c3      
                            0x300001    0x300003      
                            0x300005    0x300006      
            37040 out of 66584 program addresses used, program memory utilization is 55%



                              Symbols - Sorted by Name
                     Name    Address   Location    Storage File                     
                ---------  ---------  ---------  --------- ---------                
  APSClearAPSAddressTable   0x003cfa    program     extern C:\MPZBee\ZigbeeStack\zAPS.c
       APSFromLongToShort   0x004088    program     extern C:\MPZBee\ZigbeeStack\zAPS.c
       APSFromShortToLong   0x003fde    program     extern C:\MPZBee\ZigbeeStack\zAPS.c
                   APSGet   0x003d6a    program     extern C:\MPZBee\ZigbeeStack\zAPS.c
    APSHasBackgroundTasks   0x00238e    program     extern C:\MPZBee\ZigbeeStack\zAPS.c
                  APSInit   0x0023a0    program     extern C:\MPZBee\ZigbeeStack\zAPS.c
        APSSaveAPSAddress   0x003e24    program     extern C:\MPZBee\ZigbeeStack\zAPS.c
                 APSTasks   0x0024d2    program     extern C:\MPZBee\ZigbeeStack\zAPS.c
       CanAddNeighborNode   0x005100    program     extern C:\MPZBee\ZigbeeStack\zNWK.c
           CharacterArray   0x0090a2    program     extern C:\MPZBee\Common\Console.c
                 ClearNVM   0x0087da    program     extern C:\MPZBee\ZigbeeStack\zNVM.c
Config_NWK_Mode_and_Params   0x009012    program     extern C:\MpZBee\DemoRFD\myZigBee.c
   Config_Node_Descriptor   0x008fdc    program     extern C:\MpZBee\DemoRFD\myZigBee.c
  Config_Power_Descriptor   0x008fe4    program     extern C:\MpZBee\DemoRFD\myZigBee.c
Config_Simple_Descriptors   0x008fe6    program     extern C:\MpZBee\DemoRFD\myZigBee.c
               ConsoleGet   0x008bc2    program     extern C:\MPZBee\Common\Console.c
         ConsoleGetString   0x008aee    program     extern C:\MPZBee\Common\Console.c
              ConsoleInit   0x008a98    program     extern C:\MPZBee\Common\Console.c
               ConsolePut   0x008b6c    program     extern C:\MPZBee\Common\Console.c
      ConsolePutROMString   0x008ab0    program     extern C:\MPZBee\Common\Console.c
         ConsolePutString   0x008b86    program     extern C:\MPZBee\Common\Console.c
      DoneReceivingPacket   0x00789c    program     static                          
                 FLO3232S   0x00889e    program     extern C:\MCC18\src\traditional\math\cast32FP.asm
                 FLO3232U   0x00889a    program     extern C:\MCC18\src\traditional\math\cast32FP.asm
   FinishAddressResponses   0x006216    program     extern C:\MPZBee\ZigbeeStack\zZDO.C
             HardwareInit   0x006eb6    program     extern C:\MpZBee\DemoRFD\RFD.c  
                  HighISR   0x00751e    program     extern C:\MPZBee\ZigbeeStack\zPHY_MRF24J40.c
               HighVector   0x000008    program     extern C:\MPZBee\ZigbeeStack\zPHY_MRF24J40.c
          InitSymbolTimer   0x008f40    program     extern C:\MPZBee\ZigbeeStack\SymbolTime.c
        IsThisMyShortAddr   0x0063ae    program     extern C:\MPZBee\ZigbeeStack\zZDO.C
         LookupAPSAddress   0x003d8c    program     extern C:\MPZBee\ZigbeeStack\zAPS.c
     LookupAPSLongAddress   0x003f48    program     extern C:\MPZBee\ZigbeeStack\zAPS.c
                LowVector   0x000018    program     extern C:\MPZBee\ZigbeeStack\zPHY_MRF24J40.c
               MACDisable   0x000082    program     extern C:\MPZBee\ZigbeeStack\zMAC_MRF24J40.c
             MACDiscardRx   0x00006a    program     extern C:\MPZBee\ZigbeeStack\zMAC_MRF24J40.c
                MACEnable   0x000096    program     extern C:\MPZBee\ZigbeeStack\zMAC_MRF24J40.c
                   MACGet   0x000052    program     extern C:\MPZBee\ZigbeeStack\zMAC_MRF24J40.c
    MACHasBackgroundTasks   0x000040    program     extern C:\MPZBee\ZigbeeStack\zMAC_MRF24J40.c
                  MACInit   0x000170    program     extern C:\MPZBee\ZigbeeStack\zMAC_MRF24J40.c
                 MACTasks   0x0001ce    program     extern C:\MPZBee\ZigbeeStack\zMAC_MRF24J40.c
     MLME_SET_macPANId_hw   0x00234a    program     extern C:\MPZBee\ZigbeeStack\zMAC_MRF24J40.c
MLME_SET_macShortAddress_hw   0x00236c    program     extern C:\MPZBee\ZigbeeStack\zMAC_MRF24J40.c
         NLME_GET_nwkBCSN   0x00519c    program     extern C:\MPZBee\ZigbeeStack\zNWK.c
                  NVMInit   0x008530    program     extern C:\MPZBee\ZigbeeStack\zNVM.c
                 NVMWrite   0x008536    program     extern C:\MPZBee\ZigbeeStack\zNVM.c
    NWKClearNeighborTable   0x0051ac    program     extern C:\MPZBee\ZigbeeStack\zNWK.c
                   NWKGet   0x00523e    program     extern C:\MPZBee\ZigbeeStack\zNWK.c
    NWKHasBackgroundTasks   0x0040e8    program     extern C:\MPZBee\ZigbeeStack\zNWK.c
                  NWKInit   0x0040fa    program     extern C:\MPZBee\ZigbeeStack\zNWK.c
  NWKLookupNodeByLongAddr   0x005260    program     extern C:\MPZBee\ZigbeeStack\zNWK.c
NWKLookupNodeByShortAddrVal   0x0052fc    program     extern C:\MPZBee\ZigbeeStack\zNWK.c
                 NWKTasks   0x004166    program     extern C:\MPZBee\ZigbeeStack\zNWK.c
   NWKThisIsMyLongAddress   0x005386    program     extern C:\MPZBee\ZigbeeStack\zNWK.c
     NWKTidyNeighborTable   0x00540c    program     extern C:\MPZBee\ZigbeeStack\zNWK.c
                   PHYGet   0x00702c    program     extern C:\MPZBee\ZigbeeStack\zPHY_MRF24J40.c
        PHYGetLongRAMAddr   0x007462    program     extern C:\MPZBee\ZigbeeStack\zPHY_MRF24J40.c
       PHYGetShortRAMAddr   0x00740c    program     extern C:\MPZBee\ZigbeeStack\zPHY_MRF24J40.c
    PHYHasBackgroundTasks   0x00706a    program     extern C:\MPZBee\ZigbeeStack\zPHY_MRF24J40.c
                  PHYInit   0x007072    program     extern C:\MPZBee\ZigbeeStack\zPHY_MRF24J40.c
        PHYSetLongRAMAddr   0x007326    program     extern C:\MPZBee\ZigbeeStack\zPHY_MRF24J40.c
        PHYSetOutputPower   0x0074f8    program     extern C:\MPZBee\ZigbeeStack\zPHY_MRF24J40.c
       PHYSetShortRAMAddr   0x0073b6    program     extern C:\MPZBee\ZigbeeStack\zPHY_MRF24J40.c
                 PHYTasks   0x00722a    program     extern C:\MPZBee\ZigbeeStack\zPHY_MRF24J40.c
   PrepareMessageResponse   0x006418    program     extern C:\MPZBee\ZigbeeStack\zZDO.C
Prepare_MCPS_DATA_request   0x0054ec    program     extern C:\MPZBee\ZigbeeStack\zNWK.c
                PrintChar   0x008bd0    program     extern C:\MPZBee\Common\Console.c
           RFDSendMessage   0x006f2c    program     extern C:\MpZBee\DemoRFD\RFD.c  
 RemoveNeighborTableEntry   0x005582    program     extern C:\MPZBee\ZigbeeStack\zNWK.c
                   SPIGet   0x00907a    program     extern C:\MPZBee\Common\MSPI.c  
                   SPIPut   0x009058    program     extern C:\MPZBee\Common\MSPI.c  
             SRAMInitHeap   0x007fb6    program     extern C:\MPZBee\Common\sralloc.c
                SRAMalloc   0x007dc8    program     extern C:\MPZBee\Common\sralloc.c
                 SRAMfree   0x007f92    program     extern C:\MPZBee\Common\sralloc.c
        SubmitJoinRequest   0x00658a    program     static                          
                  TAGTB32   0x0088d0    program     extern C:\MCC18\src\traditional\math\gtFP.asm
                  TickGet   0x008f54    program     extern C:\MPZBee\ZigbeeStack\SymbolTime.c
          TransceiverInit   0x006ee2    program     extern C:\MpZBee\DemoRFD\RFD.c  
     UserInterruptHandler   0x006eee    program     extern C:\MpZBee\DemoRFD\RFD.c  
VariableAndTableInitialization   0x0055f0    program     extern C:\MPZBee\ZigbeeStack\zNWK.c
    ZDOHasBackgroundTasks   0x005658    program     extern C:\MPZBee\ZigbeeStack\zZDO.C
                  ZDOInit   0x00566a    program     extern C:\MPZBee\ZigbeeStack\zZDO.C
                 ZDOTasks   0x005670    program     extern C:\MPZBee\ZigbeeStack\zZDO.C
               ZigBeeInit   0x008188    program     extern C:\MPZBee\ZigbeeStack\ZigbeeTasks.c
              ZigBeeTasks   0x0081be    program     extern C:\MPZBee\ZigbeeStack\ZigbeeTasks.c
              _2jContinue   0x008d80    program     static C:\MCC18\src\traditional\stdclib\memset.asm
              _3jContinue   0x008cb0    program     static C:\MCC18\src\traditional\stdclib\mcmpp2r.asm
              _3jContinue   0x008d4c    program     static C:\MCC18\src\traditional\stdclib\mcpyp2r.asm
                   _3jEnd   0x008d8a    program     static C:\MCC18\src\traditional\stdclib\memset.asm
              _4jContinue   0x008c60    program     static C:\MCC18\src\traditional\stdclib\memcmp.asm
              _4jContinue   0x008cf8    program     static C:\MCC18\src\traditional\stdclib\memcpy.asm
                   _4jEnd   0x008d56    program     static C:\MCC18\src\traditional\stdclib\mcpyp2r.asm
                   _4jEnd   0x008cba    program     static C:\MCC18\src\traditional\stdclib\mcmpp2r.asm
                   _5jEnd   0x008c6a    program     static C:\MCC18\src\traditional\stdclib\memcmp.asm
                   _5jEnd   0x008d02    program     static C:\MCC18\src\traditional\stdclib\memcpy.asm
               _SRAMmerge   0x00805e    program     extern C:\MPZBee\Common\sralloc.c
              __FpCompare   0x0088e2    program     extern C:\MCC18\src\traditional\math\compFP.asm
                 __FpExit   0x008998    program     extern C:\MCC18\src\traditional\math\packFP.asm
                 __FpPack   0x0089c4    program     extern C:\MCC18\src\traditional\math\packFP.asm
            __FpReturnNaN   0x00898c    program     extern C:\MCC18\src\traditional\math\packFP.asm
         __FpReturnNegInf   0x00899e    program     extern C:\MCC18\src\traditional\math\packFP.asm
        __FpReturnNegZero   0x0089b6    program     extern C:\MCC18\src\traditional\math\packFP.asm
         __FpReturnPosInf   0x0089a4    program     extern C:\MCC18\src\traditional\math\packFP.asm
        __FpReturnPosZero   0x0089be    program     extern C:\MCC18\src\traditional\math\packFP.asm
        __FpReturnSignInf   0x00899a    program     extern C:\MCC18\src\traditional\math\packFP.asm
       __FpReturnSignZero   0x0089b2    program     extern C:\MCC18\src\traditional\math\packFP.asm
              __FpReturnW   0x008a1c    program     extern C:\MCC18\src\traditional\math\packFP.asm
              __FpUnPackA   0x008a3c    program     extern C:\MCC18\src\traditional\math\UnpackFP.asm
              __FpUnPackB   0x008a6c    program     extern C:\MCC18\src\traditional\math\UnpackFP.asm
       ___case_0_lbl00027   0x0067d2    program     static                          
       ___case_0_lbl00032   0x00682e    program     static                          
       ___case_0_lbl00052   0x006a4a    program     static                          
       ___case_0_lbl00112   0x006b84    program     static                          
     ___case_100_lbl00073   0x00846a    program     static                          
     ___case_101_lbl00086   0x00847a    program     static                          
     ___case_102_lbl00072   0x00846a    program     static                          
     ___case_103_lbl00085   0x00847a    program     static                          
     ___case_104_lbl00071   0x00846a    program     static                          
     ___case_105_lbl00084   0x00847a    program     static                          
     ___case_106_lbl00070   0x00846a    program     static                          
     ___case_107_lbl00083   0x00847a    program     static                          
      ___case_10_lbl00010   0x00843a    program     static                          
      ___case_11_lbl00032   0x00844a    program     static                          
     ___case_128_lbl00040   0x0068ae    program     static                          
      ___case_12_lbl00012   0x00843a    program     static                          
      ___case_13_lbl00031   0x00844a    program     static                          
      ___case_16_lbl00030   0x00844a    program     static                          
      ___case_17_lbl00069   0x00845a    program     static                          
      ___case_18_lbl00068   0x00845a    program     static                          
     ___case_193_lbl00029   0x0067f6    program     static                          
     ___case_198_lbl00028   0x0067e4    program     static                          
      ___case_19_lbl00029   0x00844a    program     static                          
       ___case_1_lbl00015   0x00843a    program     static                          
      ___case_20_lbl00067   0x00845a    program     static                          
      ___case_21_lbl00028   0x00844a    program     static                          
      ___case_22_lbl00066   0x00845a    program     static                          
      ___case_23_lbl00027   0x00844a    program     static                          
     ___case_240_lbl00054   0x006a96    program     static                          
      ___case_24_lbl00065   0x00845a    program     static                          
     ___case_255_lbl00053   0x006a70    program     static                          
      ___case_25_lbl00026   0x00844a    program     static                          
      ___case_26_lbl00064   0x00845a    program     static                          
      ___case_27_lbl00063   0x00845a    program     static                          
      ___case_28_lbl00062   0x00845a    program     static                          
      ___case_29_lbl00025   0x00844a    program     static                          
       ___case_2_lbl00036   0x00844a    program     static                          
      ___case_30_lbl00061   0x00845a    program     static                          
      ___case_31_lbl00024   0x00844a    program     static                          
      ___case_32_lbl00060   0x00845a    program     static                          
      ___case_33_lbl00059   0x00845a    program     static                          
      ___case_34_lbl00058   0x00845a    program     static                          
      ___case_35_lbl00023   0x00844a    program     static                          
      ___case_36_lbl00022   0x00844a    program     static                          
      ___case_37_lbl00057   0x00845a    program     static                          
      ___case_38_lbl00021   0x00844a    program     static                          
      ___case_39_lbl00056   0x00845a    program     static                          
       ___case_3_lbl00037   0x00844a    program     static                          
      ___case_40_lbl00020   0x00844a    program     static                          
      ___case_41_lbl00055   0x00845a    program     static                          
      ___case_42_lbl00054   0x00845a    program     static                          
      ___case_43_lbl00019   0x00844a    program     static                          
      ___case_44_lbl00053   0x00845a    program     static                          
      ___case_45_lbl00018   0x00844a    program     static                          
      ___case_46_lbl00052   0x00845a    program     static                          
      ___case_47_lbl00017   0x00844a    program     static                          
      ___case_48_lbl00051   0x00845a    program     static                          
      ___case_49_lbl00016   0x00844a    program     static                          
       ___case_4_lbl00014   0x00843a    program     static                          
      ___case_50_lbl00050   0x00845a    program     static                          
      ___case_51_lbl00049   0x00845a    program     static                          
      ___case_52_lbl00082   0x00846a    program     static                          
      ___case_53_lbl00081   0x00846a    program     static                          
      ___case_54_lbl00004   0x006558    program     static                          
      ___case_54_lbl00109   0x00848a    program     static                          
      ___case_55_lbl00108   0x00848a    program     static                          
      ___case_56_lbl00107   0x00848a    program     static                          
      ___case_57_lbl00106   0x00848a    program     static                          
      ___case_58_lbl00009   0x00660a    program     static                          
      ___case_58_lbl00105   0x00848a    program     static                          
      ___case_59_lbl00104   0x00848a    program     static                          
       ___case_5_lbl00033   0x00844a    program     static                          
      ___case_60_lbl00103   0x00848a    program     static                          
      ___case_61_lbl00025   0x0067aa    program     static                          
      ___case_61_lbl00102   0x00848a    program     static                          
      ___case_62_lbl00030   0x0067c0    program     static                          
      ___case_62_lbl00101   0x00848a    program     static                          
      ___case_63_lbl00100   0x00848a    program     static                          
      ___case_64_lbl00099   0x00848a    program     static                          
      ___case_65_lbl00048   0x00845a    program     static                          
      ___case_66_lbl00047   0x00845a    program     static                          
      ___case_67_lbl00046   0x00845a    program     static                          
      ___case_68_lbl00045   0x00845a    program     static                          
      ___case_69_lbl00044   0x00845a    program     static                          
       ___case_6_lbl00013   0x00843a    program     static                          
      ___case_70_lbl00043   0x00845a    program     static                          
      ___case_71_lbl00042   0x00845a    program     static                          
      ___case_72_lbl00041   0x00845a    program     static                          
      ___case_73_lbl00040   0x00845a    program     static                          
      ___case_74_lbl00039   0x00845a    program     static                          
      ___case_75_lbl00038   0x00845a    program     static                          
      ___case_76_lbl00098   0x00848a    program     static                          
      ___case_77_lbl00024   0x00674e    program     static                          
      ___case_77_lbl00097   0x00848a    program     static                          
      ___case_78_lbl00096   0x00848a    program     static                          
      ___case_79_lbl00080   0x00846a    program     static                          
       ___case_7_lbl00035   0x00844a    program     static                          
      ___case_80_lbl00067   0x006b3c    program     static                          
      ___case_80_lbl00110   0x00848a    program     static                          
      ___case_81_lbl00064   0x00680e    program     static                          
      ___case_81_lbl00095   0x00848a    program     static                          
      ___case_82_lbl00079   0x00846a    program     static                          
      ___case_85_lbl00078   0x00846a    program     static                          
      ___case_86_lbl00094   0x00848a    program     static                          
      ___case_89_lbl00093   0x00848a    program     static                          
       ___case_8_lbl00011   0x00843a    program     static                          
       ___case_8_lbl00062   0x006938    program     static                          
      ___case_90_lbl00092   0x00847a    program     static                          
      ___case_91_lbl00091   0x00847a    program     static                          
      ___case_92_lbl00090   0x00847a    program     static                          
      ___case_93_lbl00089   0x00847a    program     static                          
      ___case_94_lbl00077   0x00846a    program     static                          
      ___case_95_lbl00076   0x00846a    program     static                          
      ___case_96_lbl00087   0x00847a    program     static                          
      ___case_97_lbl00075   0x00846a    program     static                          
      ___case_98_lbl00074   0x00846a    program     static                          
      ___case_99_lbl00088   0x00847a    program     static                          
       ___case_9_lbl00034   0x00844a    program     static                          
      ___default_lbl00041   0x006912    program     static                          
      ___default_lbl00055   0x006abc    program     static                          
      ___default_lbl00063   0x006b34    program     static                          
      ___default_lbl00113   0x006e68    program     static                          
           ___do_lbl00002   0x0084d6    program     static                          
           ___do_lbl00003   0x0084de    program     static                          
           ___do_lbl00010   0x007218    program     static                          
           ___do_lbl00011   0x007220    program     static                          
           ___do_lbl00012   0x007208    program     static                          
           ___do_lbl00117   0x0081d6    program     static                          
         ___else_lbl00006   0x00657a    program     static                          
         ___else_lbl00008   0x0065ec    program     static                          
         ___else_lbl00013   0x0066a6    program     static                          
         ___else_lbl00017   0x0066fc    program     static                          
         ___else_lbl00019   0x0066b8    program     static                          
         ___else_lbl00021   0x006666    program     static                          
         ___else_lbl00023   0x006794    program     static                          
         ___else_lbl00035   0x0075bc    program     static                          
         ___else_lbl00041   0x007622    program     static                          
         ___else_lbl00047   0x00769c    program     static                          
         ___else_lbl00052   0x00776a    program     static                          
         ___else_lbl00058   0x006b28    program     static                          
         ___else_lbl00059   0x0077d4    program     static                          
         ___else_lbl00062   0x007852    program     static                          
         ___else_lbl00064   0x007888    program     static                          
         ___else_lbl00066   0x006b6e    program     static                          
         ___else_lbl00066   0x007892    program     static                          
         ___else_lbl00069   0x006bd8    program     static                          
         ___else_lbl00098   0x006cfc    program     static                          
         ___else_lbl00108   0x006e12    program     static                          
         ___else_lbl00111   0x006c02    program     static                          
         ___else_lbl00116   0x0084cc    program     static                          
         ___else_lbl00123   0x008520    program     static                          
          ___for_lbl00004   0x0070a2    program     static                          
          ___for_lbl00005   0x0070a6    program     static                          
          ___for_lbl00006   0x00708c    program     static                          
          ___for_lbl00007   0x0070c0    program     static                          
          ___for_lbl00008   0x0070c4    program     static                          
          ___for_lbl00009   0x0070aa    program     static                          
          ___for_lbl00019   0x00887a    program     static                          
          ___for_lbl00020   0x008886    program     static                          
          ___for_lbl00023   0x0087f0    program     static                          
          ___for_lbl00033   0x006930    program     static                          
          ___for_lbl00034   0x006936    program     static                          
          ___for_lbl00036   0x0068e2    program     static                          
          ___for_lbl00037   0x0068e8    program     static                          
          ___for_lbl00038   0x0068ca    program     static                          
          ___for_lbl00042   0x00692a    program     static                          
          ___for_lbl00043   0x006930    program     static                          
          ___for_lbl00044   0x006914    program     static                          
          ___for_lbl00045   0x006870    program     static                          
          ___for_lbl00047   0x006b2c    program     static                          
          ___for_lbl00048   0x006b32    program     static                          
          ___for_lbl00060   0x006952    program     static                          
          ___for_lbl00072   0x006c7a    program     static                          
          ___for_lbl00073   0x006c86    program     static                          
          ___for_lbl00074   0x006c6e    program     static                          
          ___for_lbl00075   0x006c7a    program     static                          
          ___for_lbl00076   0x006c52    program     static                          
          ___for_lbl00077   0x006c2e    program     static                          
          ___for_lbl00078   0x006cdc    program     static                          
          ___for_lbl00079   0x006ce8    program     static                          
          ___for_lbl00080   0x006cd0    program     static                          
          ___for_lbl00081   0x006cdc    program     static                          
          ___for_lbl00082   0x006cb4    program     static                          
          ___for_lbl00083   0x006c90    program     static                          
          ___for_lbl00084   0x006d5c    program     static                          
          ___for_lbl00085   0x006d68    program     static                          
          ___for_lbl00086   0x006d50    program     static                          
          ___for_lbl00087   0x006d5c    program     static                          
          ___for_lbl00088   0x006d34    program     static                          
          ___for_lbl00089   0x006d10    program     static                          
          ___for_lbl00090   0x006dbe    program     static                          
          ___for_lbl00091   0x006dca    program     static                          
          ___for_lbl00092   0x006db2    program     static                          
          ___for_lbl00093   0x006dbe    program     static                          
          ___for_lbl00094   0x006d96    program     static                          
          ___for_lbl00095   0x006d72    program     static                          
           ___if_lbl00004   0x0081ec    program     static                          
           ___if_lbl00004   0x0085a4    program     static                          
           ___if_lbl00005   0x0065ea    program     static                          
           ___if_lbl00005   0x008200    program     static                          
           ___if_lbl00006   0x008214    program     static                          
           ___if_lbl00007   0x008228    program     static                          
           ___if_lbl00007   0x006606    program     static                          
           ___if_lbl00007   0x008624    program     static                          
           ___if_lbl00008   0x00865e    program     static                          
           ___if_lbl00008   0x00823c    program     static                          
           ___if_lbl00012   0x0066b6    program     static                          
           ___if_lbl00014   0x00871a    program     static                          
           ___if_lbl00016   0x00674c    program     static                          
           ___if_lbl00017   0x00879e    program     static                          
           ___if_lbl00018   0x00674c    program     static                          
           ___if_lbl00020   0x00674c    program     static                          
           ___if_lbl00022   0x0067a4    program     static                          
           ___if_lbl00033   0x0075c6    program     static                          
           ___if_lbl00034   0x0075c6    program     static                          
           ___if_lbl00036   0x0075c6    program     static                          
           ___if_lbl00039   0x007602    program     static                          
           ___if_lbl00039   0x006910    program     static                          
           ___if_lbl00040   0x007626    program     static                          
           ___if_lbl00042   0x007626    program     static                          
           ___if_lbl00043   0x00762a    program     static                          
           ___if_lbl00044   0x00762e    program     static                          
           ___if_lbl00045   0x007678    program     static                          
           ___if_lbl00046   0x0076c2    program     static                          
           ___if_lbl00046   0x006936    program     static                          
           ___if_lbl00048   0x007714    program     static                          
           ___if_lbl00051   0x0077a2    program     static                          
           ___if_lbl00053   0x0077d2    program     static                          
           ___if_lbl00055   0x00781c    program     static                          
           ___if_lbl00056   0x006aee    program     static                          
           ___if_lbl00056   0x007824    program     static                          
           ___if_lbl00057   0x007824    program     static                          
           ___if_lbl00057   0x006b2c    program     static                          
           ___if_lbl00058   0x007824    program     static                          
           ___if_lbl00059   0x006b2c    program     static                          
           ___if_lbl00060   0x007842    program     static                          
           ___if_lbl00061   0x007866    program     static                          
           ___if_lbl00061   0x006b32    program     static                          
           ___if_lbl00063   0x007890    program     static                          
           ___if_lbl00065   0x006b7e    program     static                          
           ___if_lbl00065   0x00789c    program     static                          
           ___if_lbl00067   0x00789e    program     static                          
           ___if_lbl00068   0x006c00    program     static                          
           ___if_lbl00068   0x0078ac    program     static                          
           ___if_lbl00069   0x0078ac    program     static                          
           ___if_lbl00070   0x0078c4    program     static                          
           ___if_lbl00070   0x006c00    program     static                          
           ___if_lbl00071   0x0078c4    program     static                          
           ___if_lbl00072   0x0078c4    program     static                          
           ___if_lbl00096   0x006ddc    program     static                          
           ___if_lbl00097   0x006ddc    program     static                          
           ___if_lbl00099   0x006dde    program     static                          
           ___if_lbl00100   0x006e10    program     static                          
           ___if_lbl00101   0x006e10    program     static                          
           ___if_lbl00105   0x006e66    program     static                          
           ___if_lbl00106   0x006e66    program     static                          
           ___if_lbl00107   0x006e66    program     static                          
           ___if_lbl00109   0x006e66    program     static                          
           ___if_lbl00110   0x006e66    program     static                          
           ___if_lbl00115   0x0084d4    program     static                          
           ___if_lbl00122   0x008528    program     static                          
       ___return_lbl00000   0x000004    program     static                          
       ___return_lbl00000   0x006e8a    program     static                          
       ___return_lbl00001   0x008528    program     static                          
       ___return_lbl00001   0x0090a0    program     static                          
       ___return_lbl00001   0x0087c6    program     static                          
       ___return_lbl00002   0x008f3e    program     static                          
       ___return_lbl00003   0x007220    program     static                          
       ___return_lbl00018   0x008886    program     static                          
       ___return_lbl00027   0x0073ae    program     static                          
       ___return_lbl00028   0x007404    program     static                          
       ___return_lbl00029   0x007458    program     static                          
       ___return_lbl00030   0x0074ee    program     static                          
       ___return_lbl00032   0x0078c8    program     static                          
       ___return_lbl00073   0x00000c    program     static                          
       ___return_lbl00074   0x00001c    program     static                          
   ___switchexit_lbl00003   0x006e86    program     static                          
   ___switchexit_lbl00009   0x0084d6    program     static                          
   ___switchexit_lbl00026   0x006808    program     static                          
   ___switchexit_lbl00031   0x006b36    program     static                          
   ___switchexit_lbl00035   0x006914    program     static                          
   ___switchexit_lbl00051   0x006aee    program     static                          
        ___while_lbl00001   0x006514    program     static                          
        ___while_lbl00002   0x008542    program     static                          
        ___while_lbl00002   0x006e8a    program     static                          
        ___while_lbl00003   0x0087c6    program     static                          
        ___while_lbl00005   0x0085d2    program     static                          
        ___while_lbl00006   0x0087b4    program     static                          
        ___while_lbl00009   0x008684    program     static                          
        ___while_lbl00010   0x0086e0    program     static                          
        ___while_lbl00010   0x006624    program     static                          
        ___while_lbl00011   0x006664    program     static                          
        ___while_lbl00012   0x008702    program     static                          
        ___while_lbl00013   0x0087a0    program     static                          
        ___while_lbl00014   0x00670c    program     static                          
        ___while_lbl00015   0x00674c    program     static                          
        ___while_lbl00015   0x008738    program     static                          
        ___while_lbl00016   0x008760    program     static                          
        ___while_lbl00021   0x008812    program     static                          
        ___while_lbl00022   0x00886e    program     static                          
        ___while_lbl00049   0x007714    program     static                          
        ___while_lbl00050   0x007844    program     static                          
        ___while_lbl00103   0x006e3a    program     static                          
        ___while_lbl00104   0x006e3e    program     static                          
                   __init   0x0090c0    program     extern C:\MCC18\src\traditional\stdclib\__init.c
               __string_0   0x007da9    program     static C:\MpZBee\DemoRFD\RFD.c  
               __string_1   0x007d96    program     static C:\MpZBee\DemoRFD\RFD.c  
              __string_10   0x007c82    program     static C:\MpZBee\DemoRFD\RFD.c  
              __string_11   0x007c6f    program     static C:\MpZBee\DemoRFD\RFD.c  
              __string_12   0x007c53    program     static C:\MpZBee\DemoRFD\RFD.c  
              __string_13   0x007c39    program     static C:\MpZBee\DemoRFD\RFD.c  
              __string_14   0x007c27    program     static C:\MpZBee\DemoRFD\RFD.c  
              __string_15   0x007c04    program     static C:\MpZBee\DemoRFD\RFD.c  
              __string_16   0x007be0    program     static C:\MpZBee\DemoRFD\RFD.c  
              __string_17   0x007bb8    program     static C:\MpZBee\DemoRFD\RFD.c  
              __string_18   0x007b9c    program     static C:\MpZBee\DemoRFD\RFD.c  
              __string_19   0x007b77    program     static C:\MpZBee\DemoRFD\RFD.c  
               __string_2   0x007d79    program     static C:\MpZBee\DemoRFD\RFD.c  
              __string_20   0x007b58    program     static C:\MpZBee\DemoRFD\RFD.c  
              __string_21   0x007b43    program     static C:\MpZBee\DemoRFD\RFD.c  
              __string_22   0x007b1c    program     static C:\MpZBee\DemoRFD\RFD.c  
              __string_23   0x007b02    program     static C:\MpZBee\DemoRFD\RFD.c  
              __string_24   0x007ae9    program     static C:\MpZBee\DemoRFD\RFD.c  
              __string_25   0x007ae6    program     static C:\MpZBee\DemoRFD\RFD.c  
              __string_26   0x007aca    program     static C:\MpZBee\DemoRFD\RFD.c  
              __string_27   0x007ab4    program     static C:\MpZBee\DemoRFD\RFD.c  
              __string_28   0x007a9f    program     static C:\MpZBee\DemoRFD\RFD.c  
              __string_29   0x007a8c    program     static C:\MpZBee\DemoRFD\RFD.c  
               __string_3   0x007d4b    program     static C:\MpZBee\DemoRFD\RFD.c  
              __string_30   0x007a72    program     static C:\MpZBee\DemoRFD\RFD.c  
              __string_31   0x007a6b    program     static C:\MpZBee\DemoRFD\RFD.c  
              __string_32   0x007a57    program     static C:\MpZBee\DemoRFD\RFD.c  
              __string_33   0x007a39    program     static C:\MpZBee\DemoRFD\RFD.c  
              __string_34   0x007a10    program     static C:\MpZBee\DemoRFD\RFD.c  
              __string_35   0x0079e4    program     static C:\MpZBee\DemoRFD\RFD.c  
              __string_36   0x0079cf    program     static C:\MpZBee\DemoRFD\RFD.c  
              __string_37   0x0079bb    program     static C:\MpZBee\DemoRFD\RFD.c  
              __string_38   0x0079a3    program     static C:\MpZBee\DemoRFD\RFD.c  
              __string_39   0x00797b    program     static C:\MpZBee\DemoRFD\RFD.c  
               __string_4   0x007d21    program     static C:\MpZBee\DemoRFD\RFD.c  
              __string_40   0x007954    program     static C:\MpZBee\DemoRFD\RFD.c  
              __string_41   0x00792c    program     static C:\MpZBee\DemoRFD\RFD.c  
               __string_5   0x007d12    program     static C:\MpZBee\DemoRFD\RFD.c  
               __string_6   0x007cf9    program     static C:\MpZBee\DemoRFD\RFD.c  
               __string_7   0x007cd3    program     static C:\MpZBee\DemoRFD\RFD.c  
               __string_8   0x007cb1    program     static C:\MpZBee\DemoRFD\RFD.c  
               __string_9   0x007cad    program     static C:\MpZBee\DemoRFD\RFD.c  
               __tmplbl_0   0x0084c2    program     static                          
               __tmplbl_0   0x0075fe    program     static                          
               __tmplbl_0   0x0086a8    program     static                          
               __tmplbl_0   0x0069b4    program     static                          
               __tmplbl_1   0x0075f4    program     static                          
               __tmplbl_1   0x0069a4    program     static                          
               __tmplbl_1   0x0084ba    program     static                          
               __tmplbl_1   0x0086a2    program     static                          
             __tmplbl_100   0x002332    program     static                          
             __tmplbl_101   0x002332    program     static                          
             __tmplbl_102   0x002332    program     static                          
             __tmplbl_103   0x002332    program     static                          
             __tmplbl_104   0x00232e    program     static                          
             __tmplbl_106   0x002332    program     static                          
             __tmplbl_109   0x002332    program     static                          
              __tmplbl_11   0x0061fe    program     static                          
             __tmplbl_110   0x00232e    program     static                          
             __tmplbl_112   0x002332    program     static                          
             __tmplbl_113   0x00232e    program     static                          
             __tmplbl_114   0x001526    program     static                          
             __tmplbl_115   0x001526    program     static                          
             __tmplbl_116   0x001526    program     static                          
              __tmplbl_12   0x0061fa    program     static                          
             __tmplbl_122   0x001526    program     static                          
              __tmplbl_13   0x0061fa    program     static                          
              __tmplbl_15   0x0061fe    program     static                          
              __tmplbl_16   0x0061fa    program     static                          
              __tmplbl_17   0x0061ca    program     static                          
              __tmplbl_18   0x0061ca    program     static                          
              __tmplbl_19   0x0061ca    program     static                          
               __tmplbl_2   0x0069c4    program     static                          
               __tmplbl_2   0x0075ec    program     static                          
               __tmplbl_2   0x0084b2    program     static                          
               __tmplbl_2   0x0086a0    program     static                          
              __tmplbl_20   0x0061ca    program     static                          
              __tmplbl_21   0x0061ca    program     static                          
              __tmplbl_22   0x0061ca    program     static                          
              __tmplbl_23   0x000dcc    program     static                          
              __tmplbl_23   0x006176    program     static                          
              __tmplbl_24   0x006176    program     static                          
              __tmplbl_25   0x006176    program     static                          
              __tmplbl_26   0x006176    program     static                          
              __tmplbl_26   0x0050e8    program     static                          
              __tmplbl_27   0x002332    program     static                          
              __tmplbl_29   0x002332    program     static                          
              __tmplbl_29   0x0050e8    program     static                          
               __tmplbl_3   0x00780c    program     static                          
               __tmplbl_3   0x0069ba    program     static                          
               __tmplbl_3   0x0084aa    program     static                          
              __tmplbl_31   0x002332    program     static                          
              __tmplbl_31   0x0061f4    program     static                          
              __tmplbl_31   0x0050e8    program     static                          
              __tmplbl_32   0x0061f4    program     static                          
              __tmplbl_33   0x0061f4    program     static                          
              __tmplbl_33   0x002332    program     static                          
              __tmplbl_33   0x0050e8    program     static                          
              __tmplbl_34   0x002332    program     static                          
              __tmplbl_34   0x0050e8    program     static                          
              __tmplbl_34   0x0061f4    program     static                          
              __tmplbl_35   0x0050e8    program     static                          
              __tmplbl_35   0x0061f4    program     static                          
              __tmplbl_36   0x0050e4    program     static                          
              __tmplbl_36   0x001830    program     static                          
              __tmplbl_37   0x0050aa    program     static                          
              __tmplbl_37   0x002e3e    program     static                          
              __tmplbl_38   0x002332    program     static                          
              __tmplbl_38   0x00509e    program     static                          
              __tmplbl_39   0x005060    program     static                          
               __tmplbl_4   0x0077f6    program     static                          
               __tmplbl_4   0x006c1a    program     static                          
               __tmplbl_4   0x0084a2    program     static                          
              __tmplbl_40   0x002332    program     static                          
              __tmplbl_40   0x003ce2    program     static                          
              __tmplbl_40   0x005054    program     static                          
              __tmplbl_41   0x003ce2    program     static                          
              __tmplbl_41   0x004ed2    program     static                          
              __tmplbl_42   0x004ec6    program     static                          
              __tmplbl_43   0x004eba    program     static                          
              __tmplbl_44   0x004eae    program     static                          
              __tmplbl_44   0x002332    program     static                          
              __tmplbl_45   0x002332    program     static                          
              __tmplbl_45   0x004d54    program     static                          
              __tmplbl_46   0x004be2    program     static                          
              __tmplbl_47   0x004bbe    program     static                          
              __tmplbl_48   0x004bb8    program     static                          
              __tmplbl_48   0x002332    program     static                          
              __tmplbl_49   0x004bb6    program     static                          
              __tmplbl_49   0x003ce2    program     static                          
               __tmplbl_5   0x008516    program     static                          
               __tmplbl_5   0x006c0e    program     static                          
              __tmplbl_50   0x003ce2    program     static                          
              __tmplbl_50   0x001830    program     static                          
              __tmplbl_51   0x003ce2    program     static                          
              __tmplbl_52   0x001830    program     static                          
              __tmplbl_53   0x00232e    program     static                          
              __tmplbl_54   0x00226a    program     static                          
              __tmplbl_55   0x0050e4    program     static                          
              __tmplbl_55   0x003cde    program     static                          
              __tmplbl_55   0x0021f6    program     static                          
              __tmplbl_56   0x0050e8    program     static                          
              __tmplbl_56   0x003cd2    program     static                          
              __tmplbl_56   0x0020b0    program     static                          
              __tmplbl_57   0x0050e8    program     static                          
              __tmplbl_57   0x001ffc    program     static                          
              __tmplbl_57   0x003cc6    program     static                          
              __tmplbl_58   0x001e7a    program     static                          
              __tmplbl_58   0x0050e4    program     static                          
              __tmplbl_59   0x001d8e    program     static                          
               __tmplbl_6   0x006e22    program     static                          
               __tmplbl_6   0x00850e    program     static                          
              __tmplbl_60   0x003cde    program     static                          
              __tmplbl_60   0x001cbc    program     static                          
              __tmplbl_60   0x0050e8    program     static                          
              __tmplbl_61   0x001b42    program     static                          
              __tmplbl_61   0x0050e8    program     static                          
              __tmplbl_62   0x0050e8    program     static                          
              __tmplbl_62   0x001a00    program     static                          
              __tmplbl_63   0x00151a    program     static                          
              __tmplbl_63   0x004ef2    program     static                          
              __tmplbl_64   0x0050e8    program     static                          
              __tmplbl_64   0x00232e    program     static                          
              __tmplbl_65   0x003ce2    program     static                          
              __tmplbl_65   0x0050e4    program     static                          
              __tmplbl_66   0x0050e8    program     static                          
              __tmplbl_66   0x003cde    program     static                          
              __tmplbl_67   0x0050e4    program     static                          
              __tmplbl_67   0x00150a    program     static                          
              __tmplbl_68   0x0050e8    program     static                          
              __tmplbl_68   0x002332    program     static                          
              __tmplbl_69   0x003ce2    program     static                          
               __tmplbl_7   0x006e1c    program     static                          
               __tmplbl_7   0x008506    program     static                          
              __tmplbl_70   0x003ce2    program     static                          
              __tmplbl_70   0x002332    program     static                          
              __tmplbl_71   0x003ce2    program     static                          
              __tmplbl_71   0x002332    program     static                          
              __tmplbl_73   0x0050e8    program     static                          
              __tmplbl_74   0x0050e4    program     static                          
              __tmplbl_74   0x002332    program     static                          
              __tmplbl_75   0x0050e8    program     static                          
              __tmplbl_76   0x0050e4    program     static                          
              __tmplbl_76   0x002332    program     static                          
              __tmplbl_78   0x0050e8    program     static                          
               __tmplbl_8   0x0084fe    program     static                          
              __tmplbl_81   0x002332    program     static                          
              __tmplbl_83   0x002332    program     static                          
              __tmplbl_85   0x002332    program     static                          
              __tmplbl_86   0x002332    program     static                          
              __tmplbl_89   0x002332    program     static                          
               __tmplbl_9   0x0084f6    program     static                          
              __tmplbl_90   0x002332    program     static                          
              __tmplbl_91   0x002332    program     static                          
              __tmplbl_92   0x002332    program     static                          
              __tmplbl_94   0x002332    program     static                          
              __tmplbl_95   0x002332    program     static                          
            __zero_memory   0x0090b2    program     extern C:\MCC18\src\traditional\proc\p18F4620.asm
                _do_cinit   0x008ea2    program     extern C:\MCC18\src\traditional\startup\c018i.c
                   _entry   0x000000    program     extern C:\MCC18\src\traditional\startup\c018i.c
                 _startup   0x009086    program     extern C:\MCC18\src\traditional\startup\c018i.c
            apsAddressMap   0x008e2f    program     extern C:\MPZBee\ZigbeeStack\zNVM.c
 apsAddressMapValidityKey   0x008e2d    program     extern C:\MPZBee\ZigbeeStack\zNVM.c
               clear_loop   0x0090b8    program     static C:\MCC18\src\traditional\proc\p18F4620.asm
                 config1H   0x300001    program     extern C:\MpZBee\DemoRFD\RFD.c  
                 config2H   0x300003    program     extern C:\MpZBee\DemoRFD\RFD.c  
                 config2L   0x300002    program     extern C:\MpZBee\DemoRFD\RFD.c  
                 config3H   0x300005    program     extern C:\MpZBee\DemoRFD\RFD.c  
                 config4L   0x300006    program     extern C:\MpZBee\DemoRFD\RFD.c  
                copy_loop   0x008f14    program     static                          
            copy_one_byte   0x008f1a    program     static                          
                     done   0x008f3e    program     static                          
             done_copying   0x008f28    program     static                          
                   filler   0x008d94    program     extern C:\MPZBee\ZigbeeStack\zNVM.c
                  filler2   0x008e61    program     extern C:\MPZBee\ZigbeeStack\zNVM.c
                  jAisNeg   0x00895e    program     static C:\MCC18\src\traditional\math\compFP.asm
             jBothNotZero   0x008900    program     static C:\MCC18\src\traditional\math\compFP.asm
                      jEQ   0x00891c    program     static C:\MCC18\src\traditional\math\compFP.asm
                     jEnd   0x008cc2    program     static C:\MCC18\src\traditional\stdclib\mcmpp2r.asm
                     jEnd   0x008d08    program     static C:\MCC18\src\traditional\stdclib\memcpy.asm
                     jEnd   0x008c70    program     static C:\MCC18\src\traditional\stdclib\memcmp.asm
                     jEnd   0x008d5e    program     static C:\MCC18\src\traditional\stdclib\mcpyp2r.asm
                     jEnd   0x008d92    program     static C:\MCC18\src\traditional\stdclib\memset.asm
                    jExch   0x008928    program     static C:\MCC18\src\traditional\math\compFP.asm
                   jExpEQ   0x00896e    program     static C:\MCC18\src\traditional\math\compFP.asm
                   jFinal   0x008952    program     static C:\MCC18\src\traditional\math\compFP.asm
                jI2F32Beg   0x0088b6    program     static C:\MCC18\src\traditional\math\cast32FP.asm
                    jLoop   0x008d74    program     static C:\MCC18\src\traditional\stdclib\memset.asm
                    jLoop   0x008d40    program     static C:\MCC18\src\traditional\stdclib\mcpyp2r.asm
                    jLoop   0x008cec    program     static C:\MCC18\src\traditional\stdclib\memcpy.asm
                    jLoop   0x008ca4    program     static C:\MCC18\src\traditional\stdclib\mcmpp2r.asm
                    jLoop   0x008c54    program     static C:\MCC18\src\traditional\stdclib\memcmp.asm
                      jNE   0x008920    program     static C:\MCC18\src\traditional\math\compFP.asm
                  jNoExch   0x008948    program     static C:\MCC18\src\traditional\math\compFP.asm
                  jPkLoop   0x0089d2    program     static C:\MCC18\src\traditional\math\packFP.asm
             jPkRoundDone   0x008a1c    program     static C:\MCC18\src\traditional\math\packFP.asm
               jPkRoundIt   0x008a04    program     static C:\MCC18\src\traditional\math\packFP.asm
             jPkShiftDone   0x0089ee    program     static C:\MCC18\src\traditional\math\packFP.asm
           jReturnPosInf0   0x0089a8    program     static C:\MCC18\src\traditional\math\packFP.asm
                  jRotate   0x00897a    program     static C:\MCC18\src\traditional\math\compFP.asm
                   jShift   0x008964    program     static C:\MCC18\src\traditional\math\compFP.asm
                 jSignsEQ   0x008904    program     static C:\MCC18\src\traditional\math\compFP.asm
                  jUnpkA1   0x008a46    program     static C:\MCC18\src\traditional\math\UnpackFP.asm
                  jUnpkA2   0x008a5e    program     static C:\MCC18\src\traditional\math\UnpackFP.asm
                 jUnpkANZ   0x008a54    program     static C:\MCC18\src\traditional\math\UnpackFP.asm
                  jUnpkB1   0x008a76    program     static C:\MCC18\src\traditional\math\UnpackFP.asm
                  jUnpkB2   0x008a8e    program     static C:\MCC18\src\traditional\math\UnpackFP.asm
                 jUnpkBNZ   0x008a84    program     static C:\MCC18\src\traditional\math\UnpackFP.asm
                 jUnpkNaN   0x008a68    program     static C:\MCC18\src\traditional\math\UnpackFP.asm
               jZero1and2   0x0089ac    program     static C:\MCC18\src\traditional\math\packFP.asm
                     loop   0x009096    program     static                          
              macLongAddr   0x00002a    program     extern C:\MPZBee\ZigbeeStack\zNVM.c
                     main   0x006466    program     extern C:\MpZBee\DemoRFD\RFD.c  
                   memcmp   0x008c34    program     extern C:\MCC18\src\traditional\stdclib\memcmp.asm
            memcmppgm2ram   0x008c86    program     extern C:\MCC18\src\traditional\stdclib\mcmpp2r.asm
                   memcpy   0x008cc4    program     extern C:\MCC18\src\traditional\stdclib\memcpy.asm
            memcpypgm2ram   0x008d1a    program     extern C:\MCC18\src\traditional\stdclib\mcpyp2r.asm
                   memset   0x008d60    program     extern C:\MCC18\src\traditional\stdclib\memset.asm
       myProcessesAreDone   0x006e9e    program     extern C:\MpZBee\DemoRFD\RFD.c  
            neighborTable   0x008dd8    program     extern C:\MPZBee\ZigbeeStack\zNVM.c
        neighborTableInfo   0x008dd4    program     extern C:\MPZBee\ZigbeeStack\zNVM.c
                     test   0x008ebc    program     static                          
                timeToAdd   0x00901c    program     extern C:\MPZBee\ZigbeeStack\zMAC_MRF24J40.c
                   ADCON0   0x000fc2       data     extern C:\MCC18\src\traditional\proc\p18F4620.asm
               ADCON0bits   0x000fc2       data     extern C:\MCC18\src\traditional\proc\p18F4620.asm
                   ADCON1   0x000fc1       data     extern C:\MCC18\src\traditional\proc\p18F4620.asm
               ADCON1bits   0x000fc1       data     extern C:\MCC18\src\traditional\proc\p18F4620.asm
                   ADCON2   0x000fc0       data     extern C:\MCC18\src\traditional\proc\p18F4620.asm
               ADCON2bits   0x000fc0       data     extern C:\MCC18\src\traditional\proc\p18F4620.asm
                    ADRES   0x000fc3       data     extern C:\MCC18\src\traditional\proc\p18F4620.asm
                   ADRESH   0x000fc4       data     extern C:\MCC18\src\traditional\proc\p18F4620.asm
                   ADRESL   0x000fc3       data     extern C:\MCC18\src\traditional\proc\p18F4620.asm
                  BAUDCON   0x000fb8       data     extern C:\MCC18\src\traditional\proc\p18F4620.asm
              BAUDCONbits   0x000fb8       data     extern C:\MCC18\src\traditional\proc\p18F4620.asm
                  BAUDCTL   0x000fb8       data     extern C:\MCC18\src\traditional\proc\p18F4620.asm
              BAUDCTLbits   0x000fb8       data     extern C:\MCC18\src\traditional\proc\p18F4620.asm
                      BSR   0x000fe0       data     extern C:\MCC18\src\traditional\proc\p18F4620.asm
                  CCP1CON   0x000fbd       data     extern C:\MCC18\src\traditional\proc\p18F4620.asm
              CCP1CONbits   0x000fbd       data     extern C:\MCC18\src\traditional\proc\p18F4620.asm
                  CCP2CON   0x000fba       data     extern C:\MCC18\src\traditional\proc\p18F4620.asm
              CCP2CONbits   0x000fba       data     extern C:\MCC18\src\traditional\proc\p18F4620.asm
                    CCPR1   0x000fbe       data     extern C:\MCC18\src\traditional\proc\p18F4620.asm
                   CCPR1H   0x000fbf       data     extern C:\MCC18\src\traditional\proc\p18F4620.asm
                   CCPR1L   0x000fbe       data     extern C:\MCC18\src\traditional\proc\p18F4620.asm
                    CCPR2   0x000fbb       data     extern C:\MCC18\src\traditional\proc\p18F4620.asm
                   CCPR2H   0x000fbc       data     extern C:\MCC18\src\traditional\proc\p18F4620.asm
                   CCPR2L   0x000fbb       data     extern C:\MCC18\src\traditional\proc\p18F4620.asm
                    CMCON   0x000fb4       data     extern C:\MCC18\src\traditional\proc\p18F4620.asm
                CMCONbits   0x000fb4       data     extern C:\MCC18\src\traditional\proc\p18F4620.asm
                   CVRCON   0x000fb5       data     extern C:\MCC18\src\traditional\proc\p18F4620.asm
               CVRCONbits   0x000fb5       data     extern C:\MCC18\src\traditional\proc\p18F4620.asm
          CurrentRxPacket   0x000e80       data     extern C:\MPZBee\ZigbeeStack\ZigbeeTasks.c
                     DDRA   0x000f92       data     extern C:\MCC18\src\traditional\proc\p18F4620.asm
                 DDRAbits   0x000f92       data     extern C:\MCC18\src\traditional\proc\p18F4620.asm
                     DDRB   0x000f93       data     extern C:\MCC18\src\traditional\proc\p18F4620.asm
                 DDRBbits   0x000f93       data     extern C:\MCC18\src\traditional\proc\p18F4620.asm
                     DDRC   0x000f94       data     extern C:\MCC18\src\traditional\proc\p18F4620.asm
                 DDRCbits   0x000f94       data     extern C:\MCC18\src\traditional\proc\p18F4620.asm
                     DDRD   0x000f95       data     extern C:\MCC18\src\traditional\proc\p18F4620.asm
                 DDRDbits   0x000f95       data     extern C:\MCC18\src\traditional\proc\p18F4620.asm
                     DDRE   0x000f96       data     extern C:\MCC18\src\traditional\proc\p18F4620.asm
                 DDREbits   0x000f96       data     extern C:\MCC18\src\traditional\proc\p18F4620.asm
                    DEBUG   0x000fd4       data     extern C:\MCC18\src\traditional\proc\p18F4620.asm
                  ECCP1AS   0x000fb6       data     extern C:\MCC18\src\traditional\proc\p18F4620.asm
              ECCP1ASbits   0x000fb6       data     extern C:\MCC18\src\traditional\proc\p18F4620.asm
                    EEADR   0x000fa9       data     extern C:\MCC18\src\traditional\proc\p18F4620.asm
                   EEADRH   0x000faa       data     extern C:\MCC18\src\traditional\proc\p18F4620.asm
                   EECON1   0x000fa6       data     extern C:\MCC18\src\traditional\proc\p18F4620.asm
               EECON1bits   0x000fa6       data     extern C:\MCC18\src\traditional\proc\p18F4620.asm
                   EECON2   0x000fa7       data     extern C:\MCC18\src\traditional\proc\p18F4620.asm
                   EEDATA   0x000fa8       data     extern C:\MCC18\src\traditional\proc\p18F4620.asm
                     FSR0   0x000fe9       data     extern C:\MCC18\src\traditional\proc\p18F4620.asm
                    FSR0H   0x000fea       data     extern C:\MCC18\src\traditional\proc\p18F4620.asm
                    FSR0L   0x000fe9       data     extern C:\MCC18\src\traditional\proc\p18F4620.asm
                     FSR1   0x000fe1       data     extern C:\MCC18\src\traditional\proc\p18F4620.asm
                    FSR1H   0x000fe2       data     extern C:\MCC18\src\traditional\proc\p18F4620.asm
                    FSR1L   0x000fe1       data     extern C:\MCC18\src\traditional\proc\p18F4620.asm
                     FSR2   0x000fd9       data     extern C:\MCC18\src\traditional\proc\p18F4620.asm
                    FSR2H   0x000fda       data     extern C:\MCC18\src\traditional\proc\p18F4620.asm
                    FSR2L   0x000fd9       data     extern C:\MCC18\src\traditional\proc\p18F4620.asm
              GIEH_backup   0x000f00       data     static C:\MPZBee\ZigbeeStack\zPHY_MRF24J40.c
                  HLVDCON   0x000fd2       data     extern C:\MCC18\src\traditional\proc\p18F4620.asm
              HLVDCONbits   0x000fd2       data     extern C:\MCC18\src\traditional\proc\p18F4620.asm
                    INDF0   0x000fef       data     extern C:\MCC18\src\traditional\proc\p18F4620.asm
                    INDF1   0x000fe7       data     extern C:\MCC18\src\traditional\proc\p18F4620.asm
                    INDF2   0x000fdf       data     extern C:\MCC18\src\traditional\proc\p18F4620.asm
                   INTCON   0x000ff2       data     extern C:\MCC18\src\traditional\proc\p18F4620.asm
                  INTCON2   0x000ff1       data     extern C:\MCC18\src\traditional\proc\p18F4620.asm
              INTCON2bits   0x000ff1       data     extern C:\MCC18\src\traditional\proc\p18F4620.asm
                  INTCON3   0x000ff0       data     extern C:\MCC18\src\traditional\proc\p18F4620.asm
              INTCON3bits   0x000ff0       data     extern C:\MCC18\src\traditional\proc\p18F4620.asm
               INTCONbits   0x000ff2       data     extern C:\MCC18\src\traditional\proc\p18F4620.asm
                     IPR1   0x000f9f       data     extern C:\MCC18\src\traditional\proc\p18F4620.asm
                 IPR1bits   0x000f9f       data     extern C:\MCC18\src\traditional\proc\p18F4620.asm
                     IPR2   0x000fa2       data     extern C:\MCC18\src\traditional\proc\p18F4620.asm
                 IPR2bits   0x000fa2       data     extern C:\MCC18\src\traditional\proc\p18F4620.asm
                IntStatus   0x000f01       data     extern C:\MPZBee\ZigbeeStack\zPHY_MRF24J40.c
                     LATA   0x000f89       data     extern C:\MCC18\src\traditional\proc\p18F4620.asm
                 LATAbits   0x000f89       data     extern C:\MCC18\src\traditional\proc\p18F4620.asm
                     LATB   0x000f8a       data     extern C:\MCC18\src\traditional\proc\p18F4620.asm
                 LATBbits   0x000f8a       data     extern C:\MCC18\src\traditional\proc\p18F4620.asm
                     LATC   0x000f8b       data     extern C:\MCC18\src\traditional\proc\p18F4620.asm
                 LATCbits   0x000f8b       data     extern C:\MCC18\src\traditional\proc\p18F4620.asm
                     LATD   0x000f8c       data     extern C:\MCC18\src\traditional\proc\p18F4620.asm
                 LATDbits   0x000f8c       data     extern C:\MCC18\src\traditional\proc\p18F4620.asm
                     LATE   0x000f8d       data     extern C:\MCC18\src\traditional\proc\p18F4620.asm
                 LATEbits   0x000f8d       data     extern C:\MCC18\src\traditional\proc\p18F4620.asm
                   LVDCON   0x000fd2       data     extern C:\MCC18\src\traditional\proc\p18F4620.asm
               LVDCONbits   0x000fd2       data     extern C:\MCC18\src\traditional\proc\p18F4620.asm
                      NIB   0x000ed9       data     extern C:\MPZBee\ZigbeeStack\zNWK.c
        NetworkDescriptor   0x000eed       data     extern C:\MpZBee\DemoRFD\RFD.c  
                   OSCCON   0x000fd3       data     extern C:\MCC18\src\traditional\proc\p18F4620.asm
               OSCCONbits   0x000fd3       data     extern C:\MCC18\src\traditional\proc\p18F4620.asm
                  OSCTUNE   0x000f9b       data     extern C:\MCC18\src\traditional\proc\p18F4620.asm
              OSCTUNEbits   0x000f9b       data     extern C:\MCC18\src\traditional\proc\p18F4620.asm
                       PC   0x000ff9       data     extern C:\MCC18\src\traditional\proc\p18F4620.asm
                      PCL   0x000ff9       data     extern C:\MCC18\src\traditional\proc\p18F4620.asm
                   PCLATH   0x000ffa       data     extern C:\MCC18\src\traditional\proc\p18F4620.asm
                   PCLATU   0x000ffb       data     extern C:\MCC18\src\traditional\proc\p18F4620.asm
          PHYTasksPending   0x000f0a       data     extern C:\MPZBee\ZigbeeStack\zPHY_MRF24J40.c
                     PIE1   0x000f9d       data     extern C:\MCC18\src\traditional\proc\p18F4620.asm
                 PIE1bits   0x000f9d       data     extern C:\MCC18\src\traditional\proc\p18F4620.asm
                     PIE2   0x000fa0       data     extern C:\MCC18\src\traditional\proc\p18F4620.asm
                 PIE2bits   0x000fa0       data     extern C:\MCC18\src\traditional\proc\p18F4620.asm
                     PIR1   0x000f9e       data     extern C:\MCC18\src\traditional\proc\p18F4620.asm
                 PIR1bits   0x000f9e       data     extern C:\MCC18\src\traditional\proc\p18F4620.asm
                     PIR2   0x000fa1       data     extern C:\MCC18\src\traditional\proc\p18F4620.asm
                 PIR2bits   0x000fa1       data     extern C:\MCC18\src\traditional\proc\p18F4620.asm
                   PLUSW0   0x000feb       data     extern C:\MCC18\src\traditional\proc\p18F4620.asm
                   PLUSW1   0x000fe3       data     extern C:\MCC18\src\traditional\proc\p18F4620.asm
                   PLUSW2   0x000fdb       data     extern C:\MCC18\src\traditional\proc\p18F4620.asm
                    PORTA   0x000f80       data     extern C:\MCC18\src\traditional\proc\p18F4620.asm
                PORTAbits   0x000f80       data     extern C:\MCC18\src\traditional\proc\p18F4620.asm
                    PORTB   0x000f81       data     extern C:\MCC18\src\traditional\proc\p18F4620.asm
                PORTBbits   0x000f81       data     extern C:\MCC18\src\traditional\proc\p18F4620.asm
                    PORTC   0x000f82       data     extern C:\MCC18\src\traditional\proc\p18F4620.asm
                PORTCbits   0x000f82       data     extern C:\MCC18\src\traditional\proc\p18F4620.asm
[...]
                 phyError   0x000f04       data     extern C:\MPZBee\ZigbeeStack\zPHY_MRF24J40.c
                   phyPIB   0x000f05       data     extern C:\MPZBee\ZigbeeStack\zPHY_MRF24J40.c
          PHYTasksPending   0x000f0a       data     extern C:\MPZBee\ZigbeeStack\zPHY_MRF24J40.c
                   RxData   0x000f0b       data     extern C:\MPZBee\ZigbeeStack\zPHY_MRF24J40.c
          TRXCurrentState   0x000f0c       data     extern C:\MPZBee\ZigbeeStack\zPHY_MRF24J40.c
                   TxStat   0x000f0d       data     extern C:\MPZBee\ZigbeeStack\zPHY_MRF24J40.c
                savedBits   0x000f0e       data     extern C:\MPZBee\ZigbeeStack\zPHY_MRF24J40.c
                    PORTA   0x000f80       data     extern C:\MCC18\src\traditional\proc\p18F4620.asm
                PORTAbits   0x000f80       data     extern C:\MCC18\src\traditional\proc\p18F4620.asm
                    PORTB   0x000f81       data     extern C:\MCC18\src\traditional\proc\p18F4620.asm
                PORTBbits   0x000f81       data     extern C:\MCC18\src\traditional\proc\p18F4620.asm
                    PORTC   0x000f82       data     extern C:\MCC18\src\traditional\proc\p18F4620.asm
                PORTCbits   0x000f82       data     extern C:\MCC18\src\traditional\proc\p18F4620.asm
                    PORTD   0x000f83       data     extern C:\MCC18\src\traditional\proc\p18F4620.asm
                PORTDbits   0x000f83       data     extern C:\MCC18\src\traditional\proc\p18F4620.asm
                    PORTE   0x000f84       data     extern C:\MCC18\src\traditional\proc\p18F4620.asm
                PORTEbits   0x000f84       data     extern C:\MCC18\src\traditional\proc\p18F4620.asm
                     LATA   0x000f89       data     extern C:\MCC18\src\traditional\proc\p18F4620.asm
                 LATAbits   0x000f89       data     extern C:\MCC18\src\traditional\proc\p18F4620.asm
                     LATB   0x000f8a       data     extern C:\MCC18\src\traditional\proc\p18F4620.asm
                 LATBbits   0x000f8a       data     extern C:\MCC18\src\traditional\proc\p18F4620.asm
                     LATC   0x000f8b       data     extern C:\MCC18\src\traditional\proc\p18F4620.asm
                 LATCbits   0x000f8b       data     extern C:\MCC18\src\traditional\proc\p18F4620.asm
                     LATD   0x000f8c       data     extern C:\MCC18\src\traditional\proc\p18F4620.asm
                 LATDbits   0x000f8c       data     extern C:\MCC18\src\traditional\proc\p18F4620.asm
                     LATE   0x000f8d       data     extern C:\MCC18\src\traditional\proc\p18F4620.asm
                 LATEbits   0x000f8d       data     extern C:\MCC18\src\traditional\proc\p18F4620.asm
                 DDRAbits   0x000f92       data     extern C:\MCC18\src\traditional\proc\p18F4620.asm
                     DDRA   0x000f92       data     extern C:\MCC18\src\traditional\proc\p18F4620.asm
                TRISAbits   0x000f92       data     extern C:\MCC18\src\traditional\proc\p18F4620.asm
                    TRISA   0x000f92       data     extern C:\MCC18\src\traditional\proc\p18F4620.asm
                     DDRB   0x000f93       data     extern C:\MCC18\src\traditional\proc\p18F4620.asm
                TRISBbits   0x000f93       data     extern C:\MCC18\src\traditional\proc\p18F4620.asm
                    TRISB   0x000f93       data     extern C:\MCC18\src\traditional\proc\p18F4620.asm
                 DDRBbits   0x000f93       data     extern C:\MCC18\src\traditional\proc\p18F4620.asm
                 DDRCbits   0x000f94       data     extern C:\MCC18\src\traditional\proc\p18F4620.asm
                TRISCbits   0x000f94       data     extern C:\MCC18\src\traditional\proc\p18F4620.asm
                     DDRC   0x000f94       data     extern C:\MCC18\src\traditional\proc\p18F4620.asm
                    TRISC   0x000f94       data     extern C:\MCC18\src\traditional\proc\p18F4620.asm
                    TRISD   0x000f95       data     extern C:\MCC18\src\traditional\proc\p18F4620.asm
                TRISDbits   0x000f95       data     extern C:\MCC18\src\traditional\proc\p18F4620.asm
                 DDRDbits   0x000f95       data     extern C:\MCC18\src\traditional\proc\p18F4620.asm
                     DDRD   0x000f95       data     extern C:\MCC18\src\traditional\proc\p18F4620.asm
                 DDREbits   0x000f96       data     extern C:\MCC18\src\traditional\proc\p18F4620.asm
                     DDRE   0x000f96       data     extern C:\MCC18\src\traditional\proc\p18F4620.asm
                TRISEbits   0x000f96       data     extern C:\MCC18\src\traditional\proc\p18F4620.asm
                    TRISE   0x000f96       data     extern C:\MCC18\src\traditional\proc\p18F4620.asm
              OSCTUNEbits   0x000f9b       data     extern C:\MCC18\src\traditional\proc\p18F4620.asm
                  OSCTUNE   0x000f9b       data     extern C:\MCC18\src\traditional\proc\p18F4620.asm
                 PIE1bits   0x000f9d       data     extern C:\MCC18\src\traditional\proc\p18F4620.asm
                     PIE1   0x000f9d       data     extern C:\MCC18\src\traditional\proc\p18F4620.asm
                     PIR1   0x000f9e       data     extern C:\MCC18\src\traditional\proc\p18F4620.asm
                 PIR1bits   0x000f9e       data     extern C:\MCC18\src\traditional\proc\p18F4620.asm
                     IPR1   0x000f9f       data     extern C:\MCC18\src\traditional\proc\p18F4620.asm
                 IPR1bits   0x000f9f       data     extern C:\MCC18\src\traditional\proc\p18F4620.asm
                     PIE2   0x000fa0       data     extern C:\MCC18\src\traditional\proc\p18F4620.asm
                 PIE2bits   0x000fa0       data     extern C:\MCC18\src\traditional\proc\p18F4620.asm
                     PIR2   0x000fa1       data     extern C:\MCC18\src\traditional\proc\p18F4620.asm
                 PIR2bits   0x000fa1       data     extern C:\MCC18\src\traditional\proc\p18F4620.asm
                 IPR2bits   0x000fa2       data     extern C:\MCC18\src\traditional\proc\p18F4620.asm
                     IPR2   0x000fa2       data     extern C:\MCC18\src\traditional\proc\p18F4620.asm
               EECON1bits   0x000fa6       data     extern C:\MCC18\src\traditional\proc\p18F4620.asm
                   EECON1   0x000fa6       data     extern C:\MCC18\src\traditional\proc\p18F4620.asm
                   EECON2   0x000fa7       data     extern C:\MCC18\src\traditional\proc\p18F4620.asm
                   EEDATA   0x000fa8       data     extern C:\MCC18\src\traditional\proc\p18F4620.asm
                    EEADR   0x000fa9       data     extern C:\MCC18\src\traditional\proc\p18F4620.asm
                   EEADRH   0x000faa       data     extern C:\MCC18\src\traditional\proc\p18F4620.asm
                    RCSTA   0x000fab       data     extern C:\MCC18\src\traditional\proc\p18F4620.asm
                RCSTAbits   0x000fab       data     extern C:\MCC18\src\traditional\proc\p18F4620.asm
                    TXSTA   0x000fac       data     extern C:\MCC18\src\traditional\proc\p18F4620.asm
                TXSTAbits   0x000fac       data     extern C:\MCC18\src\traditional\proc\p18F4620.asm
                    TXREG   0x000fad       data     extern C:\MCC18\src\traditional\proc\p18F4620.asm
                    RCREG   0x000fae       data     extern C:\MCC18\src\traditional\proc\p18F4620.asm
                    SPBRG   0x000faf       data     extern C:\MCC18\src\traditional\proc\p18F4620.asm
                   SPBRGH   0x000fb0       data     extern C:\MCC18\src\traditional\proc\p18F4620.asm
                T3CONbits   0x000fb1       data     extern C:\MCC18\src\traditional\proc\p18F4620.asm
                    T3CON   0x000fb1       data     extern C:\MCC18\src\traditional\proc\p18F4620.asm
                    TMR3L   0x000fb2       data     extern C:\MCC18\src\traditional\proc\p18F4620.asm
                    TMR3H   0x000fb3       data     extern C:\MCC18\src\traditional\proc\p18F4620.asm
                CMCONbits   0x000fb4       data     extern C:\MCC18\src\traditional\proc\p18F4620.asm
                    CMCON   0x000fb4       data     extern C:\MCC18\src\traditional\proc\p18F4620.asm
               CVRCONbits   0x000fb5       data     extern C:\MCC18\src\traditional\proc\p18F4620.asm
                   CVRCON   0x000fb5       data     extern C:\MCC18\src\traditional\proc\p18F4620.asm
                  ECCP1AS   0x000fb6       data     extern C:\MCC18\src\traditional\proc\p18F4620.asm
              ECCP1ASbits   0x000fb6       data     extern C:\MCC18\src\traditional\proc\p18F4620.asm
              PWM1CONbits   0x000fb7       data     extern C:\MCC18\src\traditional\proc\p18F4620.asm
                  PWM1CON   0x000fb7       data     extern C:\MCC18\src\traditional\proc\p18F4620.asm
              BAUDCTLbits   0x000fb8       data     extern C:\MCC18\src\traditional\proc\p18F4620.asm
                  BAUDCTL   0x000fb8       data     extern C:\MCC18\src\traditional\proc\p18F4620.asm
              BAUDCONbits   0x000fb8       data     extern C:\MCC18\src\traditional\proc\p18F4620.asm
                  BAUDCON   0x000fb8       data     extern C:\MCC18\src\traditional\proc\p18F4620.asm
                  CCP2CON   0x000fba       data     extern C:\MCC18\src\traditional\proc\p18F4620.asm
              CCP2CONbits   0x000fba       data     extern C:\MCC18\src\traditional\proc\p18F4620.asm
                    CCPR2   0x000fbb       data     extern C:\MCC18\src\traditional\proc\p18F4620.asm
                   CCPR2L   0x000fbb       data     extern C:\MCC18\src\traditional\proc\p18F4620.asm
                   CCPR2H   0x000fbc       data     extern C:\MCC18\src\traditional\proc\p18F4620.asm
                  CCP1CON   0x000fbd       data     extern C:\MCC18\src\traditional\proc\p18F4620.asm
              CCP1CONbits   0x000fbd       data     extern C:\MCC18\src\traditional\proc\p18F4620.asm
                    CCPR1   0x000fbe       data     extern C:\MCC18\src\traditional\proc\p18F4620.asm
                   CCPR1L   0x000fbe       data     extern C:\MCC18\src\traditional\proc\p18F4620.asm
                   CCPR1H   0x000fbf       data     extern C:\MCC18\src\traditional\proc\p18F4620.asm
               ADCON2bits   0x000fc0       data     extern C:\MCC18\src\traditional\proc\p18F4620.asm
                   ADCON2   0x000fc0       data     extern C:\MCC18\src\traditional\proc\p18F4620.asm
               ADCON1bits   0x000fc1       data     extern C:\MCC18\src\traditional\proc\p18F4620.asm
                   ADCON1   0x000fc1       data     extern C:\MCC18\src\traditional\proc\p18F4620.asm
               ADCON0bits   0x000fc2       data     extern C:\MCC18\src\traditional\proc\p18F4620.asm
                   ADCON0   0x000fc2       data     extern C:\MCC18\src\traditional\proc\p18F4620.asm
                   ADRESL   0x000fc3       data     extern C:\MCC18\src\traditional\proc\p18F4620.asm
                    ADRES   0x000fc3       data     extern C:\MCC18\src\traditional\proc\p18F4620.asm
                   ADRESH   0x000fc4       data     extern C:\MCC18\src\traditional\proc\p18F4620.asm
              SSPCON2bits   0x000fc5       data     extern C:\MCC18\src\traditional\proc\p18F4620.asm
                  SSPCON2   0x000fc5       data     extern C:\MCC18\src\traditional\proc\p18F4620.asm
              SSPCON1bits   0x000fc6       data     extern C:\MCC18\src\traditional\proc\p18F4620.asm
                  SSPCON1   0x000fc6       data     extern C:\MCC18\src\traditional\proc\p18F4620.asm
                  SSPSTAT   0x000fc7       data     extern C:\MCC18\src\traditional\proc\p18F4620.asm
              SSPSTATbits   0x000fc7       data     extern C:\MCC18\src\traditional\proc\p18F4620.asm
                   SSPADD   0x000fc8       data     extern C:\MCC18\src\traditional\proc\p18F4620.asm
                   SSPBUF   0x000fc9       data     extern C:\MCC18\src\traditional\proc\p18F4620.asm
                    T2CON   0x000fca       data     extern C:\MCC18\src\traditional\proc\p18F4620.asm
                T2CONbits   0x000fca       data     extern C:\MCC18\src\traditional\proc\p18F4620.asm
                      PR2   0x000fcb       data     extern C:\MCC18\src\traditional\proc\p18F4620.asm
                     TMR2   0x000fcc       data     extern C:\MCC18\src\traditional\proc\p18F4620.asm
                    T1CON   0x000fcd       data     extern C:\MCC18\src\traditional\proc\p18F4620.asm
                T1CONbits   0x000fcd       data     extern C:\MCC18\src\traditional\proc\p18F4620.asm
                    TMR1L   0x000fce       data     extern C:\MCC18\src\traditional\proc\p18F4620.asm
                    TMR1H   0x000fcf       data     extern C:\MCC18\src\traditional\proc\p18F4620.asm
                     RCON   0x000fd0       data     extern C:\MCC18\src\traditional\proc\p18F4620.asm
                 RCONbits   0x000fd0       data     extern C:\MCC18\src\traditional\proc\p18F4620.asm
               WDTCONbits   0x000fd1       data     extern C:\MCC18\src\traditional\proc\p18F4620.asm
                   WDTCON   0x000fd1       data     extern C:\MCC18\src\traditional\proc\p18F4620.asm
              HLVDCONbits   0x000fd2       data     extern C:\MCC18\src\traditional\proc\p18F4620.asm
                  HLVDCON   0x000fd2       data     extern C:\MCC18\src\traditional\proc\p18F4620.asm
                   LVDCON   0x000fd2       data     extern C:\MCC18\src\traditional\proc\p18F4620.asm
               LVDCONbits   0x000fd2       data     extern C:\MCC18\src\traditional\proc\p18F4620.asm
                   OSCCON   0x000fd3       data     extern C:\MCC18\src\traditional\proc\p18F4620.asm
               OSCCONbits   0x000fd3       data     extern C:\MCC18\src\traditional\proc\p18F4620.asm
                    DEBUG   0x000fd4       data     extern C:\MCC18\src\traditional\proc\p18F4620.asm
                T0CONbits   0x000fd5       data     extern C:\MCC18\src\traditional\proc\p18F4620.asm
                    T0CON   0x000fd5       data     extern C:\MCC18\src\traditional\proc\p18F4620.asm
                    TMR0L   0x000fd6       data     extern C:\MCC18\src\traditional\proc\p18F4620.asm
                    TMR0H   0x000fd7       data     extern C:\MCC18\src\traditional\proc\p18F4620.asm
                   STATUS   0x000fd8       data     extern C:\MCC18\src\traditional\proc\p18F4620.asm
               STATUSbits   0x000fd8       data     extern C:\MCC18\src\traditional\proc\p18F4620.asm
                     FSR2   0x000fd9       data     extern C:\MCC18\src\traditional\proc\p18F4620.asm
                    FSR2L   0x000fd9       data     extern C:\MCC18\src\traditional\proc\p18F4620.asm
                    FSR2H   0x000fda       data     extern C:\MCC18\src\traditional\proc\p18F4620.asm
                   PLUSW2   0x000fdb       data     extern C:\MCC18\src\traditional\proc\p18F4620.asm
                  PREINC2   0x000fdc       data     extern C:\MCC18\src\traditional\proc\p18F4620.asm
                 POSTDEC2   0x000fdd       data     extern C:\MCC18\src\traditional\proc\p18F4620.asm
                 POSTINC2   0x000fde       data     extern C:\MCC18\src\traditional\proc\p18F4620.asm
                    INDF2   0x000fdf       data     extern C:\MCC18\src\traditional\proc\p18F4620.asm
                      BSR   0x000fe0       data     extern C:\MCC18\src\traditional\proc\p18F4620.asm
                     FSR1   0x000fe1       data     extern C:\MCC18\src\traditional\proc\p18F4620.asm
                    FSR1L   0x000fe1       data     extern C:\MCC18\src\traditional\proc\p18F4620.asm
                    FSR1H   0x000fe2       data     extern C:\MCC18\src\traditional\proc\p18F4620.asm
                   PLUSW1   0x000fe3       data     extern C:\MCC18\src\traditional\proc\p18F4620.asm
                  PREINC1   0x000fe4       data     extern C:\MCC18\src\traditional\proc\p18F4620.asm
                 POSTDEC1   0x000fe5       data     extern C:\MCC18\src\traditional\proc\p18F4620.asm
                 POSTINC1   0x000fe6       data     extern C:\MCC18\src\traditional\proc\p18F4620.asm
                    INDF1   0x000fe7       data     extern C:\MCC18\src\traditional\proc\p18F4620.asm
                        W   0x000fe8       data     extern C:\MCC18\src\traditional\proc\p18F4620.asm
                     WREG   0x000fe8       data     extern C:\MCC18\src\traditional\proc\p18F4620.asm
                    FSR0L   0x000fe9       data     extern C:\MCC18\src\traditional\proc\p18F4620.asm
                     FSR0   0x000fe9       data     extern C:\MCC18\src\traditional\proc\p18F4620.asm
                    FSR0H   0x000fea       data     extern C:\MCC18\src\traditional\proc\p18F4620.asm
                   PLUSW0   0x000feb       data     extern C:\MCC18\src\traditional\proc\p18F4620.asm
                  PREINC0   0x000fec       data     extern C:\MCC18\src\traditional\proc\p18F4620.asm
                 POSTDEC0   0x000fed       data     extern C:\MCC18\src\traditional\proc\p18F4620.asm
                 POSTINC0   0x000fee       data     extern C:\MCC18\src\traditional\proc\p18F4620.asm
                    INDF0   0x000fef       data     extern C:\MCC18\src\traditional\proc\p18F4620.asm
              INTCON3bits   0x000ff0       data     extern C:\MCC18\src\traditional\proc\p18F4620.asm
                  INTCON3   0x000ff0       data     extern C:\MCC18\src\traditional\proc\p18F4620.asm
              INTCON2bits   0x000ff1       data     extern C:\MCC18\src\traditional\proc\p18F4620.asm
                  INTCON2   0x000ff1       data     extern C:\MCC18\src\traditional\proc\p18F4620.asm
               INTCONbits   0x000ff2       data     extern C:\MCC18\src\traditional\proc\p18F4620.asm
                   INTCON   0x000ff2       data     extern C:\MCC18\src\traditional\proc\p18F4620.asm
                    PRODL   0x000ff3       data     extern C:\MCC18\src\traditional\proc\p18F4620.asm
                     PROD   0x000ff3       data     extern C:\MCC18\src\traditional\proc\p18F4620.asm
                    PRODH   0x000ff4       data     extern C:\MCC18\src\traditional\proc\p18F4620.asm
                   TABLAT   0x000ff5       data     extern C:\MCC18\src\traditional\proc\p18F4620.asm
                  TBLPTRL   0x000ff6       data     extern C:\MCC18\src\traditional\proc\p18F4620.asm
                   TBLPTR   0x000ff6       data     extern C:\MCC18\src\traditional\proc\p18F4620.asm
                  TBLPTRH   0x000ff7       data     extern C:\MCC18\src\traditional\proc\p18F4620.asm
                  TBLPTRU   0x000ff8       data     extern C:\MCC18\src\traditional\proc\p18F4620.asm
                      PCL   0x000ff9       data     extern C:\MCC18\src\traditional\proc\p18F4620.asm
                       PC   0x000ff9       data     extern C:\MCC18\src\traditional\proc\p18F4620.asm
                   PCLATH   0x000ffa       data     extern C:\MCC18\src\traditional\proc\p18F4620.asm
                   PCLATU   0x000ffb       data     extern C:\MCC18\src\traditional\proc\p18F4620.asm
               STKPTRbits   0x000ffc       data     extern C:\MCC18\src\traditional\proc\p18F4620.asm
                   STKPTR   0x000ffc       data     extern C:\MCC18\src\traditional\proc\p18F4620.asm
                     TOSL   0x000ffd       data     extern C:\MCC18\src\traditional\proc\p18F4620.asm
                      TOS   0x000ffd       data     extern C:\MCC18\src\traditional\proc\p18F4620.asm
                     TOSH   0x000ffe       data     extern C:\MCC18\src\traditional\proc\p18F4620.asm
                     TOSU   0x000fff       data     extern C:\MCC18\src\traditional\proc\p18F4620.asm


